{"level":"info","message":"Получение заданий для пользователя ID: 3","timestamp":"2026-04-10 13:59:53"}
{"level":"info","message":"Получение заданий для пользователя ID: 3","timestamp":"2026-04-10 13:59:53"}
{"assignmentId":59,"level":"info","message":"Получение состава команды проекта","timestamp":"2026-04-10 13:59:53"}
{"level":"info","message":"Получение ожидающих приглашений пользователя","timestamp":"2026-04-10 13:59:53","userId":3}
{"assignmentId":59,"level":"info","message":"Получение состава команды проекта","timestamp":"2026-04-10 13:59:53"}
{"level":"info","message":"Получение ожидающих приглашений пользователя","timestamp":"2026-04-10 13:59:53","userId":3}
{"level":"info","message":"Получение ожидающих приглашений пользователя","timestamp":"2026-04-10 13:59:53","userId":3}
{"level":"info","message":"Получение ожидающих приглашений пользователя","timestamp":"2026-04-10 13:59:53","userId":3}
{"level":"info","message":"Получение заданий для пользователя ID: 3","timestamp":"2026-04-10 13:59:53"}
{"level":"info","message":"Получение ожидающих приглашений пользователя","timestamp":"2026-04-10 13:59:53","userId":3}
{"level":"info","message":"Получение ожидающих приглашений пользователя","timestamp":"2026-04-10 13:59:53","userId":3}
{"level":"info","message":"Получение заданий для пользователя ID: 3","timestamp":"2026-04-10 13:59:53"}
{"level":"info","message":"Получение ожидающих приглашений пользователя","timestamp":"2026-04-10 13:59:53","userId":3}
{"level":"info","message":"Получение ожидающих приглашений пользователя","timestamp":"2026-04-10 13:59:53","userId":3}
{"level":"info","message":"Получение заданий для пользователя ID: 3","timestamp":"2026-04-10 13:59:53"}
{"level":"info","message":"Получение ожидающих приглашений пользователя","timestamp":"2026-04-10 13:59:53","userId":3}
{"level":"info","message":"Получение ожидающих приглашений пользователя","timestamp":"2026-04-10 13:59:53","userId":3}
{"assignmentId":59,"level":"info","message":"Получение состава команды проекта","timestamp":"2026-04-10 13:59:53"}
{"assignmentId":59,"level":"info","message":"Получение состава команды проекта","timestamp":"2026-04-10 13:59:53"}
{"assignmentId":59,"level":"info","message":"Удаление задания","timestamp":"2026-04-10 14:00:00"}
{"assignmentId":59,"level":"info","message":"Задание успешно удалено","timestamp":"2026-04-10 14:00:00"}
{"level":"info","message":"Получение заданий для пользователя ID: 3","timestamp":"2026-04-10 14:00:00"}
{"level":"info","message":"Получение ожидающих приглашений пользователя","timestamp":"2026-04-10 14:00:13","userId":3}
{"level":"info","message":"Получение заданий для пользователя ID: 3","timestamp":"2026-04-10 14:00:13"}
{"level":"info","message":"Получение заданий для пользователя ID: 3","timestamp":"2026-04-10 14:00:13"}
{"level":"info","message":"Получение ожидающих приглашений пользователя","timestamp":"2026-04-10 14:00:13","userId":3}
{"level":"info","message":"Получение ожидающих приглашений пользователя","timestamp":"2026-04-10 14:00:13","userId":3}
{"level":"info","message":"Получение ожидающих приглашений пользователя","timestamp":"2026-04-10 14:00:13","userId":3}
{"level":"info","message":"Получение заданий для пользователя ID: 3","timestamp":"2026-04-10 14:00:15"}
{"level":"info","message":"Получение ожидающих приглашений пользователя","timestamp":"2026-04-10 14:00:15","userId":3}
{"level":"info","message":"Получение заданий для пользователя ID: 3","timestamp":"2026-04-10 14:00:15"}
{"level":"info","message":"Получение ожидающих приглашений пользователя","timestamp":"2026-04-10 14:00:15","userId":3}
{"level":"info","message":"Получение заданий для пользователя ID: 3","timestamp":"2026-04-10 14:00:15"}
{"level":"info","message":"Получение ожидающих приглашений пользователя","timestamp":"2026-04-10 14:00:15","userId":3}
{"level":"info","message":"Получение ожидающих приглашений пользователя","timestamp":"2026-04-10 14:00:15","userId":3}
{"level":"info","message":"Получение заданий для пользователя ID: 3","timestamp":"2026-04-10 14:00:15"}
{"level":"info","message":"Получение ожидающих приглашений пользователя","timestamp":"2026-04-10 14:00:15","userId":3}
{"level":"info","message":"Получение ожидающих приглашений пользователя","timestamp":"2026-04-10 14:00:15","userId":3}
{"level":"info","message":"Получение заданий для пользователя ID: 3","timestamp":"2026-04-10 14:00:15"}
{"level":"info","message":"Получение ожидающих приглашений пользователя","timestamp":"2026-04-10 14:00:15","userId":3}
{"level":"info","message":"Получение ожидающих приглашений пользователя","timestamp":"2026-04-10 14:00:15","userId":3}
{"level":"info","message":"Получение ожидающих приглашений пользователя","timestamp":"2026-04-10 14:00:15","userId":3}
{"level":"info","message":"Получение ожидающих приглашений пользователя","timestamp":"2026-04-10 14:00:15","userId":3}
{"level":"info","message":"Получение заданий для пользователя ID: 3","timestamp":"2026-04-10 14:00:46"}
{"level":"info","message":"Получение ожидающих приглашений пользователя","timestamp":"2026-04-10 14:00:46","userId":3}
{"level":"info","message":"Получение ожидающих приглашений пользователя","timestamp":"2026-04-10 14:00:46","userId":3}
{"level":"info","message":"Получение заданий для пользователя ID: 3","timestamp":"2026-04-10 14:00:46"}
{"level":"info","message":"Получение ожидающих приглашений пользователя","timestamp":"2026-04-10 14:00:46","userId":3}
{"level":"info","message":"Получение ожидающих приглашений пользователя","timestamp":"2026-04-10 14:00:46","userId":3}
{"level":"info","message":"Получение заданий для пользователя ID: 3","timestamp":"2026-04-10 14:00:46"}
{"level":"info","message":"Получение ожидающих приглашений пользователя","timestamp":"2026-04-10 14:00:46","userId":3}
{"level":"info","message":"Получение ожидающих приглашений пользователя","timestamp":"2026-04-10 14:00:46","userId":3}
{"level":"info","message":"Получение заданий для пользователя ID: 3","timestamp":"2026-04-10 14:01:17"}
{"level":"info","message":"Получение ожидающих приглашений пользователя","timestamp":"2026-04-10 14:01:17","userId":3}
{"level":"info","message":"Получение ожидающих приглашений пользователя","timestamp":"2026-04-10 14:01:17","userId":3}
{"level":"info","message":"Получение заданий для пользователя ID: 3","timestamp":"2026-04-10 14:01:17"}
{"level":"info","message":"Получение ожидающих приглашений пользователя","timestamp":"2026-04-10 14:01:17","userId":3}
{"level":"info","message":"Получение ожидающих приглашений пользователя","timestamp":"2026-04-10 14:01:17","userId":3}
{"level":"info","message":"Получение заданий для пользователя ID: 3","timestamp":"2026-04-10 14:01:17"}
{"level":"info","message":"Получение ожидающих приглашений пользователя","timestamp":"2026-04-10 14:01:17","userId":3}
{"level":"info","message":"Получение ожидающих приглашений пользователя","timestamp":"2026-04-10 14:01:17","userId":3}
{"level":"info","message":"Получение заданий для пользователя ID: 3","timestamp":"2026-04-10 14:01:48"}
{"level":"info","message":"Получение ожидающих приглашений пользователя","timestamp":"2026-04-10 14:01:48","userId":3}
{"level":"info","message":"Получение ожидающих приглашений пользователя","timestamp":"2026-04-10 14:01:48","userId":3}
{"level":"info","message":"Получение заданий для пользователя ID: 3","timestamp":"2026-04-10 14:01:48"}
{"level":"info","message":"Получение ожидающих приглашений пользователя","timestamp":"2026-04-10 14:01:48","userId":3}
{"level":"info","message":"Получение ожидающих приглашений пользователя","timestamp":"2026-04-10 14:01:48","userId":3}
{"level":"info","message":"Получение заданий для пользователя ID: 3","timestamp":"2026-04-10 14:01:48"}
{"level":"info","message":"Получение ожидающих приглашений пользователя","timestamp":"2026-04-10 14:01:48","userId":3}
{"level":"info","message":"Получение ожидающих приглашений пользователя","timestamp":"2026-04-10 14:01:48","userId":3}
{"level":"info","message":"Получение заданий для пользователя ID: 3","timestamp":"2026-04-10 14:02:19"}
{"level":"info","message":"Получение ожидающих приглашений пользователя","timestamp":"2026-04-10 14:02:19","userId":3}
{"level":"info","message":"Получение ожидающих приглашений пользователя","timestamp":"2026-04-10 14:02:19","userId":3}
{"level":"info","message":"Получение заданий для пользователя ID: 3","timestamp":"2026-04-10 14:02:19"}
{"level":"info","message":"Получение ожидающих приглашений пользователя","timestamp":"2026-04-10 14:02:19","userId":3}
{"level":"info","message":"Получение ожидающих приглашений пользователя","timestamp":"2026-04-10 14:02:19","userId":3}
{"level":"info","message":"Получение заданий для пользователя ID: 3","timestamp":"2026-04-10 14:02:19"}
{"level":"info","message":"Получение ожидающих приглашений пользователя","timestamp":"2026-04-10 14:02:19","userId":3}
{"level":"info","message":"Получение ожидающих приглашений пользователя","timestamp":"2026-04-10 14:02:19","userId":3}
{"level":"info","message":"Получение заданий для пользователя ID: 3","timestamp":"2026-04-10 14:02:50"}
{"level":"info","message":"Получение ожидающих приглашений пользователя","timestamp":"2026-04-10 14:02:50","userId":3}
{"level":"info","message":"Получение ожидающих приглашений пользователя","timestamp":"2026-04-10 14:02:50","userId":3}
{"level":"info","message":"Получение заданий для пользователя ID: 3","timestamp":"2026-04-10 14:02:50"}
{"level":"info","message":"Получение ожидающих приглашений пользователя","timestamp":"2026-04-10 14:02:50","userId":3}
{"level":"info","message":"Получение ожидающих приглашений пользователя","timestamp":"2026-04-10 14:02:50","userId":3}
{"level":"info","message":"Получение заданий для пользователя ID: 3","timestamp":"2026-04-10 14:02:50"}
{"level":"info","message":"Получение ожидающих приглашений пользователя","timestamp":"2026-04-10 14:02:50","userId":3}
{"level":"info","message":"Получение ожидающих приглашений пользователя","timestamp":"2026-04-10 14:02:50","userId":3}
{"level":"info","message":"Получение заданий для пользователя ID: 3","timestamp":"2026-04-10 14:03:21"}
{"level":"info","message":"Получение ожидающих приглашений пользователя","timestamp":"2026-04-10 14:03:21","userId":3}
{"level":"info","message":"Получение ожидающих приглашений пользователя","timestamp":"2026-04-10 14:03:21","userId":3}
{"level":"info","message":"Получение заданий для пользователя ID: 3","timestamp":"2026-04-10 14:03:21"}
{"level":"info","message":"Получение ожидающих приглашений пользователя","timestamp":"2026-04-10 14:03:21","userId":3}
{"level":"info","message":"Получение ожидающих приглашений пользователя","timestamp":"2026-04-10 14:03:21","userId":3}
{"level":"info","message":"Получение заданий для пользователя ID: 3","timestamp":"2026-04-10 14:03:21"}
{"level":"info","message":"Получение ожидающих приглашений пользователя","timestamp":"2026-04-10 14:03:21","userId":3}
{"level":"info","message":"Получение ожидающих приглашений пользователя","timestamp":"2026-04-10 14:03:21","userId":3}
{"level":"info","message":"Получение ожидающих приглашений пользователя","timestamp":"2026-04-10 14:03:52","userId":3}
{"level":"info","message":"Получение заданий для пользователя ID: 3","timestamp":"2026-04-10 14:03:52"}
{"level":"info","message":"Получение ожидающих приглашений пользователя","timestamp":"2026-04-10 14:03:52","userId":3}
{"level":"info","message":"Получение заданий для пользователя ID: 3","timestamp":"2026-04-10 14:03:52"}
{"level":"info","message":"Получение ожидающих приглашений пользователя","timestamp":"2026-04-10 14:03:52","userId":3}
{"level":"info","message":"Получение ожидающих приглашений пользователя","timestamp":"2026-04-10 14:03:52","userId":3}
{"level":"info","message":"Получение заданий для пользователя ID: 3","timestamp":"2026-04-10 14:03:52"}
{"level":"info","message":"Получение ожидающих приглашений пользователя","timestamp":"2026-04-10 14:03:52","userId":3}
{"level":"info","message":"Получение ожидающих приглашений пользователя","timestamp":"2026-04-10 14:03:52","userId":3}
{"level":"info","message":"Получение заданий для пользователя ID: 3","timestamp":"2026-04-10 14:04:23"}
{"level":"info","message":"Получение ожидающих приглашений пользователя","timestamp":"2026-04-10 14:04:23","userId":3}
{"level":"info","message":"Получение ожидающих приглашений пользователя","timestamp":"2026-04-10 14:04:23","userId":3}
{"level":"info","message":"Получение заданий для пользователя ID: 3","timestamp":"2026-04-10 14:04:23"}
{"level":"info","message":"Получение ожидающих приглашений пользователя","timestamp":"2026-04-10 14:04:23","userId":3}
{"level":"info","message":"Получение ожидающих приглашений пользователя","timestamp":"2026-04-10 14:04:23","userId":3}
{"level":"info","message":"Получение заданий для пользователя ID: 3","timestamp":"2026-04-10 14:04:23"}
{"level":"info","message":"Получение ожидающих приглашений пользователя","timestamp":"2026-04-10 14:04:23","userId":3}
{"level":"info","message":"Получение ожидающих приглашений пользователя","timestamp":"2026-04-10 14:04:23","userId":3}
{"level":"info","message":"Получение заданий для пользователя ID: 3","timestamp":"2026-04-10 14:04:54"}
{"level":"info","message":"Получение ожидающих приглашений пользователя","timestamp":"2026-04-10 14:04:54","userId":3}
{"level":"info","message":"Получение ожидающих приглашений пользователя","timestamp":"2026-04-10 14:04:54","userId":3}
{"level":"info","message":"Получение заданий для пользователя ID: 3","timestamp":"2026-04-10 14:04:54"}
{"level":"info","message":"Получение ожидающих приглашений пользователя","timestamp":"2026-04-10 14:04:54","userId":3}
{"level":"info","message":"Получение ожидающих приглашений пользователя","timestamp":"2026-04-10 14:04:54","userId":3}
{"level":"info","message":"Получение заданий для пользователя ID: 3","timestamp":"2026-04-10 14:04:54"}
{"level":"info","message":"Получение ожидающих приглашений пользователя","timestamp":"2026-04-10 14:04:54","userId":3}
{"level":"info","message":"Получение ожидающих приглашений пользователя","timestamp":"2026-04-10 14:04:54","userId":3}
{"level":"info","message":"Получение заданий для пользователя ID: 3","timestamp":"2026-04-10 14:05:25"}
{"level":"info","message":"Получение ожидающих приглашений пользователя","timestamp":"2026-04-10 14:05:25","userId":3}
{"level":"info","message":"Получение ожидающих приглашений пользователя","timestamp":"2026-04-10 14:05:25","userId":3}
{"level":"info","message":"Получение заданий для пользователя ID: 3","timestamp":"2026-04-10 14:05:25"}
{"level":"info","message":"Получение ожидающих приглашений пользователя","timestamp":"2026-04-10 14:05:25","userId":3}
{"level":"info","message":"Получение ожидающих приглашений пользователя","timestamp":"2026-04-10 14:05:25","userId":3}
{"level":"info","message":"Получение заданий для пользователя ID: 3","timestamp":"2026-04-10 14:05:25"}
{"level":"info","message":"Получение ожидающих приглашений пользователя","timestamp":"2026-04-10 14:05:25","userId":3}
{"level":"info","message":"Получение ожидающих приглашений пользователя","timestamp":"2026-04-10 14:05:25","userId":3}
{"level":"info","message":"Получение заданий для пользователя ID: 3","timestamp":"2026-04-10 14:05:56"}
{"level":"info","message":"Получение ожидающих приглашений пользователя","timestamp":"2026-04-10 14:05:56","userId":3}
{"level":"info","message":"Получение ожидающих приглашений пользователя","timestamp":"2026-04-10 14:05:56","userId":3}
{"level":"info","message":"Получение заданий для пользователя ID: 3","timestamp":"2026-04-10 14:05:56"}
{"level":"info","message":"Получение ожидающих приглашений пользователя","timestamp":"2026-04-10 14:05:56","userId":3}
{"level":"info","message":"Получение ожидающих приглашений пользователя","timestamp":"2026-04-10 14:05:56","userId":3}
{"level":"info","message":"Получение заданий для пользователя ID: 3","timestamp":"2026-04-10 14:05:56"}
{"level":"info","message":"Получение ожидающих приглашений пользователя","timestamp":"2026-04-10 14:05:56","userId":3}
{"level":"info","message":"Получение ожидающих приглашений пользователя","timestamp":"2026-04-10 14:05:56","userId":3}
{"level":"info","message":"Получение ожидающих приглашений пользователя","timestamp":"2026-04-10 14:06:27","userId":3}
{"level":"info","message":"Получение заданий для пользователя ID: 3","timestamp":"2026-04-10 14:06:27"}
{"level":"info","message":"Получение заданий для пользователя ID: 3","timestamp":"2026-04-10 14:06:27"}
{"level":"info","message":"Получение заданий для пользователя ID: 3","timestamp":"2026-04-10 14:06:27"}
{"level":"info","message":"Получение ожидающих приглашений пользователя","timestamp":"2026-04-10 14:06:27","userId":3}
{"level":"info","message":"Получение ожидающих приглашений пользователя","timestamp":"2026-04-10 14:06:27","userId":3}
{"level":"info","message":"Получение ожидающих приглашений пользователя","timestamp":"2026-04-10 14:06:27","userId":3}
{"level":"info","message":"Получение ожидающих приглашений пользователя","timestamp":"2026-04-10 14:06:27","userId":3}
{"level":"info","message":"Получение ожидающих приглашений пользователя","timestamp":"2026-04-10 14:06:27","userId":3}
{"level":"info","message":"Получение заданий для пользователя ID: 3","timestamp":"2026-04-10 14:06:58"}
{"level":"info","message":"Получение ожидающих приглашений пользователя","timestamp":"2026-04-10 14:06:58","userId":3}
{"level":"info","message":"Получение ожидающих приглашений пользователя","timestamp":"2026-04-10 14:06:58","userId":3}
{"level":"info","message":"Получение заданий для пользователя ID: 3","timestamp":"2026-04-10 14:06:58"}
{"level":"info","message":"Получение ожидающих приглашений пользователя","timestamp":"2026-04-10 14:06:58","userId":3}
{"level":"info","message":"Получение заданий для пользователя ID: 3","timestamp":"2026-04-10 14:06:58"}
{"level":"info","message":"Получение ожидающих приглашений пользователя","timestamp":"2026-04-10 14:06:58","userId":3}
{"level":"info","message":"Получение ожидающих приглашений пользователя","timestamp":"2026-04-10 14:06:58","userId":3}
{"level":"info","message":"Получение ожидающих приглашений пользователя","timestamp":"2026-04-10 14:06:58","userId":3}
{"level":"info","message":"Получение заданий для пользователя ID: 3","timestamp":"2026-04-10 14:07:29"}
{"level":"info","message":"Получение ожидающих приглашений пользователя","timestamp":"2026-04-10 14:07:29","userId":3}
{"level":"info","message":"Получение заданий для пользователя ID: 3","timestamp":"2026-04-10 14:07:29"}
{"level":"info","message":"Получение ожидающих приглашений пользователя","timestamp":"2026-04-10 14:07:29","userId":3}
{"level":"info","message":"Получение ожидающих приглашений пользователя","timestamp":"2026-04-10 14:07:29","userId":3}
{"level":"info","message":"Получение заданий для пользователя ID: 3","timestamp":"2026-04-10 14:07:29"}
{"level":"info","message":"Получение ожидающих приглашений пользователя","timestamp":"2026-04-10 14:07:29","userId":3}
{"level":"info","message":"Получение ожидающих приглашений пользователя","timestamp":"2026-04-10 14:07:29","userId":3}
{"level":"info","message":"Получение ожидающих приглашений пользователя","timestamp":"2026-04-10 14:07:29","userId":3}
{"level":"info","message":"Получение ожидающих приглашений пользователя","timestamp":"2026-04-10 14:08:00","userId":3}
{"level":"info","message":"Получение заданий для пользователя ID: 3","timestamp":"2026-04-10 14:08:00"}
{"level":"info","message":"Получение ожидающих приглашений пользователя","timestamp":"2026-04-10 14:08:00","userId":3}
{"level":"info","message":"Получение заданий для пользователя ID: 3","timestamp":"2026-04-10 14:08:00"}
{"level":"info","message":"Получение ожидающих приглашений пользователя","timestamp":"2026-04-10 14:08:00","userId":3}
{"level":"info","message":"Получение ожидающих приглашений пользователя","timestamp":"2026-04-10 14:08:00","userId":3}
{"level":"info","message":"Получение заданий для пользователя ID: 3","timestamp":"2026-04-10 14:08:00"}
{"level":"info","message":"Получение ожидающих приглашений пользователя","timestamp":"2026-04-10 14:08:00","userId":3}
{"level":"info","message":"Получение ожидающих приглашений пользователя","timestamp":"2026-04-10 14:08:00","userId":3}
{"level":"info","message":"Получение заданий для пользователя ID: 3","timestamp":"2026-04-10 14:08:31"}
{"level":"info","message":"Получение ожидающих приглашений пользователя","timestamp":"2026-04-10 14:08:31","userId":3}
{"level":"info","message":"Получение ожидающих приглашений пользователя","timestamp":"2026-04-10 14:08:31","userId":3}
{"level":"info","message":"Получение заданий для пользователя ID: 3","timestamp":"2026-04-10 14:08:31"}
{"level":"info","message":"Получение ожидающих приглашений пользователя","timestamp":"2026-04-10 14:08:31","userId":3}
{"level":"info","message":"Получение ожидающих приглашений пользователя","timestamp":"2026-04-10 14:08:31","userId":3}
{"level":"info","message":"Получение заданий для пользователя ID: 3","timestamp":"2026-04-10 14:08:31"}
{"level":"info","message":"Получение ожидающих приглашений пользователя","timestamp":"2026-04-10 14:08:31","userId":3}
{"level":"info","message":"Получение ожидающих приглашений пользователя","timestamp":"2026-04-10 14:08:31","userId":3}
{"level":"info","message":"Получение ожидающих приглашений пользователя","timestamp":"2026-04-10 14:09:02","userId":3}
{"level":"info","message":"Получение заданий для пользователя ID: 3","timestamp":"2026-04-10 14:09:02"}
{"level":"info","message":"Получение ожидающих приглашений пользователя","timestamp":"2026-04-10 14:09:02","userId":3}
{"level":"info","message":"Получение заданий для пользователя ID: 3","timestamp":"2026-04-10 14:09:02"}
{"level":"info","message":"Получение ожидающих приглашений пользователя","timestamp":"2026-04-10 14:09:02","userId":3}
{"level":"info","message":"Получение ожидающих приглашений пользователя","timestamp":"2026-04-10 14:09:02","userId":3}
{"level":"info","message":"Получение заданий для пользователя ID: 3","timestamp":"2026-04-10 14:09:02"}
{"level":"info","message":"Получение ожидающих приглашений пользователя","timestamp":"2026-04-10 14:09:02","userId":3}
{"level":"info","message":"Получение ожидающих приглашений пользователя","timestamp":"2026-04-10 14:09:02","userId":3}
{"level":"info","message":"Получение заданий для пользователя ID: 3","timestamp":"2026-04-10 14:09:33"}
{"level":"info","message":"Получение ожидающих приглашений пользователя","timestamp":"2026-04-10 14:09:33","userId":3}
{"level":"info","message":"Получение ожидающих приглашений пользователя","timestamp":"2026-04-10 14:09:33","userId":3}
{"level":"info","message":"Получение заданий для пользователя ID: 3","timestamp":"2026-04-10 14:09:33"}
{"level":"info","message":"Получение ожидающих приглашений пользователя","timestamp":"2026-04-10 14:09:33","userId":3}
{"level":"info","message":"Получение ожидающих приглашений пользователя","timestamp":"2026-04-10 14:09:33","userId":3}
{"level":"info","message":"Получение заданий для пользователя ID: 3","timestamp":"2026-04-10 14:09:33"}
{"level":"info","message":"Получение ожидающих приглашений пользователя","timestamp":"2026-04-10 14:09:33","userId":3}
{"level":"info","message":"Получение ожидающих приглашений пользователя","timestamp":"2026-04-10 14:09:33","userId":3}
{"level":"info","message":"Получение ожидающих приглашений пользователя","timestamp":"2026-04-10 14:10:04","userId":3}
{"level":"info","message":"Получение заданий для пользователя ID: 3","timestamp":"2026-04-10 14:10:04"}
{"level":"info","message":"Получение ожидающих приглашений пользователя","timestamp":"2026-04-10 14:10:04","userId":3}
{"level":"info","message":"Получение заданий для пользователя ID: 3","timestamp":"2026-04-10 14:10:04"}
{"level":"info","message":"Получение ожидающих приглашений пользователя","timestamp":"2026-04-10 14:10:04","userId":3}
{"level":"info","message":"Получение ожидающих приглашений пользователя","timestamp":"2026-04-10 14:10:04","userId":3}
{"level":"info","message":"Получение заданий для пользователя ID: 3","timestamp":"2026-04-10 14:10:04"}
{"level":"info","message":"Получение ожидающих приглашений пользователя","timestamp":"2026-04-10 14:10:04","userId":3}
{"level":"info","message":"Получение ожидающих приглашений пользователя","timestamp":"2026-04-10 14:10:04","userId":3}
{"level":"info","message":"Получение ожидающих приглашений пользователя","timestamp":"2026-04-10 14:10:35","userId":3}
{"level":"info","message":"Получение заданий для пользователя ID: 3","timestamp":"2026-04-10 14:10:35"}
{"level":"info","message":"Получение заданий для пользователя ID: 3","timestamp":"2026-04-10 14:10:35"}
{"level":"info","message":"Получение ожидающих приглашений пользователя","timestamp":"2026-04-10 14:10:35","userId":3}
{"level":"info","message":"Получение ожидающих приглашений пользователя","timestamp":"2026-04-10 14:10:35","userId":3}
{"level":"info","message":"Получение ожидающих приглашений пользователя","timestamp":"2026-04-10 14:10:35","userId":3}
{"level":"info","message":"Получение заданий для пользователя ID: 3","timestamp":"2026-04-10 14:10:35"}
{"level":"info","message":"Получение ожидающих приглашений пользователя","timestamp":"2026-04-10 14:10:35","userId":3}
{"level":"info","message":"Получение ожидающих приглашений пользователя","timestamp":"2026-04-10 14:10:35","userId":3}
{"level":"info","message":"Получение заданий для пользователя ID: 3","timestamp":"2026-04-10 14:11:06"}
{"level":"info","message":"Получение ожидающих приглашений пользователя","timestamp":"2026-04-10 14:11:06","userId":3}
{"level":"info","message":"Получение ожидающих приглашений пользователя","timestamp":"2026-04-10 14:11:06","userId":3}
{"level":"info","message":"Получение заданий для пользователя ID: 3","timestamp":"2026-04-10 14:11:06"}
{"level":"info","message":"Получение ожидающих приглашений пользователя","timestamp":"2026-04-10 14:11:06","userId":3}
{"level":"info","message":"Получение ожидающих приглашений пользователя","timestamp":"2026-04-10 14:11:06","userId":3}
{"level":"info","message":"Получение заданий для пользователя ID: 3","timestamp":"2026-04-10 14:11:06"}
{"level":"info","message":"Получение ожидающих приглашений пользователя","timestamp":"2026-04-10 14:11:06","userId":3}
{"level":"info","message":"Получение ожидающих приглашений пользователя","timestamp":"2026-04-10 14:11:06","userId":3}
{"level":"info","message":"Получение ожидающих приглашений пользователя","timestamp":"2026-04-10 14:11:37","userId":3}
{"level":"info","message":"Получение заданий для пользователя ID: 3","timestamp":"2026-04-10 14:11:37"}
{"level":"info","message":"Получение заданий для пользователя ID: 3","timestamp":"2026-04-10 14:11:37"}
{"level":"info","message":"Получение заданий для пользователя ID: 3","timestamp":"2026-04-10 14:11:37"}
{"level":"info","message":"Получение ожидающих приглашений пользователя","timestamp":"2026-04-10 14:11:37","userId":3}
{"level":"info","message":"Получение ожидающих приглашений пользователя","timestamp":"2026-04-10 14:11:37","userId":3}
{"level":"info","message":"Получение ожидающих приглашений пользователя","timestamp":"2026-04-10 14:11:37","userId":3}
{"level":"info","message":"Получение ожидающих приглашений пользователя","timestamp":"2026-04-10 14:11:37","userId":3}
{"level":"info","message":"Получение ожидающих приглашений пользователя","timestamp":"2026-04-10 14:11:37","userId":3}
{"level":"info","message":"Получение заданий для пользователя ID: 3","timestamp":"2026-04-10 14:12:08"}
{"level":"info","message":"Получение ожидающих приглашений пользователя","timestamp":"2026-04-10 14:12:08","userId":3}
{"level":"info","message":"Получение ожидающих приглашений пользователя","timestamp":"2026-04-10 14:12:08","userId":3}
{"level":"info","message":"Получение заданий для пользователя ID: 3","timestamp":"2026-04-10 14:12:08"}
{"level":"info","message":"Получение ожидающих приглашений пользователя","timestamp":"2026-04-10 14:12:08","userId":3}
{"level":"info","message":"Получение заданий для пользователя ID: 3","timestamp":"2026-04-10 14:12:08"}
{"level":"info","message":"Получение ожидающих приглашений пользователя","timestamp":"2026-04-10 14:12:08","userId":3}
{"level":"info","message":"Получение ожидающих приглашений пользователя","timestamp":"2026-04-10 14:12:08","userId":3}
{"level":"info","message":"Получение ожидающих приглашений пользователя","timestamp":"2026-04-10 14:12:08","userId":3}
{"level":"info","message":"Получение заданий для пользователя ID: 3","timestamp":"2026-04-10 14:12:39"}
{"level":"info","message":"Получение ожидающих приглашений пользователя","timestamp":"2026-04-10 14:12:39","userId":3}
{"level":"info","message":"Получение ожидающих приглашений пользователя","timestamp":"2026-04-10 14:12:39","userId":3}
{"level":"info","message":"Получение заданий для пользователя ID: 3","timestamp":"2026-04-10 14:12:39"}
{"level":"info","message":"Получение ожидающих приглашений пользователя","timestamp":"2026-04-10 14:12:39","userId":3}
{"level":"info","message":"Получение заданий для пользователя ID: 3","timestamp":"2026-04-10 14:12:39"}
{"level":"info","message":"Получение ожидающих приглашений пользователя","timestamp":"2026-04-10 14:12:39","userId":3}
{"level":"info","message":"Получение ожидающих приглашений пользователя","timestamp":"2026-04-10 14:12:39","userId":3}
{"level":"info","message":"Получение ожидающих приглашений пользователя","timestamp":"2026-04-10 14:12:39","userId":3}
{"level":"info","message":"Получение ожидающих приглашений пользователя","timestamp":"2026-04-10 14:13:10","userId":3}
{"level":"info","message":"Получение заданий для пользователя ID: 3","timestamp":"2026-04-10 14:13:10"}
{"level":"info","message":"Получение ожидающих приглашений пользователя","timestamp":"2026-04-10 14:13:10","userId":3}
{"level":"info","message":"Получение заданий для пользователя ID: 3","timestamp":"2026-04-10 14:13:10"}
{"level":"info","message":"Получение ожидающих приглашений пользователя","timestamp":"2026-04-10 14:13:10","userId":3}
{"level":"info","message":"Получение ожидающих приглашений пользователя","timestamp":"2026-04-10 14:13:10","userId":3}
{"level":"info","message":"Получение заданий для пользователя ID: 3","timestamp":"2026-04-10 14:13:10"}
{"level":"info","message":"Получение ожидающих приглашений пользователя","timestamp":"2026-04-10 14:13:10","userId":3}
{"level":"info","message":"Получение ожидающих приглашений пользователя","timestamp":"2026-04-10 14:13:10","userId":3}
{"level":"info","message":"Получение заданий для пользователя ID: 3","timestamp":"2026-04-10 14:13:41"}
{"level":"info","message":"Получение ожидающих приглашений пользователя","timestamp":"2026-04-10 14:13:41","userId":3}
{"level":"info","message":"Получение ожидающих приглашений пользователя","timestamp":"2026-04-10 14:13:41","userId":3}
{"level":"info","message":"Получение заданий для пользователя ID: 3","timestamp":"2026-04-10 14:13:41"}
{"level":"info","message":"Получение ожидающих приглашений пользователя","timestamp":"2026-04-10 14:13:41","userId":3}
{"level":"info","message":"Получение ожидающих приглашений пользователя","timestamp":"2026-04-10 14:13:41","userId":3}
{"level":"info","message":"Получение заданий для пользователя ID: 3","timestamp":"2026-04-10 14:13:41"}
{"level":"info","message":"Получение ожидающих приглашений пользователя","timestamp":"2026-04-10 14:13:41","userId":3}
{"level":"info","message":"Получение ожидающих приглашений пользователя","timestamp":"2026-04-10 14:13:41","userId":3}
{"level":"info","message":"Получение заданий для пользователя ID: 3","timestamp":"2026-04-10 14:14:12"}
{"level":"info","message":"Получение ожидающих приглашений пользователя","timestamp":"2026-04-10 14:14:12","userId":3}
{"level":"info","message":"Получение ожидающих приглашений пользователя","timestamp":"2026-04-10 14:14:12","userId":3}
{"level":"info","message":"Получение заданий для пользователя ID: 3","timestamp":"2026-04-10 14:14:12"}
{"level":"info","message":"Получение ожидающих приглашений пользователя","timestamp":"2026-04-10 14:14:12","userId":3}
{"level":"info","message":"Получение ожидающих приглашений пользователя","timestamp":"2026-04-10 14:14:12","userId":3}
{"level":"info","message":"Получение заданий для пользователя ID: 3","timestamp":"2026-04-10 14:14:12"}
{"level":"info","message":"Получение ожидающих приглашений пользователя","timestamp":"2026-04-10 14:14:12","userId":3}
{"level":"info","message":"Получение ожидающих приглашений пользователя","timestamp":"2026-04-10 14:14:12","userId":3}
{"level":"info","message":"Получение заданий для пользователя ID: 3","timestamp":"2026-04-10 14:14:43"}
{"level":"info","message":"Получение ожидающих приглашений пользователя","timestamp":"2026-04-10 14:14:43","userId":3}
{"level":"info","message":"Получение ожидающих приглашений пользователя","timestamp":"2026-04-10 14:14:43","userId":3}
{"level":"info","message":"Получение заданий для пользователя ID: 3","timestamp":"2026-04-10 14:14:43"}
{"level":"info","message":"Получение ожидающих приглашений пользователя","timestamp":"2026-04-10 14:14:43","userId":3}
{"level":"info","message":"Получение ожидающих приглашений пользователя","timestamp":"2026-04-10 14:14:43","userId":3}
{"level":"info","message":"Получение заданий для пользователя ID: 3","timestamp":"2026-04-10 14:14:43"}
{"level":"info","message":"Получение ожидающих приглашений пользователя","timestamp":"2026-04-10 14:14:43","userId":3}
{"level":"info","message":"Получение ожидающих приглашений пользователя","timestamp":"2026-04-10 14:14:43","userId":3}
{"level":"info","message":"Получение ожидающих приглашений пользователя","timestamp":"2026-04-10 14:15:14","userId":3}
{"level":"info","message":"Получение заданий для пользователя ID: 3","timestamp":"2026-04-10 14:15:14"}
{"level":"info","message":"Получение ожидающих приглашений пользователя","timestamp":"2026-04-10 14:15:14","userId":3}
{"level":"info","message":"Получение заданий для пользователя ID: 3","timestamp":"2026-04-10 14:15:14"}
{"level":"info","message":"Получение ожидающих приглашений пользователя","timestamp":"2026-04-10 14:15:14","userId":3}
{"level":"info","message":"Получение ожидающих приглашений пользователя","timestamp":"2026-04-10 14:15:14","userId":3}
{"level":"info","message":"Получение заданий для пользователя ID: 3","timestamp":"2026-04-10 14:15:14"}
{"level":"info","message":"Получение ожидающих приглашений пользователя","timestamp":"2026-04-10 14:15:14","userId":3}
{"level":"info","message":"Получение ожидающих приглашений пользователя","timestamp":"2026-04-10 14:15:14","userId":3}
{"level":"info","message":"Получение ожидающих приглашений пользователя","timestamp":"2026-04-10 14:15:45","userId":3}
{"level":"info","message":"Получение заданий для пользователя ID: 3","timestamp":"2026-04-10 14:15:45"}
{"level":"info","message":"Получение ожидающих приглашений пользователя","timestamp":"2026-04-10 14:15:45","userId":3}
{"level":"info","message":"Получение заданий для пользователя ID: 3","timestamp":"2026-04-10 14:15:45"}
{"level":"info","message":"Получение ожидающих приглашений пользователя","timestamp":"2026-04-10 14:15:45","userId":3}
{"level":"info","message":"Получение ожидающих приглашений пользователя","timestamp":"2026-04-10 14:15:45","userId":3}
{"level":"info","message":"Получение ожидающих приглашений пользователя","timestamp":"2026-04-10 14:15:45","userId":3}
{"level":"info","message":"Получение заданий для пользователя ID: 3","timestamp":"2026-04-10 14:15:45"}
{"level":"info","message":"Получение ожидающих приглашений пользователя","timestamp":"2026-04-10 14:15:45","userId":3}
{"level":"info","message":"Получение ожидающих приглашений пользователя","timestamp":"2026-04-10 14:16:16","userId":3}
{"level":"info","message":"Получение заданий для пользователя ID: 3","timestamp":"2026-04-10 14:16:16"}
{"level":"info","message":"Получение ожидающих приглашений пользователя","timestamp":"2026-04-10 14:16:16","userId":3}
{"level":"info","message":"Получение заданий для пользователя ID: 3","timestamp":"2026-04-10 14:16:16"}
{"level":"info","message":"Получение ожидающих приглашений пользователя","timestamp":"2026-04-10 14:16:16","userId":3}
{"level":"info","message":"Получение ожидающих приглашений пользователя","timestamp":"2026-04-10 14:16:16","userId":3}
{"level":"info","message":"Получение заданий для пользователя ID: 3","timestamp":"2026-04-10 14:16:16"}
{"level":"info","message":"Получение ожидающих приглашений пользователя","timestamp":"2026-04-10 14:16:16","userId":3}
{"level":"info","message":"Получение ожидающих приглашений пользователя","timestamp":"2026-04-10 14:16:16","userId":3}
{"level":"info","message":"Получение ожидающих приглашений пользователя","timestamp":"2026-04-10 14:16:47","userId":3}
{"level":"info","message":"Получение заданий для пользователя ID: 3","timestamp":"2026-04-10 14:16:47"}
{"level":"info","message":"Получение ожидающих приглашений пользователя","timestamp":"2026-04-10 14:16:47","userId":3}
{"level":"info","message":"Получение заданий для пользователя ID: 3","timestamp":"2026-04-10 14:16:47"}
{"level":"info","message":"Получение ожидающих приглашений пользователя","timestamp":"2026-04-10 14:16:47","userId":3}
{"level":"info","message":"Получение ожидающих приглашений пользователя","timestamp":"2026-04-10 14:16:47","userId":3}
{"level":"info","message":"Получение заданий для пользователя ID: 3","timestamp":"2026-04-10 14:16:47"}
{"level":"info","message":"Получение ожидающих приглашений пользователя","timestamp":"2026-04-10 14:16:47","userId":3}
{"level":"info","message":"Получение ожидающих приглашений пользователя","timestamp":"2026-04-10 14:16:47","userId":3}
{"level":"info","message":"Получение заданий для пользователя ID: 3","timestamp":"2026-04-10 14:17:18"}
{"level":"info","message":"Получение ожидающих приглашений пользователя","timestamp":"2026-04-10 14:17:18","userId":3}
{"level":"info","message":"Получение заданий для пользователя ID: 3","timestamp":"2026-04-10 14:17:18"}
{"level":"info","message":"Получение ожидающих приглашений пользователя","timestamp":"2026-04-10 14:17:18","userId":3}
{"level":"info","message":"Получение ожидающих приглашений пользователя","timestamp":"2026-04-10 14:17:18","userId":3}
{"level":"info","message":"Получение заданий для пользователя ID: 3","timestamp":"2026-04-10 14:17:18"}
{"level":"info","message":"Получение ожидающих приглашений пользователя","timestamp":"2026-04-10 14:17:18","userId":3}
{"level":"info","message":"Получение ожидающих приглашений пользователя","timestamp":"2026-04-10 14:17:18","userId":3}
{"level":"info","message":"Получение ожидающих приглашений пользователя","timestamp":"2026-04-10 14:17:18","userId":3}
{"level":"info","message":"Получение заданий для пользователя ID: 3","timestamp":"2026-04-10 14:17:49"}
{"level":"info","message":"Получение ожидающих приглашений пользователя","timestamp":"2026-04-10 14:17:49","userId":3}
{"level":"info","message":"Получение ожидающих приглашений пользователя","timestamp":"2026-04-10 14:17:49","userId":3}
{"level":"info","message":"Получение заданий для пользователя ID: 3","timestamp":"2026-04-10 14:17:49"}
{"level":"info","message":"Получение ожидающих приглашений пользователя","timestamp":"2026-04-10 14:17:49","userId":3}
{"level":"info","message":"Получение ожидающих приглашений пользователя","timestamp":"2026-04-10 14:17:49","userId":3}
{"level":"info","message":"Получение заданий для пользователя ID: 3","timestamp":"2026-04-10 14:17:49"}
{"level":"info","message":"Получение ожидающих приглашений пользователя","timestamp":"2026-04-10 14:17:49","userId":3}
{"level":"info","message":"Получение ожидающих приглашений пользователя","timestamp":"2026-04-10 14:17:49","userId":3}
{"level":"info","message":"Получение заданий для пользователя ID: 3","timestamp":"2026-04-10 14:18:20"}
{"level":"info","message":"Получение ожидающих приглашений пользователя","timestamp":"2026-04-10 14:18:20","userId":3}
{"level":"info","message":"Получение ожидающих приглашений пользователя","timestamp":"2026-04-10 14:18:20","userId":3}
{"level":"info","message":"Получение заданий для пользователя ID: 3","timestamp":"2026-04-10 14:18:20"}
{"level":"info","message":"Получение ожидающих приглашений пользователя","timestamp":"2026-04-10 14:18:20","userId":3}
{"level":"info","message":"Получение ожидающих приглашений пользователя","timestamp":"2026-04-10 14:18:20","userId":3}
{"level":"info","message":"Получение заданий для пользователя ID: 3","timestamp":"2026-04-10 14:18:20"}
{"level":"info","message":"Получение ожидающих приглашений пользователя","timestamp":"2026-04-10 14:18:20","userId":3}
{"level":"info","message":"Получение ожидающих приглашений пользователя","timestamp":"2026-04-10 14:18:20","userId":3}
{"level":"info","message":"Получение заданий для пользователя ID: 3","timestamp":"2026-04-10 14:18:51"}
{"level":"info","message":"Получение ожидающих приглашений пользователя","timestamp":"2026-04-10 14:18:51","userId":3}
{"level":"info","message":"Получение ожидающих приглашений пользователя","timestamp":"2026-04-10 14:18:51","userId":3}
{"level":"info","message":"Получение заданий для пользователя ID: 3","timestamp":"2026-04-10 14:18:51"}
{"level":"info","message":"Получение ожидающих приглашений пользователя","timestamp":"2026-04-10 14:18:51","userId":3}
{"level":"info","message":"Получение ожидающих приглашений пользователя","timestamp":"2026-04-10 14:18:51","userId":3}
{"level":"info","message":"Получение заданий для пользователя ID: 3","timestamp":"2026-04-10 14:18:51"}
{"level":"info","message":"Получение ожидающих приглашений пользователя","timestamp":"2026-04-10 14:18:51","userId":3}
{"level":"info","message":"Получение ожидающих приглашений пользователя","timestamp":"2026-04-10 14:18:51","userId":3}
{"level":"info","message":"Получение ожидающих приглашений пользователя","timestamp":"2026-04-10 14:19:22","userId":3}
{"level":"info","message":"Получение заданий для пользователя ID: 3","timestamp":"2026-04-10 14:19:22"}
{"level":"info","message":"Получение ожидающих приглашений пользователя","timestamp":"2026-04-10 14:19:22","userId":3}
{"level":"info","message":"Получение заданий для пользователя ID: 3","timestamp":"2026-04-10 14:19:22"}
{"level":"info","message":"Получение ожидающих приглашений пользователя","timestamp":"2026-04-10 14:19:22","userId":3}
{"level":"info","message":"Получение ожидающих приглашений пользователя","timestamp":"2026-04-10 14:19:22","userId":3}
{"level":"info","message":"Получение заданий для пользователя ID: 3","timestamp":"2026-04-10 14:19:22"}
{"level":"info","message":"Получение ожидающих приглашений пользователя","timestamp":"2026-04-10 14:19:22","userId":3}
{"level":"info","message":"Получение ожидающих приглашений пользователя","timestamp":"2026-04-10 14:19:22","userId":3}
{"level":"info","message":"Получение заданий для пользователя ID: 3","timestamp":"2026-04-10 14:19:53"}
{"level":"info","message":"Получение ожидающих приглашений пользователя","timestamp":"2026-04-10 14:19:53","userId":3}
{"level":"info","message":"Получение ожидающих приглашений пользователя","timestamp":"2026-04-10 14:19:53","userId":3}
{"level":"info","message":"Получение заданий для пользователя ID: 3","timestamp":"2026-04-10 14:19:53"}
{"level":"info","message":"Получение ожидающих приглашений пользователя","timestamp":"2026-04-10 14:19:53","userId":3}
{"level":"info","message":"Получение ожидающих приглашений пользователя","timestamp":"2026-04-10 14:19:53","userId":3}
{"level":"info","message":"Получение заданий для пользователя ID: 3","timestamp":"2026-04-10 14:19:53"}
{"level":"info","message":"Получение ожидающих приглашений пользователя","timestamp":"2026-04-10 14:19:53","userId":3}
{"level":"info","message":"Получение ожидающих приглашений пользователя","timestamp":"2026-04-10 14:19:53","userId":3}
{"level":"info","message":"Получение ожидающих приглашений пользователя","timestamp":"2026-04-10 14:20:24","userId":3}
{"level":"info","message":"Получение заданий для пользователя ID: 3","timestamp":"2026-04-10 14:20:24"}
{"level":"info","message":"Получение ожидающих приглашений пользователя","timestamp":"2026-04-10 14:20:24","userId":3}
{"level":"info","message":"Получение заданий для пользователя ID: 3","timestamp":"2026-04-10 14:20:24"}
{"level":"info","message":"Получение ожидающих приглашений пользователя","timestamp":"2026-04-10 14:20:24","userId":3}
{"level":"info","message":"Получение ожидающих приглашений пользователя","timestamp":"2026-04-10 14:20:24","userId":3}
{"level":"info","message":"Получение заданий для пользователя ID: 3","timestamp":"2026-04-10 14:20:24"}
{"level":"info","message":"Получение ожидающих приглашений пользователя","timestamp":"2026-04-10 14:20:24","userId":3}
{"level":"info","message":"Получение ожидающих приглашений пользователя","timestamp":"2026-04-10 14:20:24","userId":3}
{"level":"info","message":"Получение ожидающих приглашений пользователя","timestamp":"2026-04-10 14:20:55","userId":3}
{"level":"info","message":"Получение заданий для пользователя ID: 3","timestamp":"2026-04-10 14:20:55"}
{"level":"info","message":"Получение ожидающих приглашений пользователя","timestamp":"2026-04-10 14:20:55","userId":3}
{"level":"info","message":"Получение заданий для пользователя ID: 3","timestamp":"2026-04-10 14:20:55"}
{"level":"info","message":"Получение ожидающих приглашений пользователя","timestamp":"2026-04-10 14:20:55","userId":3}
{"level":"info","message":"Получение ожидающих приглашений пользователя","timestamp":"2026-04-10 14:20:55","userId":3}
{"level":"info","message":"Получение заданий для пользователя ID: 3","timestamp":"2026-04-10 14:20:55"}
{"level":"info","message":"Получение ожидающих приглашений пользователя","timestamp":"2026-04-10 14:20:55","userId":3}
{"level":"info","message":"Получение ожидающих приглашений пользователя","timestamp":"2026-04-10 14:20:55","userId":3}
{"level":"info","message":"Получение заданий для пользователя ID: 3","timestamp":"2026-04-10 14:21:26"}
{"level":"info","message":"Получение ожидающих приглашений пользователя","timestamp":"2026-04-10 14:21:26","userId":3}
{"level":"info","message":"Получение ожидающих приглашений пользователя","timestamp":"2026-04-10 14:21:26","userId":3}
{"level":"info","message":"Получение заданий для пользователя ID: 3","timestamp":"2026-04-10 14:21:26"}
{"level":"info","message":"Получение ожидающих приглашений пользователя","timestamp":"2026-04-10 14:21:26","userId":3}
{"level":"info","message":"Получение ожидающих приглашений пользователя","timestamp":"2026-04-10 14:21:26","userId":3}
{"level":"info","message":"Получение заданий для пользователя ID: 3","timestamp":"2026-04-10 14:21:26"}
{"level":"info","message":"Получение ожидающих приглашений пользователя","timestamp":"2026-04-10 14:21:26","userId":3}
{"level":"info","message":"Получение ожидающих приглашений пользователя","timestamp":"2026-04-10 14:21:26","userId":3}
{"level":"info","message":"Получение заданий для пользователя ID: 3","timestamp":"2026-04-10 14:21:57"}
{"level":"info","message":"Получение ожидающих приглашений пользователя","timestamp":"2026-04-10 14:21:57","userId":3}
{"level":"info","message":"Получение ожидающих приглашений пользователя","timestamp":"2026-04-10 14:21:57","userId":3}
{"level":"info","message":"Получение заданий для пользователя ID: 3","timestamp":"2026-04-10 14:21:57"}
{"level":"info","message":"Получение ожидающих приглашений пользователя","timestamp":"2026-04-10 14:21:57","userId":3}
{"level":"info","message":"Получение ожидающих приглашений пользователя","timestamp":"2026-04-10 14:21:57","userId":3}
{"level":"info","message":"Получение заданий для пользователя ID: 3","timestamp":"2026-04-10 14:21:57"}
{"level":"info","message":"Получение ожидающих приглашений пользователя","timestamp":"2026-04-10 14:21:57","userId":3}
{"level":"info","message":"Получение ожидающих приглашений пользователя","timestamp":"2026-04-10 14:21:57","userId":3}
{"level":"info","message":"Получение заданий для пользователя ID: 3","timestamp":"2026-04-10 14:22:28"}
{"level":"info","message":"Получение ожидающих приглашений пользователя","timestamp":"2026-04-10 14:22:28","userId":3}
{"level":"info","message":"Получение ожидающих приглашений пользователя","timestamp":"2026-04-10 14:22:28","userId":3}
{"level":"info","message":"Получение заданий для пользователя ID: 3","timestamp":"2026-04-10 14:22:28"}
{"level":"info","message":"Получение ожидающих приглашений пользователя","timestamp":"2026-04-10 14:22:28","userId":3}
{"level":"info","message":"Получение ожидающих приглашений пользователя","timestamp":"2026-04-10 14:22:28","userId":3}
{"level":"info","message":"Получение заданий для пользователя ID: 3","timestamp":"2026-04-10 14:22:28"}
{"level":"info","message":"Получение ожидающих приглашений пользователя","timestamp":"2026-04-10 14:22:28","userId":3}
{"level":"info","message":"Получение ожидающих приглашений пользователя","timestamp":"2026-04-10 14:22:28","userId":3}
{"level":"info","message":"Получение заданий для пользователя ID: 3","timestamp":"2026-04-10 14:22:59"}
{"level":"info","message":"Получение ожидающих приглашений пользователя","timestamp":"2026-04-10 14:22:59","userId":3}
{"level":"info","message":"Получение ожидающих приглашений пользователя","timestamp":"2026-04-10 14:22:59","userId":3}
{"level":"info","message":"Получение заданий для пользователя ID: 3","timestamp":"2026-04-10 14:22:59"}
{"level":"info","message":"Получение ожидающих приглашений пользователя","timestamp":"2026-04-10 14:22:59","userId":3}
{"level":"info","message":"Получение ожидающих приглашений пользователя","timestamp":"2026-04-10 14:22:59","userId":3}
{"level":"info","message":"Получение заданий для пользователя ID: 3","timestamp":"2026-04-10 14:22:59"}
{"level":"info","message":"Получение ожидающих приглашений пользователя","timestamp":"2026-04-10 14:22:59","userId":3}
{"level":"info","message":"Получение ожидающих приглашений пользователя","timestamp":"2026-04-10 14:22:59","userId":3}
{"level":"info","message":"Получение заданий для пользователя ID: 3","timestamp":"2026-04-10 14:23:30"}
{"level":"info","message":"Получение ожидающих приглашений пользователя","timestamp":"2026-04-10 14:23:30","userId":3}
{"level":"info","message":"Получение ожидающих приглашений пользователя","timestamp":"2026-04-10 14:23:30","userId":3}
{"level":"info","message":"Получение заданий для пользователя ID: 3","timestamp":"2026-04-10 14:23:30"}
{"level":"info","message":"Получение ожидающих приглашений пользователя","timestamp":"2026-04-10 14:23:30","userId":3}
{"level":"info","message":"Получение заданий для пользователя ID: 3","timestamp":"2026-04-10 14:23:30"}
{"level":"info","message":"Получение ожидающих приглашений пользователя","timestamp":"2026-04-10 14:23:30","userId":3}
{"level":"info","message":"Получение ожидающих приглашений пользователя","timestamp":"2026-04-10 14:23:30","userId":3}
{"level":"info","message":"Получение ожидающих приглашений пользователя","timestamp":"2026-04-10 14:23:30","userId":3}
{"level":"info","message":"Получение заданий для пользователя ID: 3","timestamp":"2026-04-10 14:24:01"}
{"level":"info","message":"Получение ожидающих приглашений пользователя","timestamp":"2026-04-10 14:24:01","userId":3}
{"level":"info","message":"Получение ожидающих приглашений пользователя","timestamp":"2026-04-10 14:24:01","userId":3}
{"level":"info","message":"Получение заданий для пользователя ID: 3","timestamp":"2026-04-10 14:24:01"}
{"level":"info","message":"Получение ожидающих приглашений пользователя","timestamp":"2026-04-10 14:24:01","userId":3}
{"level":"info","message":"Получение заданий для пользователя ID: 3","timestamp":"2026-04-10 14:24:01"}
{"level":"info","message":"Получение ожидающих приглашений пользователя","timestamp":"2026-04-10 14:24:01","userId":3}
{"level":"info","message":"Получение ожидающих приглашений пользователя","timestamp":"2026-04-10 14:24:01","userId":3}
{"level":"info","message":"Получение ожидающих приглашений пользователя","timestamp":"2026-04-10 14:24:01","userId":3}
{"level":"info","message":"Получение ожидающих приглашений пользователя","timestamp":"2026-04-10 14:24:32","userId":3}
{"level":"info","message":"Получение заданий для пользователя ID: 3","timestamp":"2026-04-10 14:24:32"}
{"level":"info","message":"Получение ожидающих приглашений пользователя","timestamp":"2026-04-10 14:24:32","userId":3}
{"level":"info","message":"Получение заданий для пользователя ID: 3","timestamp":"2026-04-10 14:24:32"}
{"level":"info","message":"Получение ожидающих приглашений пользователя","timestamp":"2026-04-10 14:24:32","userId":3}
{"level":"info","message":"Получение ожидающих приглашений пользователя","timestamp":"2026-04-10 14:24:32","userId":3}
{"level":"info","message":"Получение заданий для пользователя ID: 3","timestamp":"2026-04-10 14:24:32"}
{"level":"info","message":"Получение ожидающих приглашений пользователя","timestamp":"2026-04-10 14:24:32","userId":3}
{"level":"info","message":"Получение ожидающих приглашений пользователя","timestamp":"2026-04-10 14:24:32","userId":3}
{"level":"info","message":"Получение заданий для пользователя ID: 3","timestamp":"2026-04-10 14:25:03"}
{"level":"info","message":"Получение ожидающих приглашений пользователя","timestamp":"2026-04-10 14:25:03","userId":3}
{"level":"info","message":"Получение ожидающих приглашений пользователя","timestamp":"2026-04-10 14:25:03","userId":3}
{"level":"info","message":"Получение заданий для пользователя ID: 3","timestamp":"2026-04-10 14:25:03"}
{"level":"info","message":"Получение ожидающих приглашений пользователя","timestamp":"2026-04-10 14:25:03","userId":3}
{"level":"info","message":"Получение ожидающих приглашений пользователя","timestamp":"2026-04-10 14:25:03","userId":3}
{"level":"info","message":"Получение заданий для пользователя ID: 3","timestamp":"2026-04-10 14:25:03"}
{"level":"info","message":"Получение ожидающих приглашений пользователя","timestamp":"2026-04-10 14:25:03","userId":3}
{"level":"info","message":"Получение ожидающих приглашений пользователя","timestamp":"2026-04-10 14:25:03","userId":3}
{"level":"info","message":"Получение ожидающих приглашений пользователя","timestamp":"2026-04-10 14:25:34","userId":3}
{"level":"info","message":"Получение заданий для пользователя ID: 3","timestamp":"2026-04-10 14:25:34"}
{"level":"info","message":"Получение ожидающих приглашений пользователя","timestamp":"2026-04-10 14:25:34","userId":3}
{"level":"info","message":"Получение заданий для пользователя ID: 3","timestamp":"2026-04-10 14:25:34"}
{"level":"info","message":"Получение ожидающих приглашений пользователя","timestamp":"2026-04-10 14:25:34","userId":3}
{"level":"info","message":"Получение ожидающих приглашений пользователя","timestamp":"2026-04-10 14:25:34","userId":3}
{"level":"info","message":"Получение заданий для пользователя ID: 3","timestamp":"2026-04-10 14:25:34"}
{"level":"info","message":"Получение ожидающих приглашений пользователя","timestamp":"2026-04-10 14:25:34","userId":3}
{"level":"info","message":"Получение ожидающих приглашений пользователя","timestamp":"2026-04-10 14:25:34","userId":3}
{"level":"info","message":"Получение ожидающих приглашений пользователя","timestamp":"2026-04-10 14:26:05","userId":3}
{"level":"info","message":"Получение заданий для пользователя ID: 3","timestamp":"2026-04-10 14:26:05"}
{"level":"info","message":"Получение ожидающих приглашений пользователя","timestamp":"2026-04-10 14:26:05","userId":3}
{"level":"info","message":"Получение заданий для пользователя ID: 3","timestamp":"2026-04-10 14:26:05"}
{"level":"info","message":"Получение ожидающих приглашений пользователя","timestamp":"2026-04-10 14:26:05","userId":3}
{"level":"info","message":"Получение ожидающих приглашений пользователя","timestamp":"2026-04-10 14:26:05","userId":3}
{"level":"info","message":"Получение заданий для пользователя ID: 3","timestamp":"2026-04-10 14:26:05"}
{"level":"info","message":"Получение ожидающих приглашений пользователя","timestamp":"2026-04-10 14:26:05","userId":3}
{"level":"info","message":"Получение ожидающих приглашений пользователя","timestamp":"2026-04-10 14:26:05","userId":3}
{"level":"info","message":"Получение заданий для пользователя ID: 3","timestamp":"2026-04-10 14:26:36"}
{"level":"info","message":"Получение ожидающих приглашений пользователя","timestamp":"2026-04-10 14:26:36","userId":3}
{"level":"info","message":"Получение ожидающих приглашений пользователя","timestamp":"2026-04-10 14:26:36","userId":3}
{"level":"info","message":"Получение заданий для пользователя ID: 3","timestamp":"2026-04-10 14:26:36"}
{"level":"info","message":"Получение ожидающих приглашений пользователя","timestamp":"2026-04-10 14:26:36","userId":3}
{"level":"info","message":"Получение ожидающих приглашений пользователя","timestamp":"2026-04-10 14:26:36","userId":3}
{"level":"info","message":"Получение заданий для пользователя ID: 3","timestamp":"2026-04-10 14:26:36"}
{"level":"info","message":"Получение ожидающих приглашений пользователя","timestamp":"2026-04-10 14:26:36","userId":3}
{"level":"info","message":"Получение ожидающих приглашений пользователя","timestamp":"2026-04-10 14:26:36","userId":3}
{"level":"info","message":"Получение ожидающих приглашений пользователя","timestamp":"2026-04-10 14:27:07","userId":3}
{"level":"info","message":"Получение заданий для пользователя ID: 3","timestamp":"2026-04-10 14:27:07"}
{"level":"info","message":"Получение ожидающих приглашений пользователя","timestamp":"2026-04-10 14:27:07","userId":3}
{"level":"info","message":"Получение заданий для пользователя ID: 3","timestamp":"2026-04-10 14:27:07"}
{"level":"info","message":"Получение ожидающих приглашений пользователя","timestamp":"2026-04-10 14:27:07","userId":3}
{"level":"info","message":"Получение ожидающих приглашений пользователя","timestamp":"2026-04-10 14:27:07","userId":3}
{"level":"info","message":"Получение заданий для пользователя ID: 3","timestamp":"2026-04-10 14:27:07"}
{"level":"info","message":"Получение ожидающих приглашений пользователя","timestamp":"2026-04-10 14:27:07","userId":3}
{"level":"info","message":"Получение ожидающих приглашений пользователя","timestamp":"2026-04-10 14:27:07","userId":3}
{"level":"info","message":"Получение заданий для пользователя ID: 3","timestamp":"2026-04-10 14:27:38"}
{"level":"info","message":"Получение ожидающих приглашений пользователя","timestamp":"2026-04-10 14:27:38","userId":3}
{"level":"info","message":"Получение ожидающих приглашений пользователя","timestamp":"2026-04-10 14:27:38","userId":3}
{"level":"info","message":"Получение заданий для пользователя ID: 3","timestamp":"2026-04-10 14:27:38"}
{"level":"info","message":"Получение ожидающих приглашений пользователя","timestamp":"2026-04-10 14:27:38","userId":3}
{"level":"info","message":"Получение ожидающих приглашений пользователя","timestamp":"2026-04-10 14:27:38","userId":3}
{"level":"info","message":"Получение заданий для пользователя ID: 3","timestamp":"2026-04-10 14:27:38"}
{"level":"info","message":"Получение ожидающих приглашений пользователя","timestamp":"2026-04-10 14:27:38","userId":3}
{"level":"info","message":"Получение ожидающих приглашений пользователя","timestamp":"2026-04-10 14:27:38","userId":3}
{"level":"info","message":"Получение заданий для пользователя ID: 3","timestamp":"2026-04-10 14:28:09"}
{"level":"info","message":"Получение ожидающих приглашений пользователя","timestamp":"2026-04-10 14:28:09","userId":3}
{"level":"info","message":"Получение ожидающих приглашений пользователя","timestamp":"2026-04-10 14:28:09","userId":3}
{"level":"info","message":"Получение ожидающих приглашений пользователя","timestamp":"2026-04-10 14:28:09","userId":3}
{"level":"info","message":"Получение заданий для пользователя ID: 3","timestamp":"2026-04-10 14:28:09"}
{"level":"info","message":"Получение ожидающих приглашений пользователя","timestamp":"2026-04-10 14:28:09","userId":3}
{"level":"info","message":"Получение заданий для пользователя ID: 3","timestamp":"2026-04-10 14:28:09"}
{"level":"info","message":"Получение ожидающих приглашений пользователя","timestamp":"2026-04-10 14:28:09","userId":3}
{"level":"info","message":"Получение ожидающих приглашений пользователя","timestamp":"2026-04-10 14:28:09","userId":3}
{"level":"info","message":"Получение заданий для пользователя ID: 3","timestamp":"2026-04-10 14:28:39"}
{"level":"info","message":"Получение ожидающих приглашений пользователя","timestamp":"2026-04-10 14:28:39","userId":3}
{"level":"info","message":"Получение ожидающих приглашений пользователя","timestamp":"2026-04-10 14:28:39","userId":3}
{"level":"info","message":"Получение заданий для пользователя ID: 3","timestamp":"2026-04-10 14:28:39"}
{"level":"info","message":"Получение ожидающих приглашений пользователя","timestamp":"2026-04-10 14:28:39","userId":3}
{"level":"info","message":"Получение ожидающих приглашений пользователя","timestamp":"2026-04-10 14:28:39","userId":3}
{"level":"info","message":"Получение заданий для пользователя ID: 3","timestamp":"2026-04-10 14:28:39"}
{"level":"info","message":"Получение ожидающих приглашений пользователя","timestamp":"2026-04-10 14:28:39","userId":3}
{"level":"info","message":"Получение ожидающих приглашений пользователя","timestamp":"2026-04-10 14:28:39","userId":3}
{"level":"info","message":"Получение заданий для пользователя ID: 3","timestamp":"2026-04-10 14:29:10"}
{"level":"info","message":"Получение ожидающих приглашений пользователя","timestamp":"2026-04-10 14:29:10","userId":3}
{"level":"info","message":"Получение ожидающих приглашений пользователя","timestamp":"2026-04-10 14:29:10","userId":3}
{"level":"info","message":"Получение заданий для пользователя ID: 3","timestamp":"2026-04-10 14:29:10"}
{"level":"info","message":"Получение ожидающих приглашений пользователя","timestamp":"2026-04-10 14:29:10","userId":3}
{"level":"info","message":"Получение ожидающих приглашений пользователя","timestamp":"2026-04-10 14:29:10","userId":3}
{"level":"info","message":"Получение заданий для пользователя ID: 3","timestamp":"2026-04-10 14:29:10"}
{"level":"info","message":"Получение ожидающих приглашений пользователя","timestamp":"2026-04-10 14:29:10","userId":3}
{"level":"info","message":"Получение ожидающих приглашений пользователя","timestamp":"2026-04-10 14:29:10","userId":3}
{"level":"info","message":"Получение ожидающих приглашений пользователя","timestamp":"2026-04-10 14:29:41","userId":3}
{"level":"info","message":"Получение ожидающих приглашений пользователя","timestamp":"2026-04-10 14:29:41","userId":3}
{"level":"info","message":"Получение заданий для пользователя ID: 3","timestamp":"2026-04-10 14:29:41"}
{"level":"info","message":"Получение заданий для пользователя ID: 3","timestamp":"2026-04-10 14:29:41"}
{"level":"info","message":"Получение ожидающих приглашений пользователя","timestamp":"2026-04-10 14:29:41","userId":3}
{"level":"info","message":"Получение ожидающих приглашений пользователя","timestamp":"2026-04-10 14:29:41","userId":3}
{"level":"info","message":"Получение заданий для пользователя ID: 3","timestamp":"2026-04-10 14:29:41"}
{"level":"info","message":"Получение ожидающих приглашений пользователя","timestamp":"2026-04-10 14:29:41","userId":3}
{"level":"info","message":"Получение ожидающих приглашений пользователя","timestamp":"2026-04-10 14:29:41","userId":3}
{"level":"info","message":"Получение ожидающих приглашений пользователя","timestamp":"2026-04-10 14:30:12","userId":3}
{"level":"info","message":"Получение заданий для пользователя ID: 3","timestamp":"2026-04-10 14:30:12"}
{"level":"info","message":"Получение ожидающих приглашений пользователя","timestamp":"2026-04-10 14:30:12","userId":3}
{"level":"info","message":"Получение заданий для пользователя ID: 3","timestamp":"2026-04-10 14:30:12"}
{"level":"info","message":"Получение ожидающих приглашений пользователя","timestamp":"2026-04-10 14:30:12","userId":3}
{"level":"info","message":"Получение ожидающих приглашений пользователя","timestamp":"2026-04-10 14:30:12","userId":3}
{"level":"info","message":"Получение заданий для пользователя ID: 3","timestamp":"2026-04-10 14:30:12"}
{"level":"info","message":"Получение ожидающих приглашений пользователя","timestamp":"2026-04-10 14:30:12","userId":3}
{"level":"info","message":"Получение ожидающих приглашений пользователя","timestamp":"2026-04-10 14:30:12","userId":3}
{"level":"info","message":"Получение заданий для пользователя ID: 3","timestamp":"2026-04-10 14:30:43"}
{"level":"info","message":"Получение ожидающих приглашений пользователя","timestamp":"2026-04-10 14:30:43","userId":3}
{"level":"info","message":"Получение ожидающих приглашений пользователя","timestamp":"2026-04-10 14:30:43","userId":3}
{"level":"info","message":"Получение заданий для пользователя ID: 3","timestamp":"2026-04-10 14:30:43"}
{"level":"info","message":"Получение ожидающих приглашений пользователя","timestamp":"2026-04-10 14:30:43","userId":3}
{"level":"info","message":"Получение ожидающих приглашений пользователя","timestamp":"2026-04-10 14:30:43","userId":3}
{"level":"info","message":"Получение заданий для пользователя ID: 3","timestamp":"2026-04-10 14:30:43"}
{"level":"info","message":"Получение ожидающих приглашений пользователя","timestamp":"2026-04-10 14:30:43","userId":3}
{"level":"info","message":"Получение ожидающих приглашений пользователя","timestamp":"2026-04-10 14:30:43","userId":3}
{"level":"info","message":"Получение заданий для пользователя ID: 3","timestamp":"2026-04-10 14:31:14"}
{"level":"info","message":"Получение ожидающих приглашений пользователя","timestamp":"2026-04-10 14:31:14","userId":3}
{"level":"info","message":"Получение ожидающих приглашений пользователя","timestamp":"2026-04-10 14:31:14","userId":3}
{"level":"info","message":"Получение ожидающих приглашений пользователя","timestamp":"2026-04-10 14:31:14","userId":3}
{"level":"info","message":"Получение заданий для пользователя ID: 3","timestamp":"2026-04-10 14:31:14"}
{"level":"info","message":"Получение ожидающих приглашений пользователя","timestamp":"2026-04-10 14:31:14","userId":3}
{"level":"info","message":"Получение заданий для пользователя ID: 3","timestamp":"2026-04-10 14:31:14"}
{"level":"info","message":"Получение ожидающих приглашений пользователя","timestamp":"2026-04-10 14:31:14","userId":3}
{"level":"info","message":"Получение ожидающих приглашений пользователя","timestamp":"2026-04-10 14:31:14","userId":3}
{"level":"info","message":"Получение заданий для пользователя ID: 3","timestamp":"2026-04-10 14:31:45"}
{"level":"info","message":"Получение ожидающих приглашений пользователя","timestamp":"2026-04-10 14:31:45","userId":3}
{"level":"info","message":"Получение ожидающих приглашений пользователя","timestamp":"2026-04-10 14:31:45","userId":3}
{"level":"info","message":"Получение заданий для пользователя ID: 3","timestamp":"2026-04-10 14:31:45"}
{"level":"info","message":"Получение ожидающих приглашений пользователя","timestamp":"2026-04-10 14:31:45","userId":3}
{"level":"info","message":"Получение ожидающих приглашений пользователя","timestamp":"2026-04-10 14:31:45","userId":3}
{"level":"info","message":"Получение заданий для пользователя ID: 3","timestamp":"2026-04-10 14:31:45"}
{"level":"info","message":"Получение ожидающих приглашений пользователя","timestamp":"2026-04-10 14:31:45","userId":3}
{"level":"info","message":"Получение ожидающих приглашений пользователя","timestamp":"2026-04-10 14:31:45","userId":3}
{"level":"info","message":"Получение заданий для пользователя ID: 3","timestamp":"2026-04-10 14:32:16"}
{"level":"info","message":"Получение ожидающих приглашений пользователя","timestamp":"2026-04-10 14:32:16","userId":3}
{"level":"info","message":"Получение ожидающих приглашений пользователя","timestamp":"2026-04-10 14:32:16","userId":3}
{"level":"info","message":"Получение заданий для пользователя ID: 3","timestamp":"2026-04-10 14:32:16"}
{"level":"info","message":"Получение ожидающих приглашений пользователя","timestamp":"2026-04-10 14:32:16","userId":3}
{"level":"info","message":"Получение ожидающих приглашений пользователя","timestamp":"2026-04-10 14:32:16","userId":3}
{"level":"info","message":"Получение заданий для пользователя ID: 3","timestamp":"2026-04-10 14:32:16"}
{"level":"info","message":"Получение ожидающих приглашений пользователя","timestamp":"2026-04-10 14:32:16","userId":3}
{"level":"info","message":"Получение ожидающих приглашений пользователя","timestamp":"2026-04-10 14:32:16","userId":3}
{"level":"info","message":"Получение заданий для пользователя ID: 3","timestamp":"2026-04-10 14:32:47"}
{"level":"info","message":"Получение ожидающих приглашений пользователя","timestamp":"2026-04-10 14:32:47","userId":3}
{"level":"info","message":"Получение ожидающих приглашений пользователя","timestamp":"2026-04-10 14:32:47","userId":3}
{"level":"info","message":"Получение заданий для пользователя ID: 3","timestamp":"2026-04-10 14:32:47"}
{"level":"info","message":"Получение ожидающих приглашений пользователя","timestamp":"2026-04-10 14:32:47","userId":3}
{"level":"info","message":"Получение заданий для пользователя ID: 3","timestamp":"2026-04-10 14:32:47"}
{"level":"info","message":"Получение ожидающих приглашений пользователя","timestamp":"2026-04-10 14:32:47","userId":3}
{"level":"info","message":"Получение ожидающих приглашений пользователя","timestamp":"2026-04-10 14:32:47","userId":3}
{"level":"info","message":"Получение ожидающих приглашений пользователя","timestamp":"2026-04-10 14:32:47","userId":3}
{"level":"info","message":"Получение ожидающих приглашений пользователя","timestamp":"2026-04-10 14:33:18","userId":3}
{"level":"info","message":"Получение заданий для пользователя ID: 3","timestamp":"2026-04-10 14:33:18"}
{"level":"info","message":"Получение ожидающих приглашений пользователя","timestamp":"2026-04-10 14:33:18","userId":3}
{"level":"info","message":"Получение заданий для пользователя ID: 3","timestamp":"2026-04-10 14:33:18"}
{"level":"info","message":"Получение ожидающих приглашений пользователя","timestamp":"2026-04-10 14:33:18","userId":3}
{"level":"info","message":"Получение ожидающих приглашений пользователя","timestamp":"2026-04-10 14:33:18","userId":3}
{"level":"info","message":"Получение заданий для пользователя ID: 3","timestamp":"2026-04-10 14:33:18"}
{"level":"info","message":"Получение ожидающих приглашений пользователя","timestamp":"2026-04-10 14:33:18","userId":3}
{"level":"info","message":"Получение ожидающих приглашений пользователя","timestamp":"2026-04-10 14:33:18","userId":3}
{"level":"info","message":"Получение заданий для пользователя ID: 3","timestamp":"2026-04-10 14:33:49"}
{"level":"info","message":"Получение ожидающих приглашений пользователя","timestamp":"2026-04-10 14:33:49","userId":3}
{"level":"info","message":"Получение ожидающих приглашений пользователя","timestamp":"2026-04-10 14:33:49","userId":3}
{"level":"info","message":"Получение заданий для пользователя ID: 3","timestamp":"2026-04-10 14:33:49"}
{"level":"info","message":"Получение ожидающих приглашений пользователя","timestamp":"2026-04-10 14:33:49","userId":3}
{"level":"info","message":"Получение ожидающих приглашений пользователя","timestamp":"2026-04-10 14:33:49","userId":3}
{"level":"info","message":"Получение заданий для пользователя ID: 3","timestamp":"2026-04-10 14:33:49"}
{"level":"info","message":"Получение ожидающих приглашений пользователя","timestamp":"2026-04-10 14:33:49","userId":3}
{"level":"info","message":"Получение ожидающих приглашений пользователя","timestamp":"2026-04-10 14:33:49","userId":3}
{"level":"info","message":"Получение заданий для пользователя ID: 3","timestamp":"2026-04-10 14:34:20"}
{"level":"info","message":"Получение ожидающих приглашений пользователя","timestamp":"2026-04-10 14:34:20","userId":3}
{"level":"info","message":"Получение ожидающих приглашений пользователя","timestamp":"2026-04-10 14:34:20","userId":3}
{"level":"info","message":"Получение заданий для пользователя ID: 3","timestamp":"2026-04-10 14:34:20"}
{"level":"info","message":"Получение ожидающих приглашений пользователя","timestamp":"2026-04-10 14:34:20","userId":3}
{"level":"info","message":"Получение заданий для пользователя ID: 3","timestamp":"2026-04-10 14:34:20"}
{"level":"info","message":"Получение ожидающих приглашений пользователя","timestamp":"2026-04-10 14:34:20","userId":3}
{"level":"info","message":"Получение ожидающих приглашений пользователя","timestamp":"2026-04-10 14:34:20","userId":3}
{"level":"info","message":"Получение ожидающих приглашений пользователя","timestamp":"2026-04-10 14:34:20","userId":3}
{"level":"info","message":"Получение заданий для пользователя ID: 3","timestamp":"2026-04-10 14:34:51"}
{"level":"info","message":"Получение ожидающих приглашений пользователя","timestamp":"2026-04-10 14:34:51","userId":3}
{"level":"info","message":"Получение ожидающих приглашений пользователя","timestamp":"2026-04-10 14:34:51","userId":3}
{"level":"info","message":"Получение заданий для пользователя ID: 3","timestamp":"2026-04-10 14:34:51"}
{"level":"info","message":"Получение ожидающих приглашений пользователя","timestamp":"2026-04-10 14:34:51","userId":3}
{"level":"info","message":"Получение ожидающих приглашений пользователя","timestamp":"2026-04-10 14:34:51","userId":3}
{"level":"info","message":"Получение заданий для пользователя ID: 3","timestamp":"2026-04-10 14:34:51"}
{"level":"info","message":"Получение ожидающих приглашений пользователя","timestamp":"2026-04-10 14:34:51","userId":3}
{"level":"info","message":"Получение ожидающих приглашений пользователя","timestamp":"2026-04-10 14:34:51","userId":3}
{"level":"info","message":"Получение заданий для пользователя ID: 3","timestamp":"2026-04-10 14:35:22"}
{"level":"info","message":"Получение ожидающих приглашений пользователя","timestamp":"2026-04-10 14:35:22","userId":3}
{"level":"info","message":"Получение ожидающих приглашений пользователя","timestamp":"2026-04-10 14:35:22","userId":3}
{"level":"info","message":"Получение заданий для пользователя ID: 3","timestamp":"2026-04-10 14:35:22"}
{"level":"info","message":"Получение ожидающих приглашений пользователя","timestamp":"2026-04-10 14:35:22","userId":3}
{"level":"info","message":"Получение заданий для пользователя ID: 3","timestamp":"2026-04-10 14:35:22"}
{"level":"info","message":"Получение ожидающих приглашений пользователя","timestamp":"2026-04-10 14:35:22","userId":3}
{"level":"info","message":"Получение ожидающих приглашений пользователя","timestamp":"2026-04-10 14:35:22","userId":3}
{"level":"info","message":"Получение ожидающих приглашений пользователя","timestamp":"2026-04-10 14:35:22","userId":3}
{"level":"info","message":"Получение заданий для пользователя ID: 3","timestamp":"2026-04-10 14:35:53"}
{"level":"info","message":"Получение ожидающих приглашений пользователя","timestamp":"2026-04-10 14:35:53","userId":3}
{"level":"info","message":"Получение ожидающих приглашений пользователя","timestamp":"2026-04-10 14:35:53","userId":3}
{"level":"info","message":"Получение заданий для пользователя ID: 3","timestamp":"2026-04-10 14:35:53"}
{"level":"info","message":"Получение ожидающих приглашений пользователя","timestamp":"2026-04-10 14:35:53","userId":3}
{"level":"info","message":"Получение ожидающих приглашений пользователя","timestamp":"2026-04-10 14:35:53","userId":3}
{"level":"info","message":"Получение заданий для пользователя ID: 3","timestamp":"2026-04-10 14:35:53"}
{"level":"info","message":"Получение ожидающих приглашений пользователя","timestamp":"2026-04-10 14:35:53","userId":3}
{"level":"info","message":"Получение ожидающих приглашений пользователя","timestamp":"2026-04-10 14:35:53","userId":3}
{"level":"info","message":"Получение заданий для пользователя ID: 3","timestamp":"2026-04-10 14:36:24"}
{"level":"info","message":"Получение ожидающих приглашений пользователя","timestamp":"2026-04-10 14:36:24","userId":3}
{"level":"info","message":"Получение ожидающих приглашений пользователя","timestamp":"2026-04-10 14:36:24","userId":3}
{"level":"info","message":"Получение заданий для пользователя ID: 3","timestamp":"2026-04-10 14:36:24"}
{"level":"info","message":"Получение ожидающих приглашений пользователя","timestamp":"2026-04-10 14:36:24","userId":3}
{"level":"info","message":"Получение ожидающих приглашений пользователя","timestamp":"2026-04-10 14:36:24","userId":3}
{"level":"info","message":"Получение заданий для пользователя ID: 3","timestamp":"2026-04-10 14:36:24"}
{"level":"info","message":"Получение ожидающих приглашений пользователя","timestamp":"2026-04-10 14:36:24","userId":3}
{"level":"info","message":"Получение ожидающих приглашений пользователя","timestamp":"2026-04-10 14:36:24","userId":3}
{"level":"info","message":"Получение заданий для пользователя ID: 3","timestamp":"2026-04-10 14:36:55"}
{"level":"info","message":"Получение ожидающих приглашений пользователя","timestamp":"2026-04-10 14:36:55","userId":3}
{"level":"info","message":"Получение ожидающих приглашений пользователя","timestamp":"2026-04-10 14:36:55","userId":3}
{"level":"info","message":"Получение заданий для пользователя ID: 3","timestamp":"2026-04-10 14:36:55"}
{"level":"info","message":"Получение ожидающих приглашений пользователя","timestamp":"2026-04-10 14:36:55","userId":3}
{"level":"info","message":"Получение ожидающих приглашений пользователя","timestamp":"2026-04-10 14:36:55","userId":3}
{"level":"info","message":"Получение заданий для пользователя ID: 3","timestamp":"2026-04-10 14:36:55"}
{"level":"info","message":"Получение ожидающих приглашений пользователя","timestamp":"2026-04-10 14:36:55","userId":3}
{"level":"info","message":"Получение ожидающих приглашений пользователя","timestamp":"2026-04-10 14:36:55","userId":3}
{"level":"info","message":"Получение ожидающих приглашений пользователя","timestamp":"2026-04-10 14:37:26","userId":3}
{"level":"info","message":"Получение заданий для пользователя ID: 3","timestamp":"2026-04-10 14:37:26"}
{"level":"info","message":"Получение ожидающих приглашений пользователя","timestamp":"2026-04-10 14:37:26","userId":3}
{"level":"info","message":"Получение заданий для пользователя ID: 3","timestamp":"2026-04-10 14:37:26"}
{"level":"info","message":"Получение ожидающих приглашений пользователя","timestamp":"2026-04-10 14:37:26","userId":3}
{"level":"info","message":"Получение ожидающих приглашений пользователя","timestamp":"2026-04-10 14:37:26","userId":3}
{"level":"info","message":"Получение заданий для пользователя ID: 3","timestamp":"2026-04-10 14:37:26"}
{"level":"info","message":"Получение ожидающих приглашений пользователя","timestamp":"2026-04-10 14:37:26","userId":3}
{"level":"info","message":"Получение ожидающих приглашений пользователя","timestamp":"2026-04-10 14:37:26","userId":3}
{"level":"info","message":"Получение заданий для пользователя ID: 3","timestamp":"2026-04-10 14:37:57"}
{"level":"info","message":"Получение ожидающих приглашений пользователя","timestamp":"2026-04-10 14:37:57","userId":3}
{"level":"info","message":"Получение ожидающих приглашений пользователя","timestamp":"2026-04-10 14:37:57","userId":3}
{"level":"info","message":"Получение заданий для пользователя ID: 3","timestamp":"2026-04-10 14:37:57"}
{"level":"info","message":"Получение ожидающих приглашений пользователя","timestamp":"2026-04-10 14:37:57","userId":3}
{"level":"info","message":"Получение ожидающих приглашений пользователя","timestamp":"2026-04-10 14:37:57","userId":3}
{"level":"info","message":"Получение заданий для пользователя ID: 3","timestamp":"2026-04-10 14:37:57"}
{"level":"info","message":"Получение ожидающих приглашений пользователя","timestamp":"2026-04-10 14:37:57","userId":3}
{"level":"info","message":"Получение ожидающих приглашений пользователя","timestamp":"2026-04-10 14:37:57","userId":3}
{"level":"info","message":"Получение ожидающих приглашений пользователя","timestamp":"2026-04-10 14:38:28","userId":3}
{"level":"info","message":"Получение заданий для пользователя ID: 3","timestamp":"2026-04-10 14:38:28"}
{"level":"info","message":"Получение ожидающих приглашений пользователя","timestamp":"2026-04-10 14:38:28","userId":3}
{"level":"info","message":"Получение заданий для пользователя ID: 3","timestamp":"2026-04-10 14:38:28"}
{"level":"info","message":"Получение ожидающих приглашений пользователя","timestamp":"2026-04-10 14:38:28","userId":3}
{"level":"info","message":"Получение ожидающих приглашений пользователя","timestamp":"2026-04-10 14:38:28","userId":3}
{"level":"info","message":"Получение ожидающих приглашений пользователя","timestamp":"2026-04-10 14:38:28","userId":3}
{"level":"info","message":"Получение заданий для пользователя ID: 3","timestamp":"2026-04-10 14:38:28"}
{"level":"info","message":"Получение ожидающих приглашений пользователя","timestamp":"2026-04-10 14:38:28","userId":3}
{"level":"info","message":"Получение заданий для пользователя ID: 3","timestamp":"2026-04-10 14:38:59"}
{"level":"info","message":"Получение ожидающих приглашений пользователя","timestamp":"2026-04-10 14:38:59","userId":3}
{"level":"info","message":"Получение ожидающих приглашений пользователя","timestamp":"2026-04-10 14:38:59","userId":3}
{"level":"info","message":"Получение заданий для пользователя ID: 3","timestamp":"2026-04-10 14:38:59"}
{"level":"info","message":"Получение ожидающих приглашений пользователя","timestamp":"2026-04-10 14:38:59","userId":3}
{"level":"info","message":"Получение ожидающих приглашений пользователя","timestamp":"2026-04-10 14:38:59","userId":3}
{"level":"info","message":"Получение заданий для пользователя ID: 3","timestamp":"2026-04-10 14:38:59"}
{"level":"info","message":"Получение ожидающих приглашений пользователя","timestamp":"2026-04-10 14:38:59","userId":3}
{"level":"info","message":"Получение ожидающих приглашений пользователя","timestamp":"2026-04-10 14:38:59","userId":3}
{"level":"info","message":"Получение ожидающих приглашений пользователя","timestamp":"2026-04-10 14:39:30","userId":3}
{"level":"info","message":"Получение заданий для пользователя ID: 3","timestamp":"2026-04-10 14:39:30"}
{"level":"info","message":"Получение ожидающих приглашений пользователя","timestamp":"2026-04-10 14:39:30","userId":3}
{"level":"info","message":"Получение заданий для пользователя ID: 3","timestamp":"2026-04-10 14:39:30"}
{"level":"info","message":"Получение ожидающих приглашений пользователя","timestamp":"2026-04-10 14:39:30","userId":3}
{"level":"info","message":"Получение ожидающих приглашений пользователя","timestamp":"2026-04-10 14:39:30","userId":3}
{"level":"info","message":"Получение заданий для пользователя ID: 3","timestamp":"2026-04-10 14:39:30"}
{"level":"info","message":"Получение ожидающих приглашений пользователя","timestamp":"2026-04-10 14:39:30","userId":3}
{"level":"info","message":"Получение ожидающих приглашений пользователя","timestamp":"2026-04-10 14:39:30","userId":3}
{"level":"info","message":"Получение заданий для пользователя ID: 3","timestamp":"2026-04-10 14:40:01"}
{"level":"info","message":"Получение ожидающих приглашений пользователя","timestamp":"2026-04-10 14:40:01","userId":3}
{"level":"info","message":"Получение ожидающих приглашений пользователя","timestamp":"2026-04-10 14:40:01","userId":3}
{"level":"info","message":"Получение заданий для пользователя ID: 3","timestamp":"2026-04-10 14:40:01"}
{"level":"info","message":"Получение ожидающих приглашений пользователя","timestamp":"2026-04-10 14:40:01","userId":3}
{"level":"info","message":"Получение ожидающих приглашений пользователя","timestamp":"2026-04-10 14:40:01","userId":3}
{"level":"info","message":"Получение заданий для пользователя ID: 3","timestamp":"2026-04-10 14:40:01"}
{"level":"info","message":"Получение ожидающих приглашений пользователя","timestamp":"2026-04-10 14:40:01","userId":3}
{"level":"info","message":"Получение ожидающих приглашений пользователя","timestamp":"2026-04-10 14:40:01","userId":3}
{"level":"info","message":"Получение ожидающих приглашений пользователя","timestamp":"2026-04-10 14:40:32","userId":3}
{"level":"info","message":"Получение заданий для пользователя ID: 3","timestamp":"2026-04-10 14:40:32"}
{"level":"info","message":"Получение ожидающих приглашений пользователя","timestamp":"2026-04-10 14:40:32","userId":3}
{"level":"info","message":"Получение заданий для пользователя ID: 3","timestamp":"2026-04-10 14:40:32"}
{"level":"info","message":"Получение ожидающих приглашений пользователя","timestamp":"2026-04-10 14:40:32","userId":3}
{"level":"info","message":"Получение ожидающих приглашений пользователя","timestamp":"2026-04-10 14:40:32","userId":3}
{"level":"info","message":"Получение заданий для пользователя ID: 3","timestamp":"2026-04-10 14:40:32"}
{"level":"info","message":"Получение ожидающих приглашений пользователя","timestamp":"2026-04-10 14:40:32","userId":3}
{"level":"info","message":"Получение ожидающих приглашений пользователя","timestamp":"2026-04-10 14:40:32","userId":3}
{"level":"info","message":"Получение заданий для пользователя ID: 3","timestamp":"2026-04-10 14:41:03"}
{"level":"info","message":"Получение ожидающих приглашений пользователя","timestamp":"2026-04-10 14:41:03","userId":3}
{"level":"info","message":"Получение ожидающих приглашений пользователя","timestamp":"2026-04-10 14:41:03","userId":3}
{"level":"info","message":"Получение заданий для пользователя ID: 3","timestamp":"2026-04-10 14:41:03"}
{"level":"info","message":"Получение ожидающих приглашений пользователя","timestamp":"2026-04-10 14:41:03","userId":3}
{"level":"info","message":"Получение ожидающих приглашений пользователя","timestamp":"2026-04-10 14:41:03","userId":3}
{"level":"info","message":"Получение заданий для пользователя ID: 3","timestamp":"2026-04-10 14:41:03"}
{"level":"info","message":"Получение ожидающих приглашений пользователя","timestamp":"2026-04-10 14:41:03","userId":3}
{"level":"info","message":"Получение ожидающих приглашений пользователя","timestamp":"2026-04-10 14:41:03","userId":3}
{"level":"info","message":"Получение заданий для пользователя ID: 3","timestamp":"2026-04-10 14:41:34"}
{"level":"info","message":"Получение ожидающих приглашений пользователя","timestamp":"2026-04-10 14:41:34","userId":3}
{"level":"info","message":"Получение ожидающих приглашений пользователя","timestamp":"2026-04-10 14:41:34","userId":3}
{"level":"info","message":"Получение заданий для пользователя ID: 3","timestamp":"2026-04-10 14:41:34"}
{"level":"info","message":"Получение ожидающих приглашений пользователя","timestamp":"2026-04-10 14:41:34","userId":3}
{"level":"info","message":"Получение ожидающих приглашений пользователя","timestamp":"2026-04-10 14:41:34","userId":3}
{"level":"info","message":"Получение заданий для пользователя ID: 3","timestamp":"2026-04-10 14:41:34"}
{"level":"info","message":"Получение ожидающих приглашений пользователя","timestamp":"2026-04-10 14:41:34","userId":3}
{"level":"info","message":"Получение ожидающих приглашений пользователя","timestamp":"2026-04-10 14:41:34","userId":3}
{"level":"info","message":"Получение заданий для пользователя ID: 3","timestamp":"2026-04-10 14:42:05"}
{"level":"info","message":"Получение ожидающих приглашений пользователя","timestamp":"2026-04-10 14:42:05","userId":3}
{"level":"info","message":"Получение заданий для пользователя ID: 3","timestamp":"2026-04-10 14:42:05"}
{"level":"info","message":"Получение ожидающих приглашений пользователя","timestamp":"2026-04-10 14:42:05","userId":3}
{"level":"info","message":"Получение ожидающих приглашений пользователя","timestamp":"2026-04-10 14:42:05","userId":3}
{"level":"info","message":"Получение заданий для пользователя ID: 3","timestamp":"2026-04-10 14:42:05"}
{"level":"info","message":"Получение ожидающих приглашений пользователя","timestamp":"2026-04-10 14:42:05","userId":3}
{"level":"info","message":"Получение ожидающих приглашений пользователя","timestamp":"2026-04-10 14:42:05","userId":3}
{"level":"info","message":"Получение ожидающих приглашений пользователя","timestamp":"2026-04-10 14:42:05","userId":3}
{"level":"info","message":"Получение ожидающих приглашений пользователя","timestamp":"2026-04-10 14:42:36","userId":3}
{"level":"info","message":"Получение заданий для пользователя ID: 3","timestamp":"2026-04-10 14:42:36"}
{"level":"info","message":"Получение ожидающих приглашений пользователя","timestamp":"2026-04-10 14:42:36","userId":3}
{"level":"info","message":"Получение заданий для пользователя ID: 3","timestamp":"2026-04-10 14:42:36"}
{"level":"info","message":"Получение ожидающих приглашений пользователя","timestamp":"2026-04-10 14:42:36","userId":3}
{"level":"info","message":"Получение ожидающих приглашений пользователя","timestamp":"2026-04-10 14:42:36","userId":3}
{"level":"info","message":"Получение заданий для пользователя ID: 3","timestamp":"2026-04-10 14:42:36"}
{"level":"info","message":"Получение ожидающих приглашений пользователя","timestamp":"2026-04-10 14:42:36","userId":3}
{"level":"info","message":"Получение ожидающих приглашений пользователя","timestamp":"2026-04-10 14:42:36","userId":3}
{"level":"info","message":"Получение ожидающих приглашений пользователя","timestamp":"2026-04-10 14:43:07","userId":3}
{"level":"info","message":"Получение заданий для пользователя ID: 3","timestamp":"2026-04-10 14:43:07"}
{"level":"info","message":"Получение ожидающих приглашений пользователя","timestamp":"2026-04-10 14:43:07","userId":3}
{"level":"info","message":"Получение заданий для пользователя ID: 3","timestamp":"2026-04-10 14:43:07"}
{"level":"info","message":"Получение ожидающих приглашений пользователя","timestamp":"2026-04-10 14:43:07","userId":3}
{"level":"info","message":"Получение ожидающих приглашений пользователя","timestamp":"2026-04-10 14:43:07","userId":3}
{"level":"info","message":"Получение заданий для пользователя ID: 3","timestamp":"2026-04-10 14:43:07"}
{"level":"info","message":"Получение ожидающих приглашений пользователя","timestamp":"2026-04-10 14:43:07","userId":3}
{"level":"info","message":"Получение ожидающих приглашений пользователя","timestamp":"2026-04-10 14:43:07","userId":3}
{"level":"info","message":"Получение ожидающих приглашений пользователя","timestamp":"2026-04-10 14:43:38","userId":3}
{"level":"info","message":"Получение заданий для пользователя ID: 3","timestamp":"2026-04-10 14:43:38"}
{"level":"info","message":"Получение ожидающих приглашений пользователя","timestamp":"2026-04-10 14:43:38","userId":3}
{"level":"info","message":"Получение заданий для пользователя ID: 3","timestamp":"2026-04-10 14:43:38"}
{"level":"info","message":"Получение ожидающих приглашений пользователя","timestamp":"2026-04-10 14:43:38","userId":3}
{"level":"info","message":"Получение ожидающих приглашений пользователя","timestamp":"2026-04-10 14:43:38","userId":3}
{"level":"info","message":"Получение заданий для пользователя ID: 3","timestamp":"2026-04-10 14:43:38"}
{"level":"info","message":"Получение ожидающих приглашений пользователя","timestamp":"2026-04-10 14:43:38","userId":3}
{"level":"info","message":"Получение ожидающих приглашений пользователя","timestamp":"2026-04-10 14:43:38","userId":3}
{"level":"info","message":"Получение заданий для пользователя ID: 3","timestamp":"2026-04-10 14:44:09"}
{"level":"info","message":"Получение ожидающих приглашений пользователя","timestamp":"2026-04-10 14:44:09","userId":3}
{"level":"info","message":"Получение ожидающих приглашений пользователя","timestamp":"2026-04-10 14:44:09","userId":3}
{"level":"info","message":"Получение заданий для пользователя ID: 3","timestamp":"2026-04-10 14:44:09"}
{"level":"info","message":"Получение ожидающих приглашений пользователя","timestamp":"2026-04-10 14:44:09","userId":3}
{"level":"info","message":"Получение ожидающих приглашений пользователя","timestamp":"2026-04-10 14:44:09","userId":3}
{"level":"info","message":"Получение заданий для пользователя ID: 3","timestamp":"2026-04-10 14:44:09"}
{"level":"info","message":"Получение ожидающих приглашений пользователя","timestamp":"2026-04-10 14:44:09","userId":3}
{"level":"info","message":"Получение ожидающих приглашений пользователя","timestamp":"2026-04-10 14:44:09","userId":3}
{"level":"info","message":"Получение ожидающих приглашений пользователя","timestamp":"2026-04-10 14:44:40","userId":3}
{"level":"info","message":"Получение заданий для пользователя ID: 3","timestamp":"2026-04-10 14:44:40"}
{"level":"info","message":"Получение ожидающих приглашений пользователя","timestamp":"2026-04-10 14:44:40","userId":3}
{"level":"info","message":"Получение заданий для пользователя ID: 3","timestamp":"2026-04-10 14:44:40"}
{"level":"info","message":"Получение ожидающих приглашений пользователя","timestamp":"2026-04-10 14:44:40","userId":3}
{"level":"info","message":"Получение заданий для пользователя ID: 3","timestamp":"2026-04-10 14:44:40"}
{"level":"info","message":"Получение ожидающих приглашений пользователя","timestamp":"2026-04-10 14:44:40","userId":3}
{"level":"info","message":"Получение ожидающих приглашений пользователя","timestamp":"2026-04-10 14:44:40","userId":3}
{"level":"info","message":"Получение ожидающих приглашений пользователя","timestamp":"2026-04-10 14:44:40","userId":3}
{"level":"info","message":"Получение заданий для пользователя ID: 3","timestamp":"2026-04-10 14:45:11"}
{"level":"info","message":"Получение ожидающих приглашений пользователя","timestamp":"2026-04-10 14:45:11","userId":3}
{"level":"info","message":"Получение ожидающих приглашений пользователя","timestamp":"2026-04-10 14:45:11","userId":3}
{"level":"info","message":"Получение заданий для пользователя ID: 3","timestamp":"2026-04-10 14:45:11"}
{"level":"info","message":"Получение ожидающих приглашений пользователя","timestamp":"2026-04-10 14:45:11","userId":3}
{"level":"info","message":"Получение ожидающих приглашений пользователя","timestamp":"2026-04-10 14:45:11","userId":3}
{"level":"info","message":"Получение заданий для пользователя ID: 3","timestamp":"2026-04-10 14:45:11"}
{"level":"info","message":"Получение ожидающих приглашений пользователя","timestamp":"2026-04-10 14:45:11","userId":3}
{"level":"info","message":"Получение ожидающих приглашений пользователя","timestamp":"2026-04-10 14:45:11","userId":3}
{"level":"info","message":"Получение заданий для пользователя ID: 3","timestamp":"2026-04-10 14:45:42"}
{"level":"info","message":"Получение ожидающих приглашений пользователя","timestamp":"2026-04-10 14:45:42","userId":3}
{"level":"info","message":"Получение ожидающих приглашений пользователя","timestamp":"2026-04-10 14:45:42","userId":3}
{"level":"info","message":"Получение заданий для пользователя ID: 3","timestamp":"2026-04-10 14:45:42"}
{"level":"info","message":"Получение ожидающих приглашений пользователя","timestamp":"2026-04-10 14:45:42","userId":3}
{"level":"info","message":"Получение ожидающих приглашений пользователя","timestamp":"2026-04-10 14:45:42","userId":3}
{"level":"info","message":"Получение заданий для пользователя ID: 3","timestamp":"2026-04-10 14:45:42"}
{"level":"info","message":"Получение ожидающих приглашений пользователя","timestamp":"2026-04-10 14:45:42","userId":3}
{"level":"info","message":"Получение ожидающих приглашений пользователя","timestamp":"2026-04-10 14:45:42","userId":3}
{"level":"info","message":"Получение ожидающих приглашений пользователя","timestamp":"2026-04-10 14:46:13","userId":3}
{"level":"info","message":"Получение заданий для пользователя ID: 3","timestamp":"2026-04-10 14:46:13"}
{"level":"info","message":"Получение ожидающих приглашений пользователя","timestamp":"2026-04-10 14:46:13","userId":3}
{"level":"info","message":"Получение заданий для пользователя ID: 3","timestamp":"2026-04-10 14:46:13"}
{"level":"info","message":"Получение ожидающих приглашений пользователя","timestamp":"2026-04-10 14:46:13","userId":3}
{"level":"info","message":"Получение ожидающих приглашений пользователя","timestamp":"2026-04-10 14:46:13","userId":3}
{"level":"info","message":"Получение заданий для пользователя ID: 3","timestamp":"2026-04-10 14:46:13"}
{"level":"info","message":"Получение ожидающих приглашений пользователя","timestamp":"2026-04-10 14:46:13","userId":3}
{"level":"info","message":"Получение ожидающих приглашений пользователя","timestamp":"2026-04-10 14:46:13","userId":3}
{"level":"info","message":"Получение заданий для пользователя ID: 3","timestamp":"2026-04-10 14:46:44"}
{"level":"info","message":"Получение ожидающих приглашений пользователя","timestamp":"2026-04-10 14:46:44","userId":3}
{"level":"info","message":"Получение ожидающих приглашений пользователя","timestamp":"2026-04-10 14:46:44","userId":3}
{"level":"info","message":"Получение заданий для пользователя ID: 3","timestamp":"2026-04-10 14:46:44"}
{"level":"info","message":"Получение ожидающих приглашений пользователя","timestamp":"2026-04-10 14:46:44","userId":3}
{"level":"info","message":"Получение ожидающих приглашений пользователя","timestamp":"2026-04-10 14:46:44","userId":3}
{"level":"info","message":"Получение заданий для пользователя ID: 3","timestamp":"2026-04-10 14:46:44"}
{"level":"info","message":"Получение ожидающих приглашений пользователя","timestamp":"2026-04-10 14:46:44","userId":3}
{"level":"info","message":"Получение ожидающих приглашений пользователя","timestamp":"2026-04-10 14:46:44","userId":3}
{"level":"info","message":"Получение заданий для пользователя ID: 3","timestamp":"2026-04-10 14:47:15"}
{"level":"info","message":"Получение ожидающих приглашений пользователя","timestamp":"2026-04-10 14:47:15","userId":3}
{"level":"info","message":"Получение ожидающих приглашений пользователя","timestamp":"2026-04-10 14:47:15","userId":3}
{"level":"info","message":"Получение заданий для пользователя ID: 3","timestamp":"2026-04-10 14:47:15"}
{"level":"info","message":"Получение ожидающих приглашений пользователя","timestamp":"2026-04-10 14:47:15","userId":3}
{"level":"info","message":"Получение ожидающих приглашений пользователя","timestamp":"2026-04-10 14:47:15","userId":3}
{"level":"info","message":"Получение заданий для пользователя ID: 3","timestamp":"2026-04-10 14:47:15"}
{"level":"info","message":"Получение ожидающих приглашений пользователя","timestamp":"2026-04-10 14:47:15","userId":3}
{"level":"info","message":"Получение ожидающих приглашений пользователя","timestamp":"2026-04-10 14:47:15","userId":3}
{"level":"info","message":"Получение ожидающих приглашений пользователя","timestamp":"2026-04-10 14:47:46","userId":3}
{"level":"info","message":"Получение заданий для пользователя ID: 3","timestamp":"2026-04-10 14:47:46"}
{"level":"info","message":"Получение ожидающих приглашений пользователя","timestamp":"2026-04-10 14:47:46","userId":3}
{"level":"info","message":"Получение заданий для пользователя ID: 3","timestamp":"2026-04-10 14:47:46"}
{"level":"info","message":"Получение ожидающих приглашений пользователя","timestamp":"2026-04-10 14:47:46","userId":3}
{"level":"info","message":"Получение ожидающих приглашений пользователя","timestamp":"2026-04-10 14:47:46","userId":3}
{"level":"info","message":"Получение заданий для пользователя ID: 3","timestamp":"2026-04-10 14:47:46"}
{"level":"info","message":"Получение ожидающих приглашений пользователя","timestamp":"2026-04-10 14:47:46","userId":3}
{"level":"info","message":"Получение ожидающих приглашений пользователя","timestamp":"2026-04-10 14:47:46","userId":3}
