{"level":"info","message":"Получение заданий для пользователя ID: 3","timestamp":"2026-03-22 12:22:12"}
{"level":"info","message":"Получение ожидающих приглашений пользователя","timestamp":"2026-03-22 12:22:12","userId":3}
{"level":"info","message":"Получение заданий для пользователя ID: 3","timestamp":"2026-03-22 12:22:12"}
{"level":"info","message":"Получение ожидающих приглашений пользователя","timestamp":"2026-03-22 12:22:12","userId":3}
{"level":"info","message":"Получение ожидающих приглашений пользователя","timestamp":"2026-03-22 12:22:12","userId":3}
{"level":"info","message":"Получение заданий для пользователя ID: 3","timestamp":"2026-03-22 12:22:12"}
{"assignmentId":58,"level":"info","message":"Получение состава команды проекта","timestamp":"2026-03-22 12:22:12"}
{"level":"info","message":"Получение заданий для пользователя ID: 3","timestamp":"2026-03-22 12:22:12"}
{"level":"info","message":"Получение ожидающих приглашений пользователя","timestamp":"2026-03-22 12:22:12","userId":3}
{"level":"info","message":"Получение ожидающих приглашений пользователя","timestamp":"2026-03-22 12:22:12","userId":3}
{"level":"info","message":"Получение заданий для пользователя ID: 3","timestamp":"2026-03-22 12:22:12"}
{"assignmentId":58,"level":"info","message":"Получение состава команды проекта","timestamp":"2026-03-22 12:22:12"}
{"assignmentId":58,"level":"info","message":"Получение состава команды проекта","timestamp":"2026-03-22 12:22:12"}
{"assignmentId":58,"level":"info","message":"Получение состава команды проекта","timestamp":"2026-03-22 12:22:12"}
{"level":"info","message":"Получение заданий для пользователя ID: 3","timestamp":"2026-03-22 12:22:14"}
{"level":"info","message":"Получение ожидающих приглашений пользователя","timestamp":"2026-03-22 12:22:14","userId":3}
{"level":"info","message":"Получение ожидающих приглашений пользователя","timestamp":"2026-03-22 12:22:14","userId":3}
{"level":"info","message":"Получение заданий для пользователя ID: 3","timestamp":"2026-03-22 12:22:14"}
{"level":"info","message":"Получение ожидающих приглашений пользователя","timestamp":"2026-03-22 12:22:14","userId":3}
{"assignmentId":58,"level":"info","message":"Получение состава команды проекта","timestamp":"2026-03-22 12:22:14"}
{"level":"info","message":"Получение заданий для пользователя ID: 3","timestamp":"2026-03-22 12:22:14"}
{"level":"info","message":"Получение ожидающих приглашений пользователя","timestamp":"2026-03-22 12:22:14","userId":3}
{"level":"info","message":"Получение ожидающих приглашений пользователя","timestamp":"2026-03-22 12:22:14","userId":3}
{"level":"info","message":"Получение заданий для пользователя ID: 3","timestamp":"2026-03-22 12:22:14"}
{"assignmentId":58,"level":"info","message":"Получение состава команды проекта","timestamp":"2026-03-22 12:22:14"}
{"level":"info","message":"Получение заданий для пользователя ID: 3","timestamp":"2026-03-22 12:22:14"}
{"assignmentId":58,"level":"info","message":"Получение состава команды проекта","timestamp":"2026-03-22 12:22:14"}
{"assignmentId":58,"level":"info","message":"Получение состава команды проекта","timestamp":"2026-03-22 12:22:14"}
{"assignmentId":58,"level":"info","message":"Получение состава команды проекта","timestamp":"2026-03-22 12:22:14"}
{"level":"info","message":"Получение заданий для пользователя ID: 3","timestamp":"2026-03-22 12:22:16"}
{"level":"info","message":"Получение ожидающих приглашений пользователя","timestamp":"2026-03-22 12:22:16","userId":3}
{"level":"info","message":"Получение ожидающих приглашений пользователя","timestamp":"2026-03-22 12:22:16","userId":3}
{"level":"info","message":"Получение заданий для пользователя ID: 3","timestamp":"2026-03-22 12:22:16"}
{"level":"info","message":"Получение ожидающих приглашений пользователя","timestamp":"2026-03-22 12:22:16","userId":3}
{"level":"info","message":"Получение заданий для пользователя ID: 3","timestamp":"2026-03-22 12:22:16"}
{"assignmentId":58,"level":"info","message":"Получение состава команды проекта","timestamp":"2026-03-22 12:22:16"}
{"level":"info","message":"Получение ожидающих приглашений пользователя","timestamp":"2026-03-22 12:22:16","userId":3}
{"level":"info","message":"Получение заданий для пользователя ID: 3","timestamp":"2026-03-22 12:22:16"}
{"level":"info","message":"Получение ожидающих приглашений пользователя","timestamp":"2026-03-22 12:22:16","userId":3}
{"assignmentId":58,"level":"info","message":"Получение состава команды проекта","timestamp":"2026-03-22 12:22:16"}
{"level":"info","message":"Получение заданий для пользователя ID: 3","timestamp":"2026-03-22 12:22:16"}
{"assignmentId":58,"level":"info","message":"Получение состава команды проекта","timestamp":"2026-03-22 12:22:16"}
{"assignmentId":58,"level":"info","message":"Получение состава команды проекта","timestamp":"2026-03-22 12:22:16"}
{"assignmentId":58,"level":"info","message":"Получение состава команды проекта","timestamp":"2026-03-22 12:22:16"}
{"level":"info","message":"Получение заданий для пользователя ID: 3","timestamp":"2026-03-22 12:22:17"}
{"level":"info","message":"Получение ожидающих приглашений пользователя","timestamp":"2026-03-22 12:22:17","userId":3}
{"level":"info","message":"Получение ожидающих приглашений пользователя","timestamp":"2026-03-22 12:22:17","userId":3}
{"level":"info","message":"Получение заданий для пользователя ID: 3","timestamp":"2026-03-22 12:22:17"}
{"level":"info","message":"Получение ожидающих приглашений пользователя","timestamp":"2026-03-22 12:22:17","userId":3}
{"assignmentId":58,"level":"info","message":"Получение состава команды проекта","timestamp":"2026-03-22 12:22:18"}
{"level":"info","message":"Получение заданий для пользователя ID: 3","timestamp":"2026-03-22 12:22:18"}
{"level":"info","message":"Получение ожидающих приглашений пользователя","timestamp":"2026-03-22 12:22:18","userId":3}
{"level":"info","message":"Получение заданий для пользователя ID: 3","timestamp":"2026-03-22 12:22:18"}
{"level":"info","message":"Получение ожидающих приглашений пользователя","timestamp":"2026-03-22 12:22:18","userId":3}
{"assignmentId":58,"level":"info","message":"Получение состава команды проекта","timestamp":"2026-03-22 12:22:18"}
{"level":"info","message":"Получение заданий для пользователя ID: 3","timestamp":"2026-03-22 12:22:18"}
{"assignmentId":58,"level":"info","message":"Получение состава команды проекта","timestamp":"2026-03-22 12:22:18"}
{"assignmentId":58,"level":"info","message":"Получение состава команды проекта","timestamp":"2026-03-22 12:22:18"}
{"assignmentId":58,"level":"info","message":"Получение состава команды проекта","timestamp":"2026-03-22 12:22:18"}
{"level":"info","message":"Получение заданий для пользователя ID: 3","timestamp":"2026-03-22 12:22:18"}
{"level":"info","message":"Получение ожидающих приглашений пользователя","timestamp":"2026-03-22 12:22:18","userId":3}
{"level":"info","message":"Получение ожидающих приглашений пользователя","timestamp":"2026-03-22 12:22:18","userId":3}
{"level":"info","message":"Получение заданий для пользователя ID: 3","timestamp":"2026-03-22 12:22:18"}
{"level":"info","message":"Получение ожидающих приглашений пользователя","timestamp":"2026-03-22 12:22:18","userId":3}
{"assignmentId":58,"level":"info","message":"Получение состава команды проекта","timestamp":"2026-03-22 12:22:18"}
{"level":"info","message":"Получение заданий для пользователя ID: 3","timestamp":"2026-03-22 12:22:18"}
{"level":"info","message":"Получение заданий для пользователя ID: 3","timestamp":"2026-03-22 12:22:18"}
{"level":"info","message":"Получение ожидающих приглашений пользователя","timestamp":"2026-03-22 12:22:18","userId":3}
{"level":"info","message":"Получение ожидающих приглашений пользователя","timestamp":"2026-03-22 12:22:18","userId":3}
{"level":"info","message":"Получение заданий для пользователя ID: 3","timestamp":"2026-03-22 12:22:18"}
{"assignmentId":58,"level":"info","message":"Получение состава команды проекта","timestamp":"2026-03-22 12:22:18"}
{"assignmentId":58,"level":"info","message":"Получение состава команды проекта","timestamp":"2026-03-22 12:22:18"}
{"assignmentId":58,"level":"info","message":"Получение состава команды проекта","timestamp":"2026-03-22 12:22:18"}
{"assignmentId":58,"level":"info","message":"Получение состава команды проекта","timestamp":"2026-03-22 12:22:18"}
{"level":"info","message":"Получение заданий для пользователя ID: 3","timestamp":"2026-03-22 12:22:29"}
{"level":"info","message":"Получение ожидающих приглашений пользователя","timestamp":"2026-03-22 12:22:29","userId":3}
{"level":"info","message":"Получение ожидающих приглашений пользователя","timestamp":"2026-03-22 12:22:29","userId":3}
{"level":"info","message":"Получение заданий для пользователя ID: 3","timestamp":"2026-03-22 12:22:29"}
{"level":"info","message":"Получение ожидающих приглашений пользователя","timestamp":"2026-03-22 12:22:29","userId":3}
{"level":"info","message":"Получение заданий для пользователя ID: 3","timestamp":"2026-03-22 12:22:29"}
{"assignmentId":58,"level":"info","message":"Получение состава команды проекта","timestamp":"2026-03-22 12:22:29"}
{"level":"info","message":"Получение заданий для пользователя ID: 3","timestamp":"2026-03-22 12:22:29"}
{"level":"info","message":"Получение ожидающих приглашений пользователя","timestamp":"2026-03-22 12:22:29","userId":3}
{"level":"info","message":"Получение ожидающих приглашений пользователя","timestamp":"2026-03-22 12:22:29","userId":3}
{"level":"info","message":"Получение заданий для пользователя ID: 3","timestamp":"2026-03-22 12:22:29"}
{"assignmentId":58,"level":"info","message":"Получение состава команды проекта","timestamp":"2026-03-22 12:22:29"}
{"assignmentId":58,"level":"info","message":"Получение состава команды проекта","timestamp":"2026-03-22 12:22:29"}
{"assignmentId":58,"level":"info","message":"Получение состава команды проекта","timestamp":"2026-03-22 12:22:29"}
{"assignmentId":58,"level":"info","message":"Получение состава команды проекта","timestamp":"2026-03-22 12:22:29"}
{"level":"info","message":"Получение заданий для пользователя ID: 3","timestamp":"2026-03-22 12:22:31"}
{"level":"info","message":"Получение заданий для пользователя ID: 3","timestamp":"2026-03-22 12:22:31"}
{"level":"info","message":"Получение заданий для пользователя ID: 3","timestamp":"2026-03-22 12:22:31"}
{"level":"info","message":"Получение ожидающих приглашений пользователя","timestamp":"2026-03-22 12:22:43","userId":1}
{"level":"info","message":"Получение ожидающих приглашений пользователя","timestamp":"2026-03-22 12:22:43","userId":1}
{"level":"info","message":"Получение заданий для пользователя ID: 1","timestamp":"2026-03-22 12:22:43"}
{"level":"info","message":"Получение ожидающих приглашений пользователя","timestamp":"2026-03-22 12:22:43","userId":1}
{"level":"info","message":"Получение заданий для пользователя ID: 1","timestamp":"2026-03-22 12:22:43"}
{"level":"info","message":"Получение заданий для пользователя ID: 1","timestamp":"2026-03-22 12:22:43"}
{"assignmentId":53,"level":"info","message":"Получение состава команды проекта","timestamp":"2026-03-22 12:22:43"}
{"level":"info","message":"Получение заданий для пользователя ID: 1","timestamp":"2026-03-22 12:22:43"}
{"level":"info","message":"Получение ожидающих приглашений пользователя","timestamp":"2026-03-22 12:22:43","userId":1}
{"level":"info","message":"Получение ожидающих приглашений пользователя","timestamp":"2026-03-22 12:22:43","userId":1}
{"assignmentId":53,"level":"info","message":"Получение состава команды проекта","timestamp":"2026-03-22 12:22:43"}
{"level":"info","message":"Получение заданий для пользователя ID: 1","timestamp":"2026-03-22 12:22:43"}
{"assignmentId":53,"level":"info","message":"Получение состава команды проекта","timestamp":"2026-03-22 12:22:43"}
{"assignmentId":53,"level":"info","message":"Получение состава команды проекта","timestamp":"2026-03-22 12:22:43"}
{"level":"info","message":"Получение ожидающих приглашений пользователя","timestamp":"2026-03-22 12:23:13","userId":1}
{"level":"info","message":"Получение заданий для пользователя ID: 1","timestamp":"2026-03-22 12:23:13"}
{"level":"info","message":"Получение ожидающих приглашений пользователя","timestamp":"2026-03-22 12:23:13","userId":1}
{"level":"info","message":"Получение заданий для пользователя ID: 1","timestamp":"2026-03-22 12:23:13"}
{"level":"info","message":"Получение ожидающих приглашений пользователя","timestamp":"2026-03-22 12:23:13","userId":1}
{"assignmentId":53,"level":"info","message":"Получение состава команды проекта","timestamp":"2026-03-22 12:23:13"}
{"level":"info","message":"Получение заданий для пользователя ID: 1","timestamp":"2026-03-22 12:23:13"}
{"assignmentId":53,"level":"info","message":"Получение состава команды проекта","timestamp":"2026-03-22 12:23:13"}
{"assignmentId":53,"level":"info","message":"Получение состава команды проекта","timestamp":"2026-03-22 12:23:13"}
{"level":"info","message":"Получение заданий для пользователя ID: 3","timestamp":"2026-03-22 12:23:18"}
{"level":"info","message":"Получение ожидающих приглашений пользователя","timestamp":"2026-03-22 12:23:18","userId":3}
{"level":"info","message":"Получение заданий для пользователя ID: 3","timestamp":"2026-03-22 12:23:18"}
{"level":"info","message":"Получение ожидающих приглашений пользователя","timestamp":"2026-03-22 12:23:18","userId":3}
{"level":"info","message":"Получение ожидающих приглашений пользователя","timestamp":"2026-03-22 12:23:18","userId":3}
{"level":"info","message":"Получение заданий для пользователя ID: 3","timestamp":"2026-03-22 12:23:18"}
{"assignmentId":58,"level":"info","message":"Получение состава команды проекта","timestamp":"2026-03-22 12:23:18"}
{"level":"info","message":"Получение заданий для пользователя ID: 3","timestamp":"2026-03-22 12:23:18"}
{"level":"info","message":"Получение ожидающих приглашений пользователя","timestamp":"2026-03-22 12:23:18","userId":3}
{"level":"info","message":"Получение ожидающих приглашений пользователя","timestamp":"2026-03-22 12:23:18","userId":3}
{"level":"info","message":"Получение заданий для пользователя ID: 3","timestamp":"2026-03-22 12:23:18"}
{"assignmentId":58,"level":"info","message":"Получение состава команды проекта","timestamp":"2026-03-22 12:23:18"}
{"assignmentId":58,"level":"info","message":"Получение состава команды проекта","timestamp":"2026-03-22 12:23:18"}
{"assignmentId":58,"level":"info","message":"Получение состава команды проекта","timestamp":"2026-03-22 12:23:18"}
{"level":"info","message":"Получение заданий для пользователя ID: 3","timestamp":"2026-03-22 12:23:35"}
{"level":"info","message":"Получение заданий для пользователя ID: 3","timestamp":"2026-03-22 12:23:35"}
{"level":"info","message":"Получение заданий для пользователя ID: 3","timestamp":"2026-03-22 12:23:35"}
{"level":"info","message":"Получение заданий для пользователя ID: 1","timestamp":"2026-03-22 12:23:43"}
{"level":"info","message":"Получение ожидающих приглашений пользователя","timestamp":"2026-03-22 12:23:43","userId":1}
{"level":"info","message":"Получение ожидающих приглашений пользователя","timestamp":"2026-03-22 12:23:43","userId":1}
{"level":"info","message":"Получение заданий для пользователя ID: 1","timestamp":"2026-03-22 12:23:43"}
{"level":"info","message":"Получение ожидающих приглашений пользователя","timestamp":"2026-03-22 12:23:44","userId":1}
{"level":"info","message":"Получение ожидающих приглашений пользователя","timestamp":"2026-03-22 12:23:44","userId":1}
{"level":"info","message":"Получение заданий для пользователя ID: 1","timestamp":"2026-03-22 12:23:44"}
{"level":"info","message":"Получение ожидающих приглашений пользователя","timestamp":"2026-03-22 12:23:44","userId":1}
{"level":"info","message":"Получение заданий для пользователя ID: 1","timestamp":"2026-03-22 12:23:44"}
{"level":"info","message":"Получение заданий для пользователя ID: 1","timestamp":"2026-03-22 12:23:44"}
{"assignmentId":53,"level":"info","message":"Получение состава команды проекта","timestamp":"2026-03-22 12:23:44"}
{"assignmentId":53,"level":"info","message":"Получение состава команды проекта","timestamp":"2026-03-22 12:23:44"}
{"assignmentId":53,"level":"info","message":"Получение состава команды проекта","timestamp":"2026-03-22 12:23:44"}
{"level":"info","message":"Получение заданий для пользователя ID: 1","timestamp":"2026-03-22 12:23:46"}
{"level":"info","message":"Получение заданий для пользователя ID: 1","timestamp":"2026-03-22 12:23:46"}
{"level":"info","message":"Получение заданий для пользователя ID: 1","timestamp":"2026-03-22 12:23:46"}
{"level":"info","message":"Получение заданий для пользователя ID: 1","timestamp":"2026-03-22 12:27:36"}
{"level":"info","message":"Получение заданий для пользователя ID: 1","timestamp":"2026-03-22 12:27:36"}
{"level":"info","message":"Получение заданий для пользователя ID: 1","timestamp":"2026-03-22 12:27:36"}
{"level":"info","message":"Получение заданий для пользователя ID: 1","timestamp":"2026-03-22 12:37:37"}
{"level":"info","message":"Получение заданий для пользователя ID: 1","timestamp":"2026-03-22 12:37:37"}
{"level":"info","message":"Получение заданий для пользователя ID: 1","timestamp":"2026-03-22 12:37:37"}
{"level":"info","message":"Получение заданий для пользователя ID: 1","timestamp":"2026-03-22 12:38:18"}
{"level":"info","message":"Получение заданий для пользователя ID: 1","timestamp":"2026-03-22 12:38:19"}
{"level":"info","message":"Получение заданий для пользователя ID: 1","timestamp":"2026-03-22 12:38:19"}
{"level":"info","message":"Получение заданий для пользователя ID: 1","timestamp":"2026-03-22 12:38:55"}
{"level":"info","message":"Получение заданий для пользователя ID: 1","timestamp":"2026-03-22 12:38:55"}
{"level":"info","message":"Получение заданий для пользователя ID: 1","timestamp":"2026-03-22 12:38:55"}
{"level":"info","message":"Получение заданий для пользователя ID: 1","timestamp":"2026-03-22 12:50:37"}
{"level":"info","message":"Получение заданий для пользователя ID: 1","timestamp":"2026-03-22 12:50:37"}
{"level":"info","message":"Получение заданий для пользователя ID: 1","timestamp":"2026-03-22 12:50:37"}
{"level":"info","message":"Получение заданий для пользователя ID: 1","timestamp":"2026-03-22 13:10:19"}
{"level":"info","message":"Получение ожидающих приглашений пользователя","timestamp":"2026-03-22 13:10:19","userId":1}
{"level":"info","message":"Получение заданий для пользователя ID: 1","timestamp":"2026-03-22 13:10:19"}
{"level":"info","message":"Получение ожидающих приглашений пользователя","timestamp":"2026-03-22 13:10:19","userId":1}
{"level":"info","message":"Получение ожидающих приглашений пользователя","timestamp":"2026-03-22 13:10:19","userId":1}
{"level":"info","message":"Получение заданий для пользователя ID: 1","timestamp":"2026-03-22 13:10:19"}
{"level":"info","message":"Получение ожидающих приглашений пользователя","timestamp":"2026-03-22 13:10:19","userId":1}
{"level":"info","message":"Получение заданий для пользователя ID: 1","timestamp":"2026-03-22 13:10:19"}
{"level":"info","message":"Получение ожидающих приглашений пользователя","timestamp":"2026-03-22 13:10:19","userId":1}
{"level":"info","message":"Получение заданий для пользователя ID: 1","timestamp":"2026-03-22 13:10:19"}
{"assignmentId":53,"level":"info","message":"Получение состава команды проекта","timestamp":"2026-03-22 13:10:19"}
{"assignmentId":53,"level":"info","message":"Получение состава команды проекта","timestamp":"2026-03-22 13:10:19"}
{"assignmentId":53,"level":"info","message":"Получение состава команды проекта","timestamp":"2026-03-22 13:10:19"}
{"level":"info","message":"Получение заданий для пользователя ID: 3","timestamp":"2026-03-22 13:10:25"}
{"level":"info","message":"Получение ожидающих приглашений пользователя","timestamp":"2026-03-22 13:10:25","userId":3}
{"level":"info","message":"Получение заданий для пользователя ID: 3","timestamp":"2026-03-22 13:10:25"}
{"level":"info","message":"Получение ожидающих приглашений пользователя","timestamp":"2026-03-22 13:10:25","userId":3}
{"level":"info","message":"Получение ожидающих приглашений пользователя","timestamp":"2026-03-22 13:10:25","userId":3}
{"level":"info","message":"Получение заданий для пользователя ID: 3","timestamp":"2026-03-22 13:10:25"}
{"assignmentId":58,"level":"info","message":"Получение состава команды проекта","timestamp":"2026-03-22 13:10:25"}
{"level":"info","message":"Получение заданий для пользователя ID: 3","timestamp":"2026-03-22 13:10:25"}
{"level":"info","message":"Получение ожидающих приглашений пользователя","timestamp":"2026-03-22 13:10:25","userId":3}
{"level":"info","message":"Получение ожидающих приглашений пользователя","timestamp":"2026-03-22 13:10:25","userId":3}
{"level":"info","message":"Получение заданий для пользователя ID: 3","timestamp":"2026-03-22 13:10:25"}
{"assignmentId":58,"level":"info","message":"Получение состава команды проекта","timestamp":"2026-03-22 13:10:25"}
{"assignmentId":58,"level":"info","message":"Получение состава команды проекта","timestamp":"2026-03-22 13:10:25"}
{"assignmentId":58,"level":"info","message":"Получение состава команды проекта","timestamp":"2026-03-22 13:10:25"}
{"assignmentId":58,"level":"info","message":"Получение состава команды проекта","timestamp":"2026-03-22 13:10:25"}
{"assignmentId":58,"level":"info","message":"Удаление задания","timestamp":"2026-03-22 13:10:29"}
{"assignmentId":58,"level":"info","message":"Задание успешно удалено","timestamp":"2026-03-22 13:10:29"}
{"level":"info","message":"Получение заданий для пользователя ID: 3","timestamp":"2026-03-22 13:10:29"}
{"level":"info","message":"Получение заданий для пользователя ID: 1","timestamp":"2026-03-22 13:11:03"}
{"level":"info","message":"Получение ожидающих приглашений пользователя","timestamp":"2026-03-22 13:11:03","userId":1}
{"level":"info","message":"Получение заданий для пользователя ID: 1","timestamp":"2026-03-22 13:11:03"}
{"level":"info","message":"Получение ожидающих приглашений пользователя","timestamp":"2026-03-22 13:11:03","userId":1}
{"level":"info","message":"Получение ожидающих приглашений пользователя","timestamp":"2026-03-22 13:11:03","userId":1}
{"level":"info","message":"Получение заданий для пользователя ID: 1","timestamp":"2026-03-22 13:11:03"}
{"level":"info","message":"Получение ожидающих приглашений пользователя","timestamp":"2026-03-22 13:11:03","userId":1}
{"level":"info","message":"Получение заданий для пользователя ID: 1","timestamp":"2026-03-22 13:11:03"}
{"level":"info","message":"Получение ожидающих приглашений пользователя","timestamp":"2026-03-22 13:11:03","userId":1}
{"level":"info","message":"Получение заданий для пользователя ID: 1","timestamp":"2026-03-22 13:11:03"}
{"assignmentId":53,"level":"info","message":"Получение состава команды проекта","timestamp":"2026-03-22 13:11:03"}
{"assignmentId":53,"level":"info","message":"Получение состава команды проекта","timestamp":"2026-03-22 13:11:04"}
{"assignmentId":53,"level":"info","message":"Получение состава команды проекта","timestamp":"2026-03-22 13:11:04"}
{"level":"info","message":"Получение заданий для пользователя ID: 1","timestamp":"2026-03-22 13:11:34"}
{"level":"info","message":"Получение ожидающих приглашений пользователя","timestamp":"2026-03-22 13:11:34","userId":1}
{"level":"info","message":"Получение заданий для пользователя ID: 1","timestamp":"2026-03-22 13:11:34"}
{"level":"info","message":"Получение ожидающих приглашений пользователя","timestamp":"2026-03-22 13:11:34","userId":1}
{"assignmentId":53,"level":"info","message":"Получение состава команды проекта","timestamp":"2026-03-22 13:11:34"}
{"level":"info","message":"Получение ожидающих приглашений пользователя","timestamp":"2026-03-22 13:11:34","userId":1}
{"level":"info","message":"Получение заданий для пользователя ID: 1","timestamp":"2026-03-22 13:11:34"}
{"assignmentId":53,"level":"info","message":"Получение состава команды проекта","timestamp":"2026-03-22 13:11:34"}
{"assignmentId":53,"level":"info","message":"Получение состава команды проекта","timestamp":"2026-03-22 13:11:34"}
{"level":"info","message":"Получение ожидающих приглашений пользователя","timestamp":"2026-03-22 13:12:04","userId":1}
{"level":"info","message":"Получение заданий для пользователя ID: 1","timestamp":"2026-03-22 13:12:04"}
{"level":"info","message":"Получение ожидающих приглашений пользователя","timestamp":"2026-03-22 13:12:04","userId":1}
{"level":"info","message":"Получение ожидающих приглашений пользователя","timestamp":"2026-03-22 13:12:04","userId":1}
{"level":"info","message":"Получение заданий для пользователя ID: 1","timestamp":"2026-03-22 13:12:04"}
{"level":"info","message":"Получение заданий для пользователя ID: 1","timestamp":"2026-03-22 13:12:04"}
{"assignmentId":53,"level":"info","message":"Получение состава команды проекта","timestamp":"2026-03-22 13:12:04"}
{"assignmentId":53,"level":"info","message":"Получение состава команды проекта","timestamp":"2026-03-22 13:12:04"}
{"assignmentId":53,"level":"info","message":"Получение состава команды проекта","timestamp":"2026-03-22 13:12:04"}
{"level":"info","message":"Получение ожидающих приглашений пользователя","timestamp":"2026-03-22 13:12:34","userId":1}
{"level":"info","message":"Получение заданий для пользователя ID: 1","timestamp":"2026-03-22 13:12:34"}
{"level":"info","message":"Получение ожидающих приглашений пользователя","timestamp":"2026-03-22 13:12:34","userId":1}
{"level":"info","message":"Получение ожидающих приглашений пользователя","timestamp":"2026-03-22 13:12:34","userId":1}
{"level":"info","message":"Получение заданий для пользователя ID: 1","timestamp":"2026-03-22 13:12:34"}
{"level":"info","message":"Получение заданий для пользователя ID: 1","timestamp":"2026-03-22 13:12:34"}
{"assignmentId":53,"level":"info","message":"Получение состава команды проекта","timestamp":"2026-03-22 13:12:34"}
{"assignmentId":53,"level":"info","message":"Получение состава команды проекта","timestamp":"2026-03-22 13:12:34"}
{"assignmentId":53,"level":"info","message":"Получение состава команды проекта","timestamp":"2026-03-22 13:12:34"}
{"level":"info","message":"Получение заданий для пользователя ID: 1","timestamp":"2026-03-22 13:13:05"}
{"level":"info","message":"Получение ожидающих приглашений пользователя","timestamp":"2026-03-22 13:13:05","userId":1}
{"level":"info","message":"Получение ожидающих приглашений пользователя","timestamp":"2026-03-22 13:13:05","userId":1}
{"level":"info","message":"Получение заданий для пользователя ID: 1","timestamp":"2026-03-22 13:13:05"}
{"level":"info","message":"Получение ожидающих приглашений пользователя","timestamp":"2026-03-22 13:13:05","userId":1}
{"level":"info","message":"Получение заданий для пользователя ID: 1","timestamp":"2026-03-22 13:13:05"}
{"assignmentId":53,"level":"info","message":"Получение состава команды проекта","timestamp":"2026-03-22 13:13:05"}
{"assignmentId":53,"level":"info","message":"Получение состава команды проекта","timestamp":"2026-03-22 13:13:05"}
{"assignmentId":53,"level":"info","message":"Получение состава команды проекта","timestamp":"2026-03-22 13:13:05"}
{"level":"info","message":"Получение заданий для пользователя ID: 1","timestamp":"2026-03-22 13:13:36"}
{"level":"info","message":"Получение ожидающих приглашений пользователя","timestamp":"2026-03-22 13:13:36","userId":1}
{"level":"info","message":"Получение ожидающих приглашений пользователя","timestamp":"2026-03-22 13:13:36","userId":1}
{"level":"info","message":"Получение заданий для пользователя ID: 1","timestamp":"2026-03-22 13:13:36"}
{"level":"info","message":"Получение ожидающих приглашений пользователя","timestamp":"2026-03-22 13:13:36","userId":1}
{"level":"info","message":"Получение заданий для пользователя ID: 1","timestamp":"2026-03-22 13:13:36"}
{"assignmentId":53,"level":"info","message":"Получение состава команды проекта","timestamp":"2026-03-22 13:13:36"}
{"assignmentId":53,"level":"info","message":"Получение состава команды проекта","timestamp":"2026-03-22 13:13:36"}
{"assignmentId":53,"level":"info","message":"Получение состава команды проекта","timestamp":"2026-03-22 13:13:36"}
{"level":"info","message":"Получение заданий для пользователя ID: 1","timestamp":"2026-03-22 13:13:39"}
{"level":"info","message":"Получение ожидающих приглашений пользователя","timestamp":"2026-03-22 13:13:39","userId":1}
{"level":"info","message":"Получение ожидающих приглашений пользователя","timestamp":"2026-03-22 13:13:39","userId":1}
{"level":"info","message":"Получение заданий для пользователя ID: 1","timestamp":"2026-03-22 13:13:39"}
{"level":"info","message":"Получение заданий для пользователя ID: 1","timestamp":"2026-03-22 13:13:46"}
{"level":"info","message":"Получение заданий для пользователя ID: 1","timestamp":"2026-03-22 13:13:46"}
{"level":"info","message":"Получение заданий для пользователя ID: 1","timestamp":"2026-03-22 13:13:46"}
{"level":"info","message":"Получение заданий для пользователя ID: 1","timestamp":"2026-03-22 13:13:58"}
{"level":"info","message":"Получение ожидающих приглашений пользователя","timestamp":"2026-03-22 13:13:58","userId":1}
{"level":"info","message":"Получение ожидающих приглашений пользователя","timestamp":"2026-03-22 13:13:58","userId":1}
{"level":"info","message":"Получение заданий для пользователя ID: 1","timestamp":"2026-03-22 13:13:58"}
{"level":"info","message":"Получение заданий для пользователя ID: 1","timestamp":"2026-03-22 13:14:02"}
{"level":"info","message":"Получение заданий для пользователя ID: 1","timestamp":"2026-03-22 13:14:02"}
{"level":"info","message":"Получение заданий для пользователя ID: 1","timestamp":"2026-03-22 13:14:02"}
{"level":"info","message":"Получение заданий для пользователя ID: 1","timestamp":"2026-03-22 13:14:07"}
{"level":"info","message":"Получение ожидающих приглашений пользователя","timestamp":"2026-03-22 13:14:07","userId":1}
{"level":"info","message":"Получение ожидающих приглашений пользователя","timestamp":"2026-03-22 13:14:07","userId":1}
{"level":"info","message":"Получение заданий для пользователя ID: 1","timestamp":"2026-03-22 13:14:07"}
{"level":"info","message":"Получение ожидающих приглашений пользователя","timestamp":"2026-03-22 13:14:07","userId":1}
{"level":"info","message":"Получение заданий для пользователя ID: 1","timestamp":"2026-03-22 13:14:07"}
{"assignmentId":53,"level":"info","message":"Получение состава команды проекта","timestamp":"2026-03-22 13:14:07"}
{"level":"info","message":"Получение заданий для пользователя ID: 1","timestamp":"2026-03-22 13:14:07"}
{"level":"info","message":"Получение ожидающих приглашений пользователя","timestamp":"2026-03-22 13:14:07","userId":1}
{"level":"info","message":"Получение ожидающих приглашений пользователя","timestamp":"2026-03-22 13:14:07","userId":1}
{"level":"info","message":"Получение заданий для пользователя ID: 1","timestamp":"2026-03-22 13:14:07"}
{"assignmentId":53,"level":"info","message":"Получение состава команды проекта","timestamp":"2026-03-22 13:14:07"}
{"assignmentId":53,"level":"info","message":"Получение состава команды проекта","timestamp":"2026-03-22 13:14:07"}
{"assignmentId":53,"level":"info","message":"Получение состава команды проекта","timestamp":"2026-03-22 13:14:07"}
{"level":"info","message":"Получение заданий для пользователя ID: 1","timestamp":"2026-03-22 13:14:09"}
{"level":"info","message":"Получение заданий для пользователя ID: 1","timestamp":"2026-03-22 13:14:09"}
{"level":"info","message":"Получение заданий для пользователя ID: 1","timestamp":"2026-03-22 13:14:09"}
{"level":"info","message":"Получение заданий для пользователя ID: 1","timestamp":"2026-03-22 13:14:14"}
{"level":"info","message":"Получение заданий для пользователя ID: 1","timestamp":"2026-03-22 13:14:14"}
{"level":"info","message":"Получение заданий для пользователя ID: 1","timestamp":"2026-03-22 13:14:14"}
{"level":"info","message":"Получение заданий для пользователя ID: 1","timestamp":"2026-03-22 13:14:15"}
{"level":"info","message":"Получение ожидающих приглашений пользователя","timestamp":"2026-03-22 13:14:15","userId":1}
{"level":"info","message":"Получение ожидающих приглашений пользователя","timestamp":"2026-03-22 13:14:15","userId":1}
{"level":"info","message":"Получение заданий для пользователя ID: 1","timestamp":"2026-03-22 13:14:15"}
{"level":"info","message":"Получение заданий для пользователя ID: 1","timestamp":"2026-03-22 13:17:58"}
{"level":"info","message":"Получение заданий для пользователя ID: 1","timestamp":"2026-03-22 13:17:58"}
{"level":"info","message":"Получение ожидающих приглашений пользователя","timestamp":"2026-03-22 13:17:58","userId":1}
{"level":"info","message":"Получение ожидающих приглашений пользователя","timestamp":"2026-03-22 13:17:58","userId":1}
{"assignmentId":53,"level":"info","message":"Получение состава команды проекта","timestamp":"2026-03-22 13:17:58"}
{"level":"info","message":"Получение заданий для пользователя ID: 1","timestamp":"2026-03-22 13:17:58"}
{"level":"info","message":"Получение ожидающих приглашений пользователя","timestamp":"2026-03-22 13:17:58","userId":1}
{"assignmentId":53,"level":"info","message":"Получение состава команды проекта","timestamp":"2026-03-22 13:17:58"}
{"level":"info","message":"Получение ожидающих приглашений пользователя","timestamp":"2026-03-22 13:17:58","userId":1}
{"level":"info","message":"Получение заданий для пользователя ID: 1","timestamp":"2026-03-22 13:17:58"}
{"level":"info","message":"Получение ожидающих приглашений пользователя","timestamp":"2026-03-22 13:17:58","userId":1}
{"level":"info","message":"Получение заданий для пользователя ID: 1","timestamp":"2026-03-22 13:17:58"}
{"level":"info","message":"Получение заданий для пользователя ID: 1","timestamp":"2026-03-22 13:17:58"}
{"level":"info","message":"Получение ожидающих приглашений пользователя","timestamp":"2026-03-22 13:17:58","userId":1}
{"assignmentId":53,"level":"info","message":"Получение состава команды проекта","timestamp":"2026-03-22 13:17:58"}
{"assignmentId":53,"level":"info","message":"Получение состава команды проекта","timestamp":"2026-03-22 13:17:58"}
{"assignmentId":53,"level":"info","message":"Получение состава команды проекта","timestamp":"2026-03-22 13:17:58"}
{"assignmentId":53,"level":"info","message":"Получение состава команды проекта","timestamp":"2026-03-22 13:17:58"}
{"assignmentId":53,"level":"info","message":"Получение состава команды проекта","timestamp":"2026-03-22 13:17:59"}
{"assignmentId":53,"level":"info","message":"Получение состава команды проекта","timestamp":"2026-03-22 13:17:59"}
{"level":"info","message":"Получение заданий для пользователя ID: 1","timestamp":"2026-03-22 13:18:29"}
{"level":"info","message":"Получение ожидающих приглашений пользователя","timestamp":"2026-03-22 13:18:29","userId":1}
{"level":"info","message":"Получение заданий для пользователя ID: 1","timestamp":"2026-03-22 13:18:29"}
{"level":"info","message":"Получение ожидающих приглашений пользователя","timestamp":"2026-03-22 13:18:29","userId":1}
{"assignmentId":53,"level":"info","message":"Получение состава команды проекта","timestamp":"2026-03-22 13:18:29"}
{"level":"info","message":"Получение заданий для пользователя ID: 1","timestamp":"2026-03-22 13:18:29"}
{"level":"info","message":"Получение ожидающих приглашений пользователя","timestamp":"2026-03-22 13:18:29","userId":1}
{"assignmentId":53,"level":"info","message":"Получение состава команды проекта","timestamp":"2026-03-22 13:18:29"}
{"level":"info","message":"Получение заданий для пользователя ID: 1","timestamp":"2026-03-22 13:19:00"}
{"level":"info","message":"Получение ожидающих приглашений пользователя","timestamp":"2026-03-22 13:19:00","userId":1}
{"level":"info","message":"Получение ожидающих приглашений пользователя","timestamp":"2026-03-22 13:19:00","userId":1}
{"level":"info","message":"Получение заданий для пользователя ID: 1","timestamp":"2026-03-22 13:19:00"}
{"level":"info","message":"Получение ожидающих приглашений пользователя","timestamp":"2026-03-22 13:19:00","userId":1}
{"level":"info","message":"Получение заданий для пользователя ID: 1","timestamp":"2026-03-22 13:19:00"}
{"assignmentId":53,"level":"info","message":"Получение состава команды проекта","timestamp":"2026-03-22 13:19:00"}
{"assignmentId":53,"level":"info","message":"Получение состава команды проекта","timestamp":"2026-03-22 13:19:00"}
{"assignmentId":53,"level":"info","message":"Получение состава команды проекта","timestamp":"2026-03-22 13:19:00"}
{"level":"info","message":"Получение заданий для пользователя ID: 1","timestamp":"2026-03-22 13:19:31"}
{"level":"info","message":"Получение ожидающих приглашений пользователя","timestamp":"2026-03-22 13:19:31","userId":1}
{"level":"info","message":"Получение заданий для пользователя ID: 1","timestamp":"2026-03-22 13:19:31"}
{"level":"info","message":"Получение ожидающих приглашений пользователя","timestamp":"2026-03-22 13:19:31","userId":1}
{"assignmentId":53,"level":"info","message":"Получение состава команды проекта","timestamp":"2026-03-22 13:19:31"}
{"level":"info","message":"Получение заданий для пользователя ID: 1","timestamp":"2026-03-22 13:19:31"}
{"level":"info","message":"Получение ожидающих приглашений пользователя","timestamp":"2026-03-22 13:19:31","userId":1}
{"assignmentId":53,"level":"info","message":"Получение состава команды проекта","timestamp":"2026-03-22 13:19:31"}
{"assignmentId":53,"level":"info","message":"Получение состава команды проекта","timestamp":"2026-03-22 13:19:31"}
{"level":"info","message":"Получение заданий для пользователя ID: 1","timestamp":"2026-03-22 13:20:02"}
{"level":"info","message":"Получение ожидающих приглашений пользователя","timestamp":"2026-03-22 13:20:02","userId":1}
{"level":"info","message":"Получение заданий для пользователя ID: 1","timestamp":"2026-03-22 13:20:02"}
{"level":"info","message":"Получение ожидающих приглашений пользователя","timestamp":"2026-03-22 13:20:02","userId":1}
{"assignmentId":53,"level":"info","message":"Получение состава команды проекта","timestamp":"2026-03-22 13:20:02"}
{"level":"info","message":"Получение заданий для пользователя ID: 1","timestamp":"2026-03-22 13:20:02"}
{"level":"info","message":"Получение ожидающих приглашений пользователя","timestamp":"2026-03-22 13:20:02","userId":1}
{"assignmentId":53,"level":"info","message":"Получение состава команды проекта","timestamp":"2026-03-22 13:20:02"}
{"assignmentId":53,"level":"info","message":"Получение состава команды проекта","timestamp":"2026-03-22 13:20:02"}
{"level":"info","message":"Получение заданий для пользователя ID: 1","timestamp":"2026-03-22 13:20:17"}
{"level":"info","message":"Получение ожидающих приглашений пользователя","timestamp":"2026-03-22 13:20:17","userId":1}
{"level":"info","message":"Получение заданий для пользователя ID: 1","timestamp":"2026-03-22 13:20:17"}
{"level":"info","message":"Получение ожидающих приглашений пользователя","timestamp":"2026-03-22 13:20:17","userId":1}
{"level":"info","message":"Получение ожидающих приглашений пользователя","timestamp":"2026-03-22 13:20:17","userId":1}
{"level":"info","message":"Получение заданий для пользователя ID: 1","timestamp":"2026-03-22 13:20:17"}
{"level":"info","message":"Получение ожидающих приглашений пользователя","timestamp":"2026-03-22 13:20:17","userId":1}
{"level":"info","message":"Получение ожидающих приглашений пользователя","timestamp":"2026-03-22 13:20:17","userId":1}
{"level":"info","message":"Получение заданий для пользователя ID: 1","timestamp":"2026-03-22 13:20:17"}
{"level":"info","message":"Получение заданий для пользователя ID: 1","timestamp":"2026-03-22 13:20:17"}
{"assignmentId":53,"level":"info","message":"Получение состава команды проекта","timestamp":"2026-03-22 13:20:17"}
{"assignmentId":53,"level":"info","message":"Получение состава команды проекта","timestamp":"2026-03-22 13:20:17"}
{"assignmentId":53,"level":"info","message":"Получение состава команды проекта","timestamp":"2026-03-22 13:20:17"}
{"level":"info","message":"Получение заданий для пользователя ID: 1","timestamp":"2026-03-22 13:20:21"}
{"level":"info","message":"Получение заданий для пользователя ID: 1","timestamp":"2026-03-22 13:20:21"}
{"level":"info","message":"Получение заданий для пользователя ID: 1","timestamp":"2026-03-22 13:20:23"}
{"level":"info","message":"Получение ожидающих приглашений пользователя","timestamp":"2026-03-22 13:20:23","userId":1}
{"level":"info","message":"Получение ожидающих приглашений пользователя","timestamp":"2026-03-22 13:20:23","userId":1}
{"level":"info","message":"Получение заданий для пользователя ID: 1","timestamp":"2026-03-22 13:20:23"}
{"level":"info","message":"Получение заданий для пользователя ID: 1","timestamp":"2026-03-22 13:20:24"}
{"level":"info","message":"Получение ожидающих приглашений пользователя","timestamp":"2026-03-22 13:20:24","userId":1}
{"level":"info","message":"Получение ожидающих приглашений пользователя","timestamp":"2026-03-22 13:20:24","userId":1}
{"level":"info","message":"Получение заданий для пользователя ID: 1","timestamp":"2026-03-22 13:20:24"}
{"level":"info","message":"Получение ожидающих приглашений пользователя","timestamp":"2026-03-22 13:20:24","userId":1}
{"level":"info","message":"Получение заданий для пользователя ID: 1","timestamp":"2026-03-22 13:20:24"}
{"assignmentId":53,"level":"info","message":"Получение состава команды проекта","timestamp":"2026-03-22 13:20:24"}
{"level":"info","message":"Получение заданий для пользователя ID: 1","timestamp":"2026-03-22 13:20:24"}
{"level":"info","message":"Получение ожидающих приглашений пользователя","timestamp":"2026-03-22 13:20:24","userId":1}
{"level":"info","message":"Получение ожидающих приглашений пользователя","timestamp":"2026-03-22 13:20:24","userId":1}
{"level":"info","message":"Получение заданий для пользователя ID: 1","timestamp":"2026-03-22 13:20:24"}
{"assignmentId":53,"level":"info","message":"Получение состава команды проекта","timestamp":"2026-03-22 13:20:24"}
{"assignmentId":53,"level":"info","message":"Получение состава команды проекта","timestamp":"2026-03-22 13:20:24"}
{"assignmentId":53,"level":"info","message":"Получение состава команды проекта","timestamp":"2026-03-22 13:20:24"}
{"level":"info","message":"Получение заданий для пользователя ID: 3","timestamp":"2026-03-22 13:20:31"}
{"level":"info","message":"Получение ожидающих приглашений пользователя","timestamp":"2026-03-22 13:20:31","userId":3}
{"level":"info","message":"Получение заданий для пользователя ID: 3","timestamp":"2026-03-22 13:20:31"}
{"level":"info","message":"Получение ожидающих приглашений пользователя","timestamp":"2026-03-22 13:20:31","userId":3}
{"level":"info","message":"Получение заданий для пользователя ID: 3","timestamp":"2026-03-22 13:20:31"}
{"level":"info","message":"Получение ожидающих приглашений пользователя","timestamp":"2026-03-22 13:20:31","userId":3}
{"level":"info","message":"Получение заданий для пользователя ID: 3","timestamp":"2026-03-22 13:20:31"}
{"level":"info","message":"Получение ожидающих приглашений пользователя","timestamp":"2026-03-22 13:20:31","userId":3}
{"level":"info","message":"Получение заданий для пользователя ID: 3","timestamp":"2026-03-22 13:20:31"}
{"level":"info","message":"Получение ожидающих приглашений пользователя","timestamp":"2026-03-22 13:20:31","userId":3}
{"level":"info","message":"Получение заданий для пользователя ID: 3","timestamp":"2026-03-22 13:20:31"}
{"level":"info","message":"Получение ожидающих приглашений пользователя","timestamp":"2026-03-22 13:20:31","userId":3}
{"level":"info","message":"Получение заданий для пользователя ID: 3","timestamp":"2026-03-22 13:20:33"}
{"level":"info","message":"Получение ожидающих приглашений пользователя","timestamp":"2026-03-22 13:20:33","userId":3}
{"level":"info","message":"Получение заданий для пользователя ID: 3","timestamp":"2026-03-22 13:20:33"}
{"level":"info","message":"Получение ожидающих приглашений пользователя","timestamp":"2026-03-22 13:20:33","userId":3}
{"level":"info","message":"Получение заданий для пользователя ID: 3","timestamp":"2026-03-22 13:20:37"}
{"level":"info","message":"Получение заданий для пользователя ID: 3","timestamp":"2026-03-22 13:20:37"}
{"level":"info","message":"Получение заданий для пользователя ID: 3","timestamp":"2026-03-22 13:20:40"}
{"level":"info","message":"Получение ожидающих приглашений пользователя","timestamp":"2026-03-22 13:20:40","userId":3}
{"level":"info","message":"Получение заданий для пользователя ID: 3","timestamp":"2026-03-22 13:20:40"}
{"level":"info","message":"Получение ожидающих приглашений пользователя","timestamp":"2026-03-22 13:20:40","userId":3}
{"level":"info","message":"Получение заданий для пользователя ID: 3","timestamp":"2026-03-22 13:20:43"}
{"level":"info","message":"Получение ожидающих приглашений пользователя","timestamp":"2026-03-22 13:20:43","userId":3}
{"level":"info","message":"Получение заданий для пользователя ID: 3","timestamp":"2026-03-22 13:20:43"}
{"level":"info","message":"Получение ожидающих приглашений пользователя","timestamp":"2026-03-22 13:20:43","userId":3}
{"level":"info","message":"Получение заданий для пользователя ID: 3","timestamp":"2026-03-22 13:20:43"}
{"level":"info","message":"Получение ожидающих приглашений пользователя","timestamp":"2026-03-22 13:20:43","userId":3}
{"level":"info","message":"Получение заданий для пользователя ID: 3","timestamp":"2026-03-22 13:20:43"}
{"level":"info","message":"Получение ожидающих приглашений пользователя","timestamp":"2026-03-22 13:20:43","userId":3}
{"level":"info","message":"Получение заданий для пользователя ID: 3","timestamp":"2026-03-22 13:20:43"}
{"level":"info","message":"Получение ожидающих приглашений пользователя","timestamp":"2026-03-22 13:20:43","userId":3}
{"level":"info","message":"Получение заданий для пользователя ID: 3","timestamp":"2026-03-22 13:20:47"}
{"level":"info","message":"Получение ожидающих приглашений пользователя","timestamp":"2026-03-22 13:20:47","userId":3}
{"level":"info","message":"Получение заданий для пользователя ID: 3","timestamp":"2026-03-22 13:20:47"}
{"level":"info","message":"Получение ожидающих приглашений пользователя","timestamp":"2026-03-22 13:20:47","userId":3}
{"level":"info","message":"Получение заданий для пользователя ID: 3","timestamp":"2026-03-22 13:20:48"}
{"level":"info","message":"Получение заданий для пользователя ID: 3","timestamp":"2026-03-22 13:20:48"}
{"level":"info","message":"Получение заданий для пользователя ID: 3","timestamp":"2026-03-22 13:20:48"}
{"level":"info","message":"Получение ожидающих приглашений пользователя","timestamp":"2026-03-22 13:20:48","userId":3}
{"level":"info","message":"Получение заданий для пользователя ID: 3","timestamp":"2026-03-22 13:20:48"}
{"level":"info","message":"Получение ожидающих приглашений пользователя","timestamp":"2026-03-22 13:20:48","userId":3}
{"level":"info","message":"Получение заданий для пользователя ID: 3","timestamp":"2026-03-22 13:20:48"}
{"level":"info","message":"Получение ожидающих приглашений пользователя","timestamp":"2026-03-22 13:20:48","userId":3}
{"level":"info","message":"Получение заданий для пользователя ID: 3","timestamp":"2026-03-22 13:20:48"}
{"level":"info","message":"Получение ожидающих приглашений пользователя","timestamp":"2026-03-22 13:20:48","userId":3}
{"level":"info","message":"Получение ожидающих приглашений пользователя","timestamp":"2026-03-22 13:20:48","userId":3}
{"level":"info","message":"Получение ожидающих приглашений пользователя","timestamp":"2026-03-22 13:20:48","userId":3}
{"level":"info","message":"Получение заданий для пользователя ID: 3","timestamp":"2026-03-22 13:21:19"}
{"level":"info","message":"Получение ожидающих приглашений пользователя","timestamp":"2026-03-22 13:21:19","userId":3}
{"level":"info","message":"Получение заданий для пользователя ID: 3","timestamp":"2026-03-22 13:21:19"}
{"level":"info","message":"Получение ожидающих приглашений пользователя","timestamp":"2026-03-22 13:21:19","userId":3}
{"level":"info","message":"Получение заданий для пользователя ID: 3","timestamp":"2026-03-22 13:21:19"}
{"level":"info","message":"Получение ожидающих приглашений пользователя","timestamp":"2026-03-22 13:21:19","userId":3}
{"level":"info","message":"Получение заданий для пользователя ID: 3","timestamp":"2026-03-22 13:21:50"}
{"level":"info","message":"Получение ожидающих приглашений пользователя","timestamp":"2026-03-22 13:21:50","userId":3}
{"level":"info","message":"Получение заданий для пользователя ID: 3","timestamp":"2026-03-22 13:21:50"}
{"level":"info","message":"Получение ожидающих приглашений пользователя","timestamp":"2026-03-22 13:21:50","userId":3}
{"level":"info","message":"Получение заданий для пользователя ID: 3","timestamp":"2026-03-22 13:21:50"}
{"level":"info","message":"Получение ожидающих приглашений пользователя","timestamp":"2026-03-22 13:21:50","userId":3}
{"level":"info","message":"Получение заданий для пользователя ID: 3","timestamp":"2026-03-22 13:22:21"}
{"level":"info","message":"Получение ожидающих приглашений пользователя","timestamp":"2026-03-22 13:22:21","userId":3}
{"level":"info","message":"Получение заданий для пользователя ID: 3","timestamp":"2026-03-22 13:22:21"}
{"level":"info","message":"Получение ожидающих приглашений пользователя","timestamp":"2026-03-22 13:22:21","userId":3}
{"level":"info","message":"Получение заданий для пользователя ID: 3","timestamp":"2026-03-22 13:22:21"}
{"level":"info","message":"Получение ожидающих приглашений пользователя","timestamp":"2026-03-22 13:22:21","userId":3}
{"level":"info","message":"Получение заданий для пользователя ID: 3","timestamp":"2026-03-22 13:22:52"}
{"level":"info","message":"Получение ожидающих приглашений пользователя","timestamp":"2026-03-22 13:22:52","userId":3}
{"level":"info","message":"Получение ожидающих приглашений пользователя","timestamp":"2026-03-22 13:22:52","userId":3}
{"level":"info","message":"Получение заданий для пользователя ID: 3","timestamp":"2026-03-22 13:22:52"}
{"level":"info","message":"Получение заданий для пользователя ID: 3","timestamp":"2026-03-22 13:22:52"}
{"level":"info","message":"Получение ожидающих приглашений пользователя","timestamp":"2026-03-22 13:22:52","userId":3}
{"level":"info","message":"Получение ожидающих приглашений пользователя","timestamp":"2026-03-22 13:23:23","userId":3}
{"level":"info","message":"Получение заданий для пользователя ID: 3","timestamp":"2026-03-22 13:23:23"}
{"level":"info","message":"Получение заданий для пользователя ID: 3","timestamp":"2026-03-22 13:23:23"}
{"level":"info","message":"Получение ожидающих приглашений пользователя","timestamp":"2026-03-22 13:23:23","userId":3}
{"level":"info","message":"Получение заданий для пользователя ID: 3","timestamp":"2026-03-22 13:23:23"}
{"level":"info","message":"Получение ожидающих приглашений пользователя","timestamp":"2026-03-22 13:23:23","userId":3}
{"level":"info","message":"Получение ожидающих приглашений пользователя","timestamp":"2026-03-22 13:23:54","userId":3}
{"level":"info","message":"Получение заданий для пользователя ID: 3","timestamp":"2026-03-22 13:23:54"}
{"level":"info","message":"Получение заданий для пользователя ID: 3","timestamp":"2026-03-22 13:23:54"}
{"level":"info","message":"Получение ожидающих приглашений пользователя","timestamp":"2026-03-22 13:23:54","userId":3}
{"level":"info","message":"Получение заданий для пользователя ID: 3","timestamp":"2026-03-22 13:23:54"}
{"level":"info","message":"Получение ожидающих приглашений пользователя","timestamp":"2026-03-22 13:23:54","userId":3}
{"level":"info","message":"Получение заданий для пользователя ID: 3","timestamp":"2026-03-22 13:24:25"}
{"level":"info","message":"Получение ожидающих приглашений пользователя","timestamp":"2026-03-22 13:24:25","userId":3}
{"level":"info","message":"Получение заданий для пользователя ID: 3","timestamp":"2026-03-22 13:24:25"}
{"level":"info","message":"Получение ожидающих приглашений пользователя","timestamp":"2026-03-22 13:24:25","userId":3}
{"level":"info","message":"Получение заданий для пользователя ID: 3","timestamp":"2026-03-22 13:24:25"}
{"level":"info","message":"Получение ожидающих приглашений пользователя","timestamp":"2026-03-22 13:24:25","userId":3}
{"level":"info","message":"Получение заданий для пользователя ID: 3","timestamp":"2026-03-22 13:24:56"}
{"level":"info","message":"Получение ожидающих приглашений пользователя","timestamp":"2026-03-22 13:24:56","userId":3}
{"level":"info","message":"Получение заданий для пользователя ID: 3","timestamp":"2026-03-22 13:24:56"}
{"level":"info","message":"Получение ожидающих приглашений пользователя","timestamp":"2026-03-22 13:24:56","userId":3}
{"level":"info","message":"Получение заданий для пользователя ID: 3","timestamp":"2026-03-22 13:24:56"}
{"level":"info","message":"Получение ожидающих приглашений пользователя","timestamp":"2026-03-22 13:24:56","userId":3}
{"level":"info","message":"Получение заданий для пользователя ID: 3","timestamp":"2026-03-22 13:25:27"}
{"level":"info","message":"Получение ожидающих приглашений пользователя","timestamp":"2026-03-22 13:25:27","userId":3}
{"level":"info","message":"Получение заданий для пользователя ID: 3","timestamp":"2026-03-22 13:25:27"}
{"level":"info","message":"Получение ожидающих приглашений пользователя","timestamp":"2026-03-22 13:25:27","userId":3}
{"level":"info","message":"Получение заданий для пользователя ID: 3","timestamp":"2026-03-22 13:25:27"}
{"level":"info","message":"Получение ожидающих приглашений пользователя","timestamp":"2026-03-22 13:25:27","userId":3}
{"level":"info","message":"Получение ожидающих приглашений пользователя","timestamp":"2026-03-22 13:25:58","userId":3}
{"level":"info","message":"Получение заданий для пользователя ID: 3","timestamp":"2026-03-22 13:25:58"}
{"level":"info","message":"Получение заданий для пользователя ID: 3","timestamp":"2026-03-22 13:25:58"}
{"level":"info","message":"Получение ожидающих приглашений пользователя","timestamp":"2026-03-22 13:25:58","userId":3}
{"level":"info","message":"Получение заданий для пользователя ID: 3","timestamp":"2026-03-22 13:25:58"}
{"level":"info","message":"Получение ожидающих приглашений пользователя","timestamp":"2026-03-22 13:25:58","userId":3}
{"level":"info","message":"Получение заданий для пользователя ID: 3","timestamp":"2026-03-22 13:26:29"}
{"level":"info","message":"Получение ожидающих приглашений пользователя","timestamp":"2026-03-22 13:26:29","userId":3}
{"level":"info","message":"Получение заданий для пользователя ID: 3","timestamp":"2026-03-22 13:26:29"}
{"level":"info","message":"Получение ожидающих приглашений пользователя","timestamp":"2026-03-22 13:26:29","userId":3}
{"level":"info","message":"Получение заданий для пользователя ID: 3","timestamp":"2026-03-22 13:26:29"}
{"level":"info","message":"Получение ожидающих приглашений пользователя","timestamp":"2026-03-22 13:26:29","userId":3}
{"level":"info","message":"Получение заданий для пользователя ID: 3","timestamp":"2026-03-22 13:27:00"}
{"level":"info","message":"Получение заданий для пользователя ID: 3","timestamp":"2026-03-22 13:27:00"}
{"level":"info","message":"Получение ожидающих приглашений пользователя","timestamp":"2026-03-22 13:27:00","userId":3}
{"level":"info","message":"Получение ожидающих приглашений пользователя","timestamp":"2026-03-22 13:27:00","userId":3}
{"level":"info","message":"Получение заданий для пользователя ID: 3","timestamp":"2026-03-22 13:27:00"}
{"level":"info","message":"Получение ожидающих приглашений пользователя","timestamp":"2026-03-22 13:27:00","userId":3}
{"level":"info","message":"Получение заданий для пользователя ID: 3","timestamp":"2026-03-22 13:27:31"}
{"level":"info","message":"Получение ожидающих приглашений пользователя","timestamp":"2026-03-22 13:27:31","userId":3}
{"level":"info","message":"Получение заданий для пользователя ID: 3","timestamp":"2026-03-22 13:27:31"}
{"level":"info","message":"Получение ожидающих приглашений пользователя","timestamp":"2026-03-22 13:27:31","userId":3}
{"level":"info","message":"Получение заданий для пользователя ID: 3","timestamp":"2026-03-22 13:27:31"}
{"level":"info","message":"Получение ожидающих приглашений пользователя","timestamp":"2026-03-22 13:27:31","userId":3}
{"level":"info","message":"Получение заданий для пользователя ID: 3","timestamp":"2026-03-22 13:28:02"}
{"level":"info","message":"Получение ожидающих приглашений пользователя","timestamp":"2026-03-22 13:28:02","userId":3}
{"level":"info","message":"Получение заданий для пользователя ID: 3","timestamp":"2026-03-22 13:28:02"}
{"level":"info","message":"Получение ожидающих приглашений пользователя","timestamp":"2026-03-22 13:28:02","userId":3}
{"level":"info","message":"Получение заданий для пользователя ID: 3","timestamp":"2026-03-22 13:28:02"}
{"level":"info","message":"Получение ожидающих приглашений пользователя","timestamp":"2026-03-22 13:28:02","userId":3}
{"level":"info","message":"Получение заданий для пользователя ID: 3","timestamp":"2026-03-22 13:28:33"}
{"level":"info","message":"Получение ожидающих приглашений пользователя","timestamp":"2026-03-22 13:28:33","userId":3}
{"level":"info","message":"Получение заданий для пользователя ID: 3","timestamp":"2026-03-22 13:28:33"}
{"level":"info","message":"Получение ожидающих приглашений пользователя","timestamp":"2026-03-22 13:28:33","userId":3}
{"level":"info","message":"Получение заданий для пользователя ID: 3","timestamp":"2026-03-22 13:28:33"}
{"level":"info","message":"Получение ожидающих приглашений пользователя","timestamp":"2026-03-22 13:28:33","userId":3}
{"level":"info","message":"Получение ожидающих приглашений пользователя","timestamp":"2026-03-22 13:29:04","userId":3}
{"level":"info","message":"Получение заданий для пользователя ID: 3","timestamp":"2026-03-22 13:29:04"}
{"level":"info","message":"Получение заданий для пользователя ID: 3","timestamp":"2026-03-22 13:29:04"}
{"level":"info","message":"Получение ожидающих приглашений пользователя","timestamp":"2026-03-22 13:29:04","userId":3}
{"level":"info","message":"Получение заданий для пользователя ID: 3","timestamp":"2026-03-22 13:29:04"}
{"level":"info","message":"Получение ожидающих приглашений пользователя","timestamp":"2026-03-22 13:29:04","userId":3}
{"level":"info","message":"Получение заданий для пользователя ID: 3","timestamp":"2026-03-22 13:29:35"}
{"level":"info","message":"Получение ожидающих приглашений пользователя","timestamp":"2026-03-22 13:29:35","userId":3}
{"level":"info","message":"Получение заданий для пользователя ID: 3","timestamp":"2026-03-22 13:29:35"}
{"level":"info","message":"Получение ожидающих приглашений пользователя","timestamp":"2026-03-22 13:29:35","userId":3}
{"level":"info","message":"Получение заданий для пользователя ID: 3","timestamp":"2026-03-22 13:29:35"}
{"level":"info","message":"Получение ожидающих приглашений пользователя","timestamp":"2026-03-22 13:29:35","userId":3}
{"level":"info","message":"Получение заданий для пользователя ID: 3","timestamp":"2026-03-22 13:30:06"}
{"level":"info","message":"Получение ожидающих приглашений пользователя","timestamp":"2026-03-22 13:30:06","userId":3}
{"level":"info","message":"Получение заданий для пользователя ID: 3","timestamp":"2026-03-22 13:30:06"}
{"level":"info","message":"Получение ожидающих приглашений пользователя","timestamp":"2026-03-22 13:30:06","userId":3}
{"level":"info","message":"Получение заданий для пользователя ID: 3","timestamp":"2026-03-22 13:30:06"}
{"level":"info","message":"Получение ожидающих приглашений пользователя","timestamp":"2026-03-22 13:30:06","userId":3}
{"level":"info","message":"Получение заданий для пользователя ID: 3","timestamp":"2026-03-22 13:30:37"}
{"level":"info","message":"Получение ожидающих приглашений пользователя","timestamp":"2026-03-22 13:30:37","userId":3}
{"level":"info","message":"Получение заданий для пользователя ID: 3","timestamp":"2026-03-22 13:30:37"}
{"level":"info","message":"Получение ожидающих приглашений пользователя","timestamp":"2026-03-22 13:30:37","userId":3}
{"level":"info","message":"Получение заданий для пользователя ID: 3","timestamp":"2026-03-22 13:30:37"}
{"level":"info","message":"Получение ожидающих приглашений пользователя","timestamp":"2026-03-22 13:30:37","userId":3}
{"level":"info","message":"Получение заданий для пользователя ID: 3","timestamp":"2026-03-22 13:31:08"}
{"level":"info","message":"Получение ожидающих приглашений пользователя","timestamp":"2026-03-22 13:31:08","userId":3}
{"level":"info","message":"Получение заданий для пользователя ID: 3","timestamp":"2026-03-22 13:31:08"}
{"level":"info","message":"Получение ожидающих приглашений пользователя","timestamp":"2026-03-22 13:31:08","userId":3}
{"level":"info","message":"Получение заданий для пользователя ID: 3","timestamp":"2026-03-22 13:31:08"}
{"level":"info","message":"Получение ожидающих приглашений пользователя","timestamp":"2026-03-22 13:31:08","userId":3}
{"level":"info","message":"Получение заданий для пользователя ID: 3","timestamp":"2026-03-22 13:31:39"}
{"level":"info","message":"Получение ожидающих приглашений пользователя","timestamp":"2026-03-22 13:31:39","userId":3}
{"level":"info","message":"Получение заданий для пользователя ID: 3","timestamp":"2026-03-22 13:31:39"}
{"level":"info","message":"Получение ожидающих приглашений пользователя","timestamp":"2026-03-22 13:31:39","userId":3}
{"level":"info","message":"Получение заданий для пользователя ID: 3","timestamp":"2026-03-22 13:31:39"}
{"level":"info","message":"Получение ожидающих приглашений пользователя","timestamp":"2026-03-22 13:31:39","userId":3}
{"level":"info","message":"Получение ожидающих приглашений пользователя","timestamp":"2026-03-22 13:32:10","userId":3}
{"level":"info","message":"Получение заданий для пользователя ID: 3","timestamp":"2026-03-22 13:32:10"}
{"level":"info","message":"Получение заданий для пользователя ID: 3","timestamp":"2026-03-22 13:32:10"}
{"level":"info","message":"Получение ожидающих приглашений пользователя","timestamp":"2026-03-22 13:32:10","userId":3}
{"level":"info","message":"Получение заданий для пользователя ID: 3","timestamp":"2026-03-22 13:32:10"}
{"level":"info","message":"Получение ожидающих приглашений пользователя","timestamp":"2026-03-22 13:32:10","userId":3}
{"level":"info","message":"Получение ожидающих приглашений пользователя","timestamp":"2026-03-22 13:32:41","userId":3}
{"level":"info","message":"Получение заданий для пользователя ID: 3","timestamp":"2026-03-22 13:32:41"}
{"level":"info","message":"Получение заданий для пользователя ID: 3","timestamp":"2026-03-22 13:32:41"}
{"level":"info","message":"Получение ожидающих приглашений пользователя","timestamp":"2026-03-22 13:32:41","userId":3}
{"level":"info","message":"Получение заданий для пользователя ID: 3","timestamp":"2026-03-22 13:32:41"}
{"level":"info","message":"Получение ожидающих приглашений пользователя","timestamp":"2026-03-22 13:32:41","userId":3}
{"level":"info","message":"Получение заданий для пользователя ID: 3","timestamp":"2026-03-22 13:33:12"}
{"level":"info","message":"Получение ожидающих приглашений пользователя","timestamp":"2026-03-22 13:33:12","userId":3}
{"level":"info","message":"Получение заданий для пользователя ID: 3","timestamp":"2026-03-22 13:33:12"}
{"level":"info","message":"Получение ожидающих приглашений пользователя","timestamp":"2026-03-22 13:33:12","userId":3}
{"level":"info","message":"Получение заданий для пользователя ID: 3","timestamp":"2026-03-22 13:33:12"}
{"level":"info","message":"Получение ожидающих приглашений пользователя","timestamp":"2026-03-22 13:33:12","userId":3}
{"level":"info","message":"Получение заданий для пользователя ID: 3","timestamp":"2026-03-22 13:33:43"}
{"level":"info","message":"Получение ожидающих приглашений пользователя","timestamp":"2026-03-22 13:33:43","userId":3}
{"level":"info","message":"Получение заданий для пользователя ID: 3","timestamp":"2026-03-22 13:33:43"}
{"level":"info","message":"Получение ожидающих приглашений пользователя","timestamp":"2026-03-22 13:33:43","userId":3}
{"level":"info","message":"Получение заданий для пользователя ID: 3","timestamp":"2026-03-22 13:33:43"}
{"level":"info","message":"Получение ожидающих приглашений пользователя","timestamp":"2026-03-22 13:33:43","userId":3}
{"level":"info","message":"Получение ожидающих приглашений пользователя","timestamp":"2026-03-22 13:34:14","userId":3}
{"level":"info","message":"Получение заданий для пользователя ID: 3","timestamp":"2026-03-22 13:34:14"}
{"level":"info","message":"Получение заданий для пользователя ID: 3","timestamp":"2026-03-22 13:34:14"}
{"level":"info","message":"Получение ожидающих приглашений пользователя","timestamp":"2026-03-22 13:34:14","userId":3}
{"level":"info","message":"Получение заданий для пользователя ID: 3","timestamp":"2026-03-22 13:34:14"}
{"level":"info","message":"Получение ожидающих приглашений пользователя","timestamp":"2026-03-22 13:34:14","userId":3}
{"level":"info","message":"Получение ожидающих приглашений пользователя","timestamp":"2026-03-22 13:34:45","userId":3}
{"level":"info","message":"Получение заданий для пользователя ID: 3","timestamp":"2026-03-22 13:34:45"}
{"level":"info","message":"Получение заданий для пользователя ID: 3","timestamp":"2026-03-22 13:34:45"}
{"level":"info","message":"Получение ожидающих приглашений пользователя","timestamp":"2026-03-22 13:34:45","userId":3}
{"level":"info","message":"Получение заданий для пользователя ID: 3","timestamp":"2026-03-22 13:34:45"}
{"level":"info","message":"Получение ожидающих приглашений пользователя","timestamp":"2026-03-22 13:34:45","userId":3}
{"level":"info","message":"Получение заданий для пользователя ID: 3","timestamp":"2026-03-22 13:35:16"}
{"level":"info","message":"Получение ожидающих приглашений пользователя","timestamp":"2026-03-22 13:35:16","userId":3}
{"level":"info","message":"Получение заданий для пользователя ID: 3","timestamp":"2026-03-22 13:35:16"}
{"level":"info","message":"Получение ожидающих приглашений пользователя","timestamp":"2026-03-22 13:35:16","userId":3}
{"level":"info","message":"Получение заданий для пользователя ID: 3","timestamp":"2026-03-22 13:35:16"}
{"level":"info","message":"Получение ожидающих приглашений пользователя","timestamp":"2026-03-22 13:35:16","userId":3}
{"level":"info","message":"Получение заданий для пользователя ID: 3","timestamp":"2026-03-22 13:35:47"}
{"level":"info","message":"Получение ожидающих приглашений пользователя","timestamp":"2026-03-22 13:35:47","userId":3}
{"level":"info","message":"Получение заданий для пользователя ID: 3","timestamp":"2026-03-22 13:35:47"}
{"level":"info","message":"Получение ожидающих приглашений пользователя","timestamp":"2026-03-22 13:35:47","userId":3}
{"level":"info","message":"Получение заданий для пользователя ID: 3","timestamp":"2026-03-22 13:35:47"}
{"level":"info","message":"Получение ожидающих приглашений пользователя","timestamp":"2026-03-22 13:35:47","userId":3}
{"level":"info","message":"Получение заданий для пользователя ID: 3","timestamp":"2026-03-22 13:36:18"}
{"level":"info","message":"Получение ожидающих приглашений пользователя","timestamp":"2026-03-22 13:36:18","userId":3}
{"level":"info","message":"Получение заданий для пользователя ID: 3","timestamp":"2026-03-22 13:36:18"}
{"level":"info","message":"Получение ожидающих приглашений пользователя","timestamp":"2026-03-22 13:36:18","userId":3}
{"level":"info","message":"Получение заданий для пользователя ID: 3","timestamp":"2026-03-22 13:36:18"}
{"level":"info","message":"Получение ожидающих приглашений пользователя","timestamp":"2026-03-22 13:36:18","userId":3}
{"level":"info","message":"Получение ожидающих приглашений пользователя","timestamp":"2026-03-22 13:36:49","userId":3}
{"level":"info","message":"Получение заданий для пользователя ID: 3","timestamp":"2026-03-22 13:36:49"}
{"level":"info","message":"Получение заданий для пользователя ID: 3","timestamp":"2026-03-22 13:36:49"}
{"level":"info","message":"Получение ожидающих приглашений пользователя","timestamp":"2026-03-22 13:36:49","userId":3}
{"level":"info","message":"Получение заданий для пользователя ID: 3","timestamp":"2026-03-22 13:36:49"}
{"level":"info","message":"Получение ожидающих приглашений пользователя","timestamp":"2026-03-22 13:36:49","userId":3}
{"level":"info","message":"Получение заданий для пользователя ID: 3","timestamp":"2026-03-22 13:37:20"}
{"level":"info","message":"Получение ожидающих приглашений пользователя","timestamp":"2026-03-22 13:37:20","userId":3}
{"level":"info","message":"Получение заданий для пользователя ID: 3","timestamp":"2026-03-22 13:37:20"}
{"level":"info","message":"Получение ожидающих приглашений пользователя","timestamp":"2026-03-22 13:37:20","userId":3}
{"level":"info","message":"Получение заданий для пользователя ID: 3","timestamp":"2026-03-22 13:37:20"}
{"level":"info","message":"Получение ожидающих приглашений пользователя","timestamp":"2026-03-22 13:37:20","userId":3}
{"level":"info","message":"Получение заданий для пользователя ID: 3","timestamp":"2026-03-22 13:37:30"}
{"level":"info","message":"Получение ожидающих приглашений пользователя","timestamp":"2026-03-22 13:37:30","userId":3}
{"level":"info","message":"Получение заданий для пользователя ID: 3","timestamp":"2026-03-22 13:37:30"}
{"level":"info","message":"Получение заданий для пользователя ID: 3","timestamp":"2026-03-22 13:37:30"}
{"level":"info","message":"Получение ожидающих приглашений пользователя","timestamp":"2026-03-22 13:37:30","userId":3}
{"level":"info","message":"Получение ожидающих приглашений пользователя","timestamp":"2026-03-22 13:37:30","userId":3}
{"level":"info","message":"Получение заданий для пользователя ID: 3","timestamp":"2026-03-22 13:37:30"}
{"level":"info","message":"Получение ожидающих приглашений пользователя","timestamp":"2026-03-22 13:37:30","userId":3}
{"level":"info","message":"Получение заданий для пользователя ID: 3","timestamp":"2026-03-22 13:37:30"}
{"level":"info","message":"Получение ожидающих приглашений пользователя","timestamp":"2026-03-22 13:37:30","userId":3}
{"level":"info","message":"Получение заданий для пользователя ID: 3","timestamp":"2026-03-22 13:37:33"}
{"level":"info","message":"Получение ожидающих приглашений пользователя","timestamp":"2026-03-22 13:37:33","userId":3}
{"level":"info","message":"Получение заданий для пользователя ID: 3","timestamp":"2026-03-22 13:37:33"}
{"level":"info","message":"Получение ожидающих приглашений пользователя","timestamp":"2026-03-22 13:37:33","userId":3}
{"level":"info","message":"Получение заданий для пользователя ID: 3","timestamp":"2026-03-22 13:37:34"}
{"level":"info","message":"Получение ожидающих приглашений пользователя","timestamp":"2026-03-22 13:37:34","userId":3}
{"level":"info","message":"Получение заданий для пользователя ID: 3","timestamp":"2026-03-22 13:37:34"}
{"level":"info","message":"Получение ожидающих приглашений пользователя","timestamp":"2026-03-22 13:37:34","userId":3}
{"level":"info","message":"Получение заданий для пользователя ID: 3","timestamp":"2026-03-22 13:37:36"}
{"level":"info","message":"Получение ожидающих приглашений пользователя","timestamp":"2026-03-22 13:37:36","userId":3}
{"level":"info","message":"Получение заданий для пользователя ID: 3","timestamp":"2026-03-22 13:37:36"}
{"level":"info","message":"Получение ожидающих приглашений пользователя","timestamp":"2026-03-22 13:37:36","userId":3}
{"level":"info","message":"Получение заданий для пользователя ID: 3","timestamp":"2026-03-22 13:37:37"}
{"level":"info","message":"Получение ожидающих приглашений пользователя","timestamp":"2026-03-22 13:37:37","userId":3}
{"level":"info","message":"Получение заданий для пользователя ID: 3","timestamp":"2026-03-22 13:37:37"}
{"level":"info","message":"Получение ожидающих приглашений пользователя","timestamp":"2026-03-22 13:37:37","userId":3}
{"level":"info","message":"Получение заданий для пользователя ID: 3","timestamp":"2026-03-22 13:37:37"}
{"level":"info","message":"Получение ожидающих приглашений пользователя","timestamp":"2026-03-22 13:37:37","userId":3}
{"level":"info","message":"Получение заданий для пользователя ID: 3","timestamp":"2026-03-22 13:37:37"}
{"level":"info","message":"Получение ожидающих приглашений пользователя","timestamp":"2026-03-22 13:37:37","userId":3}
{"level":"info","message":"Получение заданий для пользователя ID: 3","timestamp":"2026-03-22 13:37:37"}
{"level":"info","message":"Получение ожидающих приглашений пользователя","timestamp":"2026-03-22 13:37:37","userId":3}
{"level":"info","message":"Получение заданий для пользователя ID: 3","timestamp":"2026-03-22 13:37:38"}
{"level":"info","message":"Получение ожидающих приглашений пользователя","timestamp":"2026-03-22 13:37:38","userId":3}
{"level":"info","message":"Получение заданий для пользователя ID: 3","timestamp":"2026-03-22 13:37:38"}
{"level":"info","message":"Получение ожидающих приглашений пользователя","timestamp":"2026-03-22 13:37:38","userId":3}
{"level":"info","message":"Получение заданий для пользователя ID: 3","timestamp":"2026-03-22 14:08:23"}
{"level":"info","message":"Получение заданий для пользователя ID: 3","timestamp":"2026-03-22 14:08:23"}
{"level":"info","message":"Получение ожидающих приглашений пользователя","timestamp":"2026-03-22 14:08:23","userId":3}
{"level":"info","message":"Получение ожидающих приглашений пользователя","timestamp":"2026-03-22 14:08:23","userId":3}
{"level":"info","message":"Получение заданий для пользователя ID: 3","timestamp":"2026-03-22 14:08:24"}
{"level":"info","message":"Получение ожидающих приглашений пользователя","timestamp":"2026-03-22 14:08:24","userId":3}
{"level":"info","message":"Получение заданий для пользователя ID: 3","timestamp":"2026-03-22 14:08:24"}
{"level":"info","message":"Получение ожидающих приглашений пользователя","timestamp":"2026-03-22 14:08:24","userId":3}
{"level":"info","message":"Получение заданий для пользователя ID: 3","timestamp":"2026-03-22 14:08:25"}
{"level":"info","message":"Получение ожидающих приглашений пользователя","timestamp":"2026-03-22 14:08:25","userId":3}
{"level":"info","message":"Получение заданий для пользователя ID: 3","timestamp":"2026-03-22 14:08:25"}
{"level":"info","message":"Получение заданий для пользователя ID: 3","timestamp":"2026-03-22 14:08:25"}
{"level":"info","message":"Получение ожидающих приглашений пользователя","timestamp":"2026-03-22 14:08:25","userId":3}
{"level":"info","message":"Получение заданий для пользователя ID: 3","timestamp":"2026-03-22 14:08:25"}
{"level":"info","message":"Получение ожидающих приглашений пользователя","timestamp":"2026-03-22 14:08:25","userId":3}
{"level":"info","message":"Получение ожидающих приглашений пользователя","timestamp":"2026-03-22 14:08:25","userId":3}
{"level":"info","message":"Получение ожидающих приглашений пользователя","timestamp":"2026-03-22 14:08:25","userId":3}
{"level":"info","message":"Получение ожидающих приглашений пользователя","timestamp":"2026-03-22 14:08:25","userId":3}
{"level":"info","message":"Получение заданий для пользователя ID: 3","timestamp":"2026-03-22 14:08:25"}
{"level":"info","message":"Получение ожидающих приглашений пользователя","timestamp":"2026-03-22 14:08:26","userId":3}
{"level":"info","message":"Получение заданий для пользователя ID: 3","timestamp":"2026-03-22 14:08:26"}
{"level":"info","message":"Получение ожидающих приглашений пользователя","timestamp":"2026-03-22 14:08:26","userId":3}
{"level":"info","message":"Получение ожидающих приглашений пользователя","timestamp":"2026-03-22 14:08:26","userId":3}
{"level":"info","message":"Получение ожидающих приглашений пользователя","timestamp":"2026-03-22 14:08:26","userId":3}
{"level":"info","message":"Получение ожидающих приглашений пользователя","timestamp":"2026-03-22 14:08:26","userId":3}
{"level":"info","message":"Получение ожидающих приглашений пользователя","timestamp":"2026-03-22 14:08:26","userId":3}
{"level":"info","message":"Получение заданий для пользователя ID: 3","timestamp":"2026-03-22 14:08:27"}
{"level":"info","message":"Получение ожидающих приглашений пользователя","timestamp":"2026-03-22 14:08:27","userId":3}
{"level":"info","message":"Получение заданий для пользователя ID: 3","timestamp":"2026-03-22 14:08:27"}
{"level":"info","message":"Получение ожидающих приглашений пользователя","timestamp":"2026-03-22 14:08:27","userId":3}
{"level":"info","message":"Получение ожидающих приглашений пользователя","timestamp":"2026-03-22 14:08:27","userId":3}
{"level":"info","message":"Получение ожидающих приглашений пользователя","timestamp":"2026-03-22 14:08:27","userId":3}
{"level":"info","message":"Получение заданий для пользователя ID: 3","timestamp":"2026-03-22 14:08:29"}
{"level":"info","message":"Получение ожидающих приглашений пользователя","timestamp":"2026-03-22 14:08:29","userId":3}
{"level":"info","message":"Получение заданий для пользователя ID: 3","timestamp":"2026-03-22 14:08:29"}
{"level":"info","message":"Получение ожидающих приглашений пользователя","timestamp":"2026-03-22 14:08:29","userId":3}
{"level":"info","message":"Получение заданий для пользователя ID: 3","timestamp":"2026-03-22 14:08:33"}
{"level":"info","message":"Получение ожидающих приглашений пользователя","timestamp":"2026-03-22 14:08:33","userId":3}
{"level":"info","message":"Получение заданий для пользователя ID: 3","timestamp":"2026-03-22 14:08:33"}
{"level":"info","message":"Получение ожидающих приглашений пользователя","timestamp":"2026-03-22 14:08:33","userId":3}
{"level":"info","message":"Получение ожидающих приглашений пользователя","timestamp":"2026-03-22 14:08:34","userId":3}
{"level":"info","message":"Получение заданий для пользователя ID: 3","timestamp":"2026-03-22 14:08:34"}
{"level":"info","message":"Получение заданий для пользователя ID: 3","timestamp":"2026-03-22 14:08:34"}
{"level":"info","message":"Получение ожидающих приглашений пользователя","timestamp":"2026-03-22 14:08:34","userId":3}
{"level":"info","message":"Получение ожидающих приглашений пользователя","timestamp":"2026-03-22 14:08:34","userId":3}
{"level":"info","message":"Получение ожидающих приглашений пользователя","timestamp":"2026-03-22 14:08:34","userId":3}
{"level":"info","message":"Получение заданий для пользователя ID: 3","timestamp":"2026-03-22 14:08:34"}
{"level":"info","message":"Получение ожидающих приглашений пользователя","timestamp":"2026-03-22 14:08:34","userId":3}
{"level":"info","message":"Получение заданий для пользователя ID: 3","timestamp":"2026-03-22 14:08:34"}
{"level":"info","message":"Получение заданий для пользователя ID: 3","timestamp":"2026-03-22 14:08:34"}
{"level":"info","message":"Получение ожидающих приглашений пользователя","timestamp":"2026-03-22 14:08:34","userId":3}
{"level":"info","message":"Получение ожидающих приглашений пользователя","timestamp":"2026-03-22 14:08:34","userId":3}
{"level":"info","message":"Получение ожидающих приглашений пользователя","timestamp":"2026-03-22 14:08:34","userId":3}
{"level":"info","message":"Получение заданий для пользователя ID: 3","timestamp":"2026-03-22 14:08:34"}
{"level":"info","message":"Получение ожидающих приглашений пользователя","timestamp":"2026-03-22 14:08:34","userId":3}
{"level":"info","message":"Получение заданий для пользователя ID: 3","timestamp":"2026-03-22 14:08:34"}
{"level":"info","message":"Получение ожидающих приглашений пользователя","timestamp":"2026-03-22 14:08:34","userId":3}
{"level":"info","message":"Получение ожидающих приглашений пользователя","timestamp":"2026-03-22 14:08:34","userId":3}
{"level":"info","message":"Получение ожидающих приглашений пользователя","timestamp":"2026-03-22 14:08:34","userId":3}
{"level":"info","message":"Получение ожидающих приглашений пользователя","timestamp":"2026-03-22 14:08:34","userId":3}
{"level":"info","message":"Получение ожидающих приглашений пользователя","timestamp":"2026-03-22 14:08:34","userId":3}
{"level":"info","message":"Получение заданий для пользователя ID: 3","timestamp":"2026-03-22 14:09:05"}
{"level":"info","message":"Получение ожидающих приглашений пользователя","timestamp":"2026-03-22 14:09:05","userId":3}
{"level":"info","message":"Получение ожидающих приглашений пользователя","timestamp":"2026-03-22 14:09:05","userId":3}
{"level":"info","message":"Получение заданий для пользователя ID: 3","timestamp":"2026-03-22 14:09:05"}
{"level":"info","message":"Получение ожидающих приглашений пользователя","timestamp":"2026-03-22 14:09:05","userId":3}
{"level":"info","message":"Получение заданий для пользователя ID: 3","timestamp":"2026-03-22 14:09:05"}
{"level":"info","message":"Получение ожидающих приглашений пользователя","timestamp":"2026-03-22 14:09:05","userId":3}
{"level":"info","message":"Получение ожидающих приглашений пользователя","timestamp":"2026-03-22 14:09:05","userId":3}
{"level":"info","message":"Получение ожидающих приглашений пользователя","timestamp":"2026-03-22 14:09:05","userId":3}
{"level":"info","message":"Получение заданий для пользователя ID: 3","timestamp":"2026-03-22 14:09:15"}
{"level":"info","message":"Получение ожидающих приглашений пользователя","timestamp":"2026-03-22 14:09:15","userId":3}
{"level":"info","message":"Получение заданий для пользователя ID: 3","timestamp":"2026-03-22 14:09:15"}
{"level":"info","message":"Получение заданий для пользователя ID: 3","timestamp":"2026-03-22 14:09:15"}
{"level":"info","message":"Получение ожидающих приглашений пользователя","timestamp":"2026-03-22 14:09:15","userId":3}
{"level":"info","message":"Получение заданий для пользователя ID: 3","timestamp":"2026-03-22 14:09:15"}
{"level":"info","message":"Получение заданий для пользователя ID: 3","timestamp":"2026-03-22 14:09:15"}
{"level":"info","message":"Получение ожидающих приглашений пользователя","timestamp":"2026-03-22 14:09:15","userId":3}
{"level":"info","message":"Получение ожидающих приглашений пользователя","timestamp":"2026-03-22 14:09:15","userId":3}
{"level":"info","message":"Получение ожидающих приглашений пользователя","timestamp":"2026-03-22 14:09:15","userId":3}
{"level":"info","message":"Получение ожидающих приглашений пользователя","timestamp":"2026-03-22 14:09:15","userId":3}
{"level":"info","message":"Получение ожидающих приглашений пользователя","timestamp":"2026-03-22 14:09:15","userId":3}
{"level":"info","message":"Получение ожидающих приглашений пользователя","timestamp":"2026-03-22 14:09:15","userId":3}
{"level":"info","message":"Получение ожидающих приглашений пользователя","timestamp":"2026-03-22 14:09:15","userId":3}
{"level":"info","message":"Получение ожидающих приглашений пользователя","timestamp":"2026-03-22 14:09:15","userId":3}
{"level":"info","message":"Получение заданий для пользователя ID: 3","timestamp":"2026-03-22 14:10:36"}
{"level":"info","message":"Получение заданий для пользователя ID: 3","timestamp":"2026-03-22 14:10:36"}
{"level":"info","message":"Получение ожидающих приглашений пользователя","timestamp":"2026-03-22 14:10:36","userId":3}
{"level":"info","message":"Получение ожидающих приглашений пользователя","timestamp":"2026-03-22 14:10:36","userId":3}
{"level":"info","message":"Получение ожидающих приглашений пользователя","timestamp":"2026-03-22 14:10:36","userId":3}
{"level":"info","message":"Получение ожидающих приглашений пользователя","timestamp":"2026-03-22 14:10:36","userId":3}
{"level":"info","message":"Получение заданий для пользователя ID: 3","timestamp":"2026-03-22 14:10:37"}
{"level":"info","message":"Получение ожидающих приглашений пользователя","timestamp":"2026-03-22 14:10:37","userId":3}
{"level":"info","message":"Получение заданий для пользователя ID: 3","timestamp":"2026-03-22 14:10:37"}
{"level":"info","message":"Получение ожидающих приглашений пользователя","timestamp":"2026-03-22 14:10:37","userId":3}
{"level":"info","message":"Получение заданий для пользователя ID: 3","timestamp":"2026-03-22 14:10:37"}
{"level":"info","message":"Получение ожидающих приглашений пользователя","timestamp":"2026-03-22 14:10:37","userId":3}
{"level":"info","message":"Получение ожидающих приглашений пользователя","timestamp":"2026-03-22 14:10:37","userId":3}
{"level":"info","message":"Получение ожидающих приглашений пользователя","timestamp":"2026-03-22 14:10:37","userId":3}
{"level":"info","message":"Получение ожидающих приглашений пользователя","timestamp":"2026-03-22 14:10:37","userId":3}
{"level":"info","message":"Получение заданий для пользователя ID: 3","timestamp":"2026-03-22 14:10:37"}
{"level":"info","message":"Получение ожидающих приглашений пользователя","timestamp":"2026-03-22 14:10:37","userId":3}
{"level":"info","message":"Получение ожидающих приглашений пользователя","timestamp":"2026-03-22 14:10:37","userId":3}
{"level":"info","message":"Получение заданий для пользователя ID: 3","timestamp":"2026-03-22 14:11:07"}
{"level":"info","message":"Получение ожидающих приглашений пользователя","timestamp":"2026-03-22 14:11:07","userId":3}
{"level":"info","message":"Получение ожидающих приглашений пользователя","timestamp":"2026-03-22 14:11:07","userId":3}
{"level":"info","message":"Получение заданий для пользователя ID: 3","timestamp":"2026-03-22 14:11:07"}
{"level":"info","message":"Получение ожидающих приглашений пользователя","timestamp":"2026-03-22 14:11:07","userId":3}
{"level":"info","message":"Получение ожидающих приглашений пользователя","timestamp":"2026-03-22 14:11:07","userId":3}
{"level":"info","message":"Получение заданий для пользователя ID: 3","timestamp":"2026-03-22 14:11:07"}
{"level":"info","message":"Получение ожидающих приглашений пользователя","timestamp":"2026-03-22 14:11:07","userId":3}
{"level":"info","message":"Получение ожидающих приглашений пользователя","timestamp":"2026-03-22 14:11:07","userId":3}
{"assignmentId":59,"level":"info","message":"Assignment created with audit","timestamp":"2026-03-22 14:11:19","userId":3}
{"level":"info","message":"Получение заданий для пользователя ID: 3","timestamp":"2026-03-22 14:11:19"}
{"assignmentId":59,"level":"info","message":"Получение состава команды проекта","timestamp":"2026-03-22 14:11:19"}
{"assignmentId":59,"level":"info","message":"Получение состава команды проекта","timestamp":"2026-03-22 14:11:21"}
{"assignmentId":59,"level":"info","message":"Получение состава команды проекта","timestamp":"2026-03-22 14:11:21"}
{"assignmentId":59,"invitedBy":3,"level":"info","message":"Приглашение пользователя в команду проекта","timestamp":"2026-03-22 14:11:28","userId":1}
{"assignmentId":59,"invitationId":17,"level":"info","message":"Пользователь успешно приглашен в проект","timestamp":"2026-03-22 14:11:28","userId":1}
{"assignmentId":59,"level":"info","message":"Получение состава команды проекта","timestamp":"2026-03-22 14:11:29"}
{"level":"info","message":"Получение заданий для пользователя ID: 1","timestamp":"2026-03-22 14:11:39"}
{"level":"info","message":"Получение ожидающих приглашений пользователя","timestamp":"2026-03-22 14:11:39","userId":1}
{"level":"info","message":"Получение заданий для пользователя ID: 1","timestamp":"2026-03-22 14:11:39"}
{"level":"info","message":"Получение ожидающих приглашений пользователя","timestamp":"2026-03-22 14:11:39","userId":1}
{"level":"info","message":"Получение заданий для пользователя ID: 1","timestamp":"2026-03-22 14:11:39"}
{"level":"info","message":"Получение ожидающих приглашений пользователя","timestamp":"2026-03-22 14:11:39","userId":1}
{"level":"info","message":"Получение заданий для пользователя ID: 1","timestamp":"2026-03-22 14:11:39"}
{"level":"info","message":"Получение ожидающих приглашений пользователя","timestamp":"2026-03-22 14:11:39","userId":1}
{"level":"info","message":"Получение заданий для пользователя ID: 1","timestamp":"2026-03-22 14:11:39"}
{"level":"info","message":"Получение ожидающих приглашений пользователя","timestamp":"2026-03-22 14:11:39","userId":1}
{"assignmentId":53,"level":"info","message":"Получение состава команды проекта","timestamp":"2026-03-22 14:11:39"}
{"level":"info","message":"Получение ожидающих приглашений пользователя","timestamp":"2026-03-22 14:11:39","userId":1}
{"assignmentId":53,"level":"info","message":"Получение состава команды проекта","timestamp":"2026-03-22 14:11:39"}
{"level":"info","message":"Получение ожидающих приглашений пользователя","timestamp":"2026-03-22 14:11:39","userId":1}
{"level":"info","message":"Получение ожидающих приглашений пользователя","timestamp":"2026-03-22 14:11:39","userId":1}
{"level":"info","message":"Получение ожидающих приглашений пользователя","timestamp":"2026-03-22 14:11:39","userId":1}
{"assignmentId":53,"level":"info","message":"Получение состава команды проекта","timestamp":"2026-03-22 14:11:39"}
{"level":"info","message":"Получение ожидающих приглашений пользователя","timestamp":"2026-03-22 14:11:39","userId":1}
{"assignmentId":53,"level":"info","message":"Получение состава команды проекта","timestamp":"2026-03-22 14:11:39"}
