{"level":"error","message":"Cache invalidation failed: redis.invalidateCache is not a function","stack":"TypeError: redis.invalidateCache is not a function\n    at Object.deleteAssignment (/home/democram/Рабочий стол/trello/back/controllers/assignments.js:242:19)\n    at process.processTicksAndRejections (node:internal/process/task_queues:105:5)\n    at async /home/democram/Рабочий стол/trello/back/routes/api.js:411:5","timestamp":"2025-08-08 14:17:56"}
{"creator_id":1,"level":"info","message":"Creating new assignment","timestamp":"2025-08-08 14:18:38","title":"123"}
{"error":"Invalid Description: cannot be empty","inputData":{"creator_id":1,"title":"123"},"level":"error","message":"Failed to create assignment","stack":"Error: Invalid Description: cannot be empty\n    at validateText (/home/democram/Рабочий стол/trello/back/controllers/assignments.js:38:35)\n    at Object.createAssignment (/home/democram/Рабочий стол/trello/back/controllers/assignments.js:148:20)\n    at process.processTicksAndRejections (node:internal/process/task_queues:105:5)\n    at async /home/democram/Рабочий стол/trello/back/routes/api.js:377:27","timestamp":"2025-08-08 14:18:38"}
{"creator_id":1,"level":"info","message":"Creating new assignment","timestamp":"2025-08-08 14:18:43","title":"123"}
{"error":"Invalid Description: cannot be empty","inputData":{"creator_id":1,"title":"123"},"level":"error","message":"Failed to create assignment","stack":"Error: Invalid Description: cannot be empty\n    at validateText (/home/democram/Рабочий стол/trello/back/controllers/assignments.js:38:35)\n    at Object.createAssignment (/home/democram/Рабочий стол/trello/back/controllers/assignments.js:148:20)\n    at process.processTicksAndRejections (node:internal/process/task_queues:105:5)\n    at async /home/democram/Рабочий стол/trello/back/routes/api.js:377:27","timestamp":"2025-08-08 14:18:43"}
{"level":"info","message":"Получение заданий для пользователя ID: 1","timestamp":"2025-08-08 14:22:47"}
{"level":"info","message":"Получение заданий для пользователя ID: 1","timestamp":"2025-08-08 14:22:47"}
{"level":"info","message":"Получение заданий для пользователя ID: 1","timestamp":"2025-08-08 14:22:47"}
{"creator_id":1,"level":"info","message":"Создание нового задания","timestamp":"2025-08-08 14:22:49","title":"123"}
{"error":"Поле Описание не может быть пустым","level":"warn","message":"Ошибка валидации текстового поля: Описание","timestamp":"2025-08-08 14:22:49","value":""}
{"error":"Поле Описание не может быть пустым","inputData":{"creator_id":1,"title":"123"},"level":"error","message":"Ошибка при создании задания","stack":"Error: Поле Описание не может быть пустым\n    at validateText (/home/democram/Рабочий стол/trello/back/controllers/assignments.js:75:19)\n    at Object.createAssignment (/home/democram/Рабочий стол/trello/back/controllers/assignments.js:213:26)\n    at process.processTicksAndRejections (node:internal/process/task_queues:105:5)\n    at async /home/democram/Рабочий стол/trello/back/routes/api.js:377:27","timestamp":"2025-08-08 14:22:49"}
{"creator_id":1,"level":"info","message":"Создание нового задания","timestamp":"2025-08-08 14:24:45","title":"123"}
{"assignmentId":30,"level":"info","message":"Задание успешно создано","timestamp":"2025-08-08 14:24:45","title":"123..."}
{"level":"info","message":"Получение заданий для пользователя ID: 1","timestamp":"2025-08-08 14:24:45"}
{"assignmentId":30,"level":"info","message":"Удаление задания","timestamp":"2025-08-08 14:24:47"}
{"assignmentId":30,"level":"info","message":"Задание успешно удалено","timestamp":"2025-08-08 14:24:47"}
{"level":"info","message":"Получение заданий для пользователя ID: 1","timestamp":"2025-08-08 14:24:47"}
{"level":"info","message":"Получение заданий для пользователя ID: 1","timestamp":"2025-08-08 14:24:47"}
{"level":"info","message":"Получение заданий для пользователя ID: 1","timestamp":"2025-08-08 14:24:47"}
{"level":"info","message":"Получение заданий для пользователя ID: 1","timestamp":"2025-08-08 14:24:47"}
{"level":"info","message":"Получение заданий для пользователя ID: 1","timestamp":"2025-08-08 14:24:48"}
{"level":"info","message":"Получение заданий для пользователя ID: 1","timestamp":"2025-08-08 14:24:48"}
{"level":"info","message":"Получение заданий для пользователя ID: 1","timestamp":"2025-08-08 14:24:48"}
{"level":"info","message":"Получение заданий для пользователя ID: 1","timestamp":"2025-08-08 14:24:48"}
{"level":"info","message":"Получение заданий для пользователя ID: 1","timestamp":"2025-08-08 14:24:48"}
{"level":"info","message":"Получение заданий для пользователя ID: 1","timestamp":"2025-08-08 14:24:51"}
{"level":"info","message":"Получение заданий для пользователя ID: 1","timestamp":"2025-08-08 14:24:51"}
{"level":"info","message":"Получение заданий для пользователя ID: 1","timestamp":"2025-08-08 14:24:53"}
{"level":"info","message":"Получение заданий для пользователя ID: 1","timestamp":"2025-08-08 14:24:53"}
{"level":"info","message":"Получение заданий для пользователя ID: 1","timestamp":"2025-08-08 14:24:53"}
{"level":"info","message":"Получение заданий для пользователя ID: 1","timestamp":"2025-08-08 14:24:53"}
{"level":"info","message":"Получение заданий для пользователя ID: 1","timestamp":"2025-08-08 14:24:53"}
{"level":"info","message":"Получение заданий для пользователя ID: 1","timestamp":"2025-08-08 14:24:55"}
{"level":"info","message":"Получение заданий для пользователя ID: 1","timestamp":"2025-08-08 14:24:55"}
{"level":"info","message":"Получение заданий для пользователя ID: 1","timestamp":"2025-08-08 14:24:56"}
{"level":"info","message":"Получение заданий для пользователя ID: 1","timestamp":"2025-08-08 14:24:56"}
{"level":"info","message":"Получение заданий для пользователя ID: 1","timestamp":"2025-08-08 14:24:56"}
{"level":"info","message":"Получение заданий для пользователя ID: 1","timestamp":"2025-08-08 14:24:56"}
{"level":"info","message":"Получение заданий для пользователя ID: 1","timestamp":"2025-08-08 14:24:56"}
{"assignmentId":24,"level":"info","message":"Создание задачи в задании","taskTitle":"123@mail.com","timestamp":"2025-08-08 14:25:03"}
{"assignmentId":24,"level":"info","message":"Задача успешно создана","taskId":161,"timestamp":"2025-08-08 14:25:03"}
{"level":"info","message":"Получение заданий для пользователя ID: 1","timestamp":"2025-08-08 14:25:03"}
{"level":"info","message":"Получение заданий для пользователя ID: 1","timestamp":"2025-08-08 14:25:03"}
{"level":"info","message":"Получение заданий для пользователя ID: 1","timestamp":"2025-08-08 14:25:04"}
{"level":"info","message":"Получение заданий для пользователя ID: 1","timestamp":"2025-08-08 14:25:04"}
{"level":"info","message":"Получение заданий для пользователя ID: 1","timestamp":"2025-08-08 14:25:04"}
{"level":"info","message":"Получение заданий для пользователя ID: 1","timestamp":"2025-08-08 14:25:04"}
{"level":"info","message":"Получение заданий для пользователя ID: 1","timestamp":"2025-08-08 14:25:04"}
{"level":"info","message":"Получение заданий для пользователя ID: 1","timestamp":"2025-08-08 14:25:06"}
{"level":"info","message":"Получение заданий для пользователя ID: 1","timestamp":"2025-08-08 14:25:06"}
{"level":"info","message":"Получение заданий для пользователя ID: 1","timestamp":"2025-08-08 14:25:07"}
{"level":"info","message":"Получение заданий для пользователя ID: 1","timestamp":"2025-08-08 14:25:07"}
{"level":"info","message":"Получение заданий для пользователя ID: 1","timestamp":"2025-08-08 14:25:07"}
{"level":"info","message":"Получение заданий для пользователя ID: 1","timestamp":"2025-08-08 14:25:07"}
{"level":"info","message":"Получение заданий для пользователя ID: 1","timestamp":"2025-08-08 14:25:07"}
{"level":"info","message":"Получение заданий для пользователя ID: 1","timestamp":"2025-08-08 14:25:08"}
{"level":"info","message":"Получение заданий для пользователя ID: 1","timestamp":"2025-08-08 14:25:08"}
{"level":"info","message":"Получение заданий для пользователя ID: 1","timestamp":"2025-08-08 14:25:08"}
{"level":"info","message":"Получение заданий для пользователя ID: 1","timestamp":"2025-08-08 14:25:14"}
{"level":"info","message":"Получение заданий для пользователя ID: 1","timestamp":"2025-08-08 14:25:14"}
{"level":"info","message":"Получение заданий для пользователя ID: 1","timestamp":"2025-08-08 14:25:14"}
{"level":"info","message":"Получение заданий для пользователя ID: 1","timestamp":"2025-08-08 14:25:14"}
{"level":"info","message":"Получение заданий для пользователя ID: 1","timestamp":"2025-08-08 14:25:14"}
{"level":"info","message":"Получение заданий для пользователя ID: 1","timestamp":"2025-08-08 14:25:15"}
{"level":"info","message":"Получение заданий для пользователя ID: 1","timestamp":"2025-08-08 14:25:15"}
{"level":"info","message":"Получение заданий для пользователя ID: 1","timestamp":"2025-08-08 14:25:16"}
{"level":"info","message":"Получение заданий для пользователя ID: 1","timestamp":"2025-08-08 14:25:16"}
{"level":"info","message":"Получение заданий для пользователя ID: 1","timestamp":"2025-08-08 14:25:16"}
{"level":"info","message":"Получение заданий для пользователя ID: 1","timestamp":"2025-08-08 14:25:16"}
{"level":"info","message":"Получение заданий для пользователя ID: 1","timestamp":"2025-08-08 14:25:16"}
{"level":"info","message":"Получение заданий для пользователя ID: 1","timestamp":"2025-08-08 14:25:17"}
{"level":"info","message":"Получение заданий для пользователя ID: 1","timestamp":"2025-08-08 14:25:17"}
{"level":"info","message":"Получение заданий для пользователя ID: 1","timestamp":"2025-08-08 14:25:17"}
{"level":"info","message":"Получение заданий для пользователя ID: 1","timestamp":"2025-08-08 14:37:08"}
{"level":"info","message":"Получение заданий для пользователя ID: 1","timestamp":"2025-08-08 14:37:08"}
{"level":"info","message":"Получение заданий для пользователя ID: 1","timestamp":"2025-08-08 14:37:08"}
{"level":"info","message":"Получение заданий для пользователя ID: 1","timestamp":"2025-08-08 14:37:09"}
{"level":"info","message":"Получение заданий для пользователя ID: 1","timestamp":"2025-08-08 14:37:09"}
{"assignmentId":19,"level":"info","message":"Создание задачи в задании","taskTitle":"123@mail.com","timestamp":"2025-08-08 14:37:17"}
{"assignmentId":19,"level":"info","message":"Задача успешно создана","taskId":162,"timestamp":"2025-08-08 14:37:17"}
{"level":"info","message":"Получение заданий для пользователя ID: 1","timestamp":"2025-08-08 14:37:17"}
{"level":"info","message":"Получение заданий для пользователя ID: 1","timestamp":"2025-08-08 14:37:17"}
{"level":"info","message":"Получение заданий для пользователя ID: 1","timestamp":"2025-08-08 14:37:19"}
{"level":"info","message":"Получение заданий для пользователя ID: 1","timestamp":"2025-08-08 14:37:19"}
{"level":"info","message":"Получение заданий для пользователя ID: 1","timestamp":"2025-08-08 14:37:19"}
{"level":"info","message":"Получение заданий для пользователя ID: 1","timestamp":"2025-08-08 14:37:19"}
{"level":"info","message":"Получение заданий для пользователя ID: 1","timestamp":"2025-08-08 14:37:19"}
{"level":"info","message":"Получение заданий для пользователя ID: 1","timestamp":"2025-08-08 14:39:18"}
{"level":"info","message":"Получение заданий для пользователя ID: 1","timestamp":"2025-08-08 14:39:18"}
{"level":"info","message":"Получение заданий для пользователя ID: 1","timestamp":"2025-08-08 14:39:18"}
{"level":"info","message":"Получение заданий для пользователя ID: 1","timestamp":"2025-08-08 14:39:18"}
{"level":"info","message":"Получение заданий для пользователя ID: 1","timestamp":"2025-08-08 14:39:18"}
{"level":"info","message":"Получение заданий для пользователя ID: 1","timestamp":"2025-08-08 14:39:41"}
{"level":"info","message":"Получение заданий для пользователя ID: 1","timestamp":"2025-08-08 14:39:41"}
{"level":"info","message":"Получение заданий для пользователя ID: 1","timestamp":"2025-08-08 14:39:41"}
{"level":"info","message":"Получение заданий для пользователя ID: 1","timestamp":"2025-08-08 14:39:46"}
{"level":"info","message":"Получение заданий для пользователя ID: 1","timestamp":"2025-08-08 14:39:46"}
{"level":"info","message":"Получение заданий для пользователя ID: 1","timestamp":"2025-08-08 14:39:46"}
{"level":"info","message":"Получение заданий для пользователя ID: 1","timestamp":"2025-08-08 14:39:46"}
{"level":"info","message":"Получение заданий для пользователя ID: 1","timestamp":"2025-08-08 14:39:46"}
{"assignmentId":24,"level":"info","message":"Создание задачи в задании","taskTitle":"123","timestamp":"2025-08-08 14:39:58"}
{"assignmentId":24,"level":"info","message":"Задача успешно создана","taskId":163,"timestamp":"2025-08-08 14:39:58"}
{"level":"info","message":"Получение заданий для пользователя ID: 1","timestamp":"2025-08-08 14:39:58"}
{"level":"info","message":"Получение заданий для пользователя ID: 1","timestamp":"2025-08-08 14:39:58"}
{"level":"info","message":"Получение заданий для пользователя ID: 1","timestamp":"2025-08-08 14:40:01"}
{"level":"info","message":"Получение заданий для пользователя ID: 1","timestamp":"2025-08-08 14:40:01"}
{"level":"info","message":"Получение заданий для пользователя ID: 1","timestamp":"2025-08-08 14:40:01"}
{"level":"info","message":"Получение заданий для пользователя ID: 1","timestamp":"2025-08-08 14:40:01"}
{"level":"info","message":"Получение заданий для пользователя ID: 1","timestamp":"2025-08-08 14:40:01"}
{"level":"info","message":"Получение заданий для пользователя ID: 1","timestamp":"2025-08-08 14:40:02"}
{"level":"info","message":"Получение заданий для пользователя ID: 1","timestamp":"2025-08-08 14:40:02"}
{"level":"info","message":"Получение заданий для пользователя ID: 1","timestamp":"2025-08-08 14:40:03"}
{"level":"info","message":"Получение заданий для пользователя ID: 1","timestamp":"2025-08-08 14:40:03"}
{"level":"info","message":"Получение заданий для пользователя ID: 1","timestamp":"2025-08-08 14:40:03"}
{"level":"info","message":"Получение заданий для пользователя ID: 1","timestamp":"2025-08-08 14:40:03"}
{"level":"info","message":"Получение заданий для пользователя ID: 1","timestamp":"2025-08-08 14:40:03"}
{"level":"info","message":"Получение заданий для пользователя ID: 1","timestamp":"2025-08-08 14:40:05"}
{"level":"info","message":"Получение заданий для пользователя ID: 1","timestamp":"2025-08-08 14:40:05"}
{"level":"info","message":"Получение заданий для пользователя ID: 1","timestamp":"2025-08-08 14:40:06"}
{"level":"info","message":"Получение заданий для пользователя ID: 1","timestamp":"2025-08-08 14:40:06"}
{"level":"info","message":"Получение заданий для пользователя ID: 1","timestamp":"2025-08-08 14:40:06"}
{"level":"info","message":"Получение заданий для пользователя ID: 1","timestamp":"2025-08-08 14:40:06"}
{"level":"info","message":"Получение заданий для пользователя ID: 1","timestamp":"2025-08-08 14:40:06"}
{"assignmentId":24,"level":"info","message":"Создание задачи в задании","taskTitle":"123","timestamp":"2025-08-08 14:40:47"}
{"assignmentId":24,"level":"info","message":"Задача успешно создана","taskId":164,"timestamp":"2025-08-08 14:40:47"}
{"level":"info","message":"Получение заданий для пользователя ID: 1","timestamp":"2025-08-08 14:40:47"}
{"level":"info","message":"Получение заданий для пользователя ID: 1","timestamp":"2025-08-08 14:40:47"}
{"level":"info","message":"Получение заданий для пользователя ID: 1","timestamp":"2025-08-08 14:40:47"}
{"level":"info","message":"Получение заданий для пользователя ID: 1","timestamp":"2025-08-08 14:40:47"}
{"level":"info","message":"Получение заданий для пользователя ID: 1","timestamp":"2025-08-08 14:40:47"}
{"level":"info","message":"Получение заданий для пользователя ID: 1","timestamp":"2025-08-08 14:40:48"}
{"level":"info","message":"Получение заданий для пользователя ID: 1","timestamp":"2025-08-08 14:40:48"}
{"level":"info","message":"Получение заданий для пользователя ID: 1","timestamp":"2025-08-08 14:40:48"}
{"level":"info","message":"Получение заданий для пользователя ID: 1","timestamp":"2025-08-08 14:40:48"}
{"level":"info","message":"Получение заданий для пользователя ID: 1","timestamp":"2025-08-08 14:40:48"}
{"level":"info","message":"Получение заданий для пользователя ID: 2","timestamp":"2025-08-08 14:41:02"}
{"level":"info","message":"Получение заданий для пользователя ID: 2","timestamp":"2025-08-08 14:41:02"}
{"level":"info","message":"Получение заданий для пользователя ID: 2","timestamp":"2025-08-08 14:41:02"}
{"level":"info","message":"Получение заданий для пользователя ID: 2","timestamp":"2025-08-08 14:41:02"}
{"level":"info","message":"Получение заданий для пользователя ID: 2","timestamp":"2025-08-08 14:41:02"}
{"level":"info","message":"Получение заданий для пользователя ID: 2","timestamp":"2025-08-08 14:41:04"}
{"level":"info","message":"Получение заданий для пользователя ID: 2","timestamp":"2025-08-08 14:41:04"}
{"level":"info","message":"Получение заданий для пользователя ID: 2","timestamp":"2025-08-08 14:41:04"}
{"level":"info","message":"Получение заданий для пользователя ID: 2","timestamp":"2025-08-08 14:41:08"}
{"level":"info","message":"Получение заданий для пользователя ID: 2","timestamp":"2025-08-08 14:41:08"}
{"level":"info","message":"Получение заданий для пользователя ID: 2","timestamp":"2025-08-08 14:41:08"}
{"level":"info","message":"Получение заданий для пользователя ID: 2","timestamp":"2025-08-08 14:41:08"}
{"level":"info","message":"Получение заданий для пользователя ID: 2","timestamp":"2025-08-08 14:41:08"}
{"level":"info","message":"Получение заданий для пользователя ID: 2","timestamp":"2025-08-08 14:41:10"}
{"level":"info","message":"Получение заданий для пользователя ID: 2","timestamp":"2025-08-08 14:41:10"}
{"level":"info","message":"Получение заданий для пользователя ID: 2","timestamp":"2025-08-08 14:41:10"}
{"level":"info","message":"Получение заданий для пользователя ID: 2","timestamp":"2025-08-08 14:41:10"}
{"level":"info","message":"Получение заданий для пользователя ID: 2","timestamp":"2025-08-08 14:41:10"}
{"level":"info","message":"Получение заданий для пользователя ID: 2","timestamp":"2025-08-08 14:43:10"}
{"level":"info","message":"Получение заданий для пользователя ID: 2","timestamp":"2025-08-08 14:43:10"}
{"level":"info","message":"Получение заданий для пользователя ID: 2","timestamp":"2025-08-08 14:43:10"}
{"level":"info","message":"Получение заданий для пользователя ID: 2","timestamp":"2025-08-08 14:45:11"}
{"level":"info","message":"Получение заданий для пользователя ID: 2","timestamp":"2025-08-08 14:45:11"}
{"level":"info","message":"Получение заданий для пользователя ID: 2","timestamp":"2025-08-08 14:45:11"}
{"level":"info","message":"Получение заданий для пользователя ID: 2","timestamp":"2025-08-08 14:45:54"}
{"level":"info","message":"Получение заданий для пользователя ID: 2","timestamp":"2025-08-08 14:45:54"}
{"level":"info","message":"Получение заданий для пользователя ID: 2","timestamp":"2025-08-08 14:45:54"}
{"level":"info","message":"Получение заданий для пользователя ID: 2","timestamp":"2025-08-08 14:45:54"}
{"level":"info","message":"Получение заданий для пользователя ID: 2","timestamp":"2025-08-08 14:45:55"}
{"level":"info","message":"Получение заданий для пользователя ID: 2","timestamp":"2025-08-08 14:45:55"}
{"level":"info","message":"Получение заданий для пользователя ID: 2","timestamp":"2025-08-08 14:45:55"}
{"level":"info","message":"Получение заданий для пользователя ID: 2","timestamp":"2025-08-08 14:45:55"}
{"level":"info","message":"Получение заданий для пользователя ID: 2","timestamp":"2025-08-08 14:45:55"}
{"level":"info","message":"Получение заданий для пользователя ID: 2","timestamp":"2025-08-08 14:45:55"}
{"level":"info","message":"Получение заданий для пользователя ID: 2","timestamp":"2025-08-08 14:45:57"}
{"level":"info","message":"Получение заданий для пользователя ID: 2","timestamp":"2025-08-08 14:45:57"}
{"level":"info","message":"Получение заданий для пользователя ID: 2","timestamp":"2025-08-08 14:45:57"}
{"level":"info","message":"Получение заданий для пользователя ID: 2","timestamp":"2025-08-08 14:45:57"}
{"level":"info","message":"Получение заданий для пользователя ID: 2","timestamp":"2025-08-08 14:45:57"}
{"level":"info","message":"Получение заданий для пользователя ID: 2","timestamp":"2025-08-08 14:47:58"}
{"level":"info","message":"Получение заданий для пользователя ID: 2","timestamp":"2025-08-08 14:47:58"}
{"level":"info","message":"Получение заданий для пользователя ID: 2","timestamp":"2025-08-08 14:47:58"}
{"level":"info","message":"Получение заданий для пользователя ID: 2","timestamp":"2025-08-08 14:49:59"}
{"level":"info","message":"Получение заданий для пользователя ID: 2","timestamp":"2025-08-08 14:49:59"}
{"level":"info","message":"Получение заданий для пользователя ID: 2","timestamp":"2025-08-08 14:49:59"}
{"level":"info","message":"Получение заданий для пользователя ID: 2","timestamp":"2025-08-08 14:50:51"}
{"level":"info","message":"Получение заданий для пользователя ID: 2","timestamp":"2025-08-08 14:50:51"}
{"level":"info","message":"Получение заданий для пользователя ID: 2","timestamp":"2025-08-08 14:50:51"}
{"level":"info","message":"Получение заданий для пользователя ID: 2","timestamp":"2025-08-08 14:50:51"}
{"level":"info","message":"Получение заданий для пользователя ID: 2","timestamp":"2025-08-08 14:50:51"}
{"level":"info","message":"Получение заданий для пользователя ID: 2","timestamp":"2025-08-08 14:50:53"}
{"level":"info","message":"Получение заданий для пользователя ID: 2","timestamp":"2025-08-08 14:50:53"}
{"level":"info","message":"Получение заданий для пользователя ID: 2","timestamp":"2025-08-08 14:50:53"}
{"level":"info","message":"Получение заданий для пользователя ID: 2","timestamp":"2025-08-08 14:50:54"}
{"level":"info","message":"Получение заданий для пользователя ID: 2","timestamp":"2025-08-08 14:50:54"}
{"level":"info","message":"Получение заданий для пользователя ID: 2","timestamp":"2025-08-08 14:50:54"}
{"level":"info","message":"Получение заданий для пользователя ID: 2","timestamp":"2025-08-08 14:50:54"}
{"level":"info","message":"Получение заданий для пользователя ID: 2","timestamp":"2025-08-08 14:50:54"}
{"level":"info","message":"Получение заданий для пользователя ID: 2","timestamp":"2025-08-08 14:51:27"}
{"level":"info","message":"Получение заданий для пользователя ID: 2","timestamp":"2025-08-08 14:51:27"}
{"level":"info","message":"Получение заданий для пользователя ID: 2","timestamp":"2025-08-08 14:51:27"}
{"level":"info","message":"Получение заданий для пользователя ID: 2","timestamp":"2025-08-08 14:51:27"}
{"level":"info","message":"Получение заданий для пользователя ID: 2","timestamp":"2025-08-08 14:51:27"}
